LTspice 26.0.1 for Windows
Circuit: D:\git\RZS_Repository\所有板子完整仿真\仿真\ebs_watchdog_fault_matrix.cir
Start Time: Sun Jul 12 21:38:22 2026
Options:plotwinsize=0

.step case=0
solver = Normal
Maximum thread count: 16
tnom = 27
temp = 27
method = trap
Direct Newton iteration succeeded in finding operating point.

.step case=1
Direct Newton iteration succeeded in finding operating point.

.step case=2
Direct Newton iteration succeeded in finding operating point.

.step case=3
Direct Newton iteration succeeded in finding operating point.

.step case=4
Direct Newton iteration succeeded in finding operating point.

.step case=5
Direct Newton iteration succeeded in finding operating point.

.step case=6
Direct Newton iteration succeeded in finding operating point.

.step case=7
Direct Newton iteration succeeded in finding operating point.

.step case=8
Direct Newton iteration succeeded in finding operating point.
Total elapsed time: 0.268 seconds.

Files loaded:
D:\git\RZS_Repository\所有板子完整仿真\仿真\ebs_watchdog_fault_matrix.cir


Measurement: work
  step	V(ebs_work) 	at
     1	24	0.0005
     2	0	0.0005
     3	0	0.0005
     4	24	0.0005
     5	0	0.0005
     6	0	0.0005
     7	24	0.0005
     8	24	0.0005
     9	24	0.0005

Measurement: sdcout
  step	V(sdc_out) 	at
     1	24	0.0005
     2	24	0.0005
     3	24	0.0005
     4	24	0.0005
     5	24	0.0005
     6	0	0.0005
     7	0	0.0005
     8	24	0.0005
     9	24	0.0005

Measurement: check
  step	V(ebs_check) 	at
     1	12	0.0005
     2	0	0.0005
     3	0	0.0005
     4	0	0.0005
     5	0	0.0005
     6	0	0.0005
     7	0	0.0005
     8	12	0.0005
     9	12	0.0005
