LTspice 26.0.1 for Windows
Circuit: D:\git\RZS_Repository\所有板子完整仿真\仿真\lock_scs_timing.cir
Start Time: Sun Jul 12 21:17:06 2026
Options:plotwinsize=0

.step corner=0
solver = Normal
Maximum thread count: 16
tnom = 27
temp = 27
method = trap
Per .tran options, skipping operating point for transient analysis.

.step corner=1

.step corner=2
Total elapsed time: 4.384 seconds.

Files loaded:
D:\git\RZS_Repository\所有板子完整仿真\仿真\lock_scs_timing.cir
D:\git\RZS_Repository\所有板子完整仿真\仿真\models\functional_models.lib


Measurement: imd_latched
  step	V(sc_out) 	at
     1	0	0.5
     2	0	0.5
     3	0	0.5

Measurement: imd_reset_ok
  step	V(sc_out) 	at
     1	24	0.75
     2	24	0.75
     3	24	0.75

Measurement: bms_latched
  step	V(sc_out) 	at
     1	0	1.1
     2	0	1.1
     3	0	1.1

Measurement: bms_reset_ok
  step	V(sc_out) 	at
     1	24	1.35
     2	24	1.35
     3	24	1.35

Measurement: ebs_latched
  step	V(sc_out) 	at
     1	0	1.7
     2	0	1.7
     3	0	1.7

Measurement: ebs_reset_ok
  step	V(sc_out) 	at
     1	24	1.95
     2	24	1.95
     3	24	1.95

Measurement: res_latched
  step	V(sc_out) 	at
     1	0	2.3
     2	0	2.3
     3	0	2.3

Measurement: res_reset_ok
  step	V(sc_out) 	at
     1	24	2.75
     2	24	2.75
     3	24	2.75

Measurement: imd_led_state
  step	V(imd_state) 	at
     1	-0.237150919023	0.5
     2	-0.237150919023	0.5
     3	-0.237150919023	0.5

Measurement: bms_led_state
  step	V(bms_state) 	at
     1	-0.237140017252	1.1
     2	-0.237140017252	1.1
     3	-0.237140017252	1.1

Measurement: re_led_state
  step	V(re_state) 	at
     1	-0.237140019425	2.3
     2	-0.237140019425	2.3
     3	-0.237140019425	2.3
