LTspice 26.0.1 for Windows
Circuit: D:\git\RZS_Repository\所有板子完整仿真\仿真\powerup_simultaneous_noise.cir
Start Time: Sun Jul 12 21:30:28 2026
Options:plotwinsize=0 reltol=.002

.step corner=0
solver = Normal
Maximum thread count: 16
tnom = 27
temp = 27
method = trap
reltol = 0.002
Direct Newton iteration succeeded in finding operating point.

.step corner=1
Direct Newton iteration succeeded in finding operating point.

.step corner=2
Direct Newton iteration succeeded in finding operating point.
Total elapsed time: 7.296 seconds.

Files loaded:
D:\git\RZS_Repository\所有板子完整仿真\仿真\powerup_simultaneous_noise.cir
D:\git\RZS_Repository\所有板子完整仿真\仿真\models\functional_models.lib


Measurement: max_oil_noise
  step	MAX(V(oil_pin) )	FROM	TO
     1	0.689993321896	0.005	0.2
     2	0.690013051033	0.005	0.2
     3	0.689950168133	0.005	0.2

Measurement: max_current_noise
  step	MAX(V(current_pin) )	FROM	TO
     1	0.669881880283	0.005	0.2
     2	0.669821858406	0.005	0.2
     3	0.669863700867	0.005	0.2

Measurement: max_false_conflict
  step	MAX(V(conflict) )	FROM	TO
     1	0	0.005	0.2
     2	0	0.005	0.2
     3	0	0.005	0.2

Measurement: sc_before_rail_valid
  step	V(sc_closed) 	at
     1	0	0.006
     2	0	0.006
     3	0	0.006

Measurement: sc_after_settle
  step	V(sc_closed) 	at
     1	5	0.1
     2	5	0.1
     3	5	0.1

Measurement: ebs_before_rail_valid
  step	V(ebs_work) 	at
     1	0	0.006
     2	0	0.006
     3	0	0.006

Measurement: ebs_after_settle
  step	V(ebs_work) 	at
     1	24	0.1
     2	24	0.1
     3	24	0.1
