LTspice 26.0.1 for Windows
Circuit: D:\git\RZS_Repository\所有板子完整仿真\仿真\powerup_rule_sequence.cir
Start Time: Sun Jul 12 21:26:06 2026
Options:plotwinsize=0
solver = Normal
Maximum thread count: 16
tnom = 27
temp = 27
method = trap
.OP point found by inspection.
.OP point found by inspection.
Total elapsed time: 0.801 seconds.

Files loaded:
D:\git\RZS_Repository\所有板子完整仿真\仿真\powerup_rule_sequence.cir
D:\git\RZS_Repository\所有板子完整仿真\仿真\models\functional_models.lib

ts_when_only_tsms: V(ts_voltage) =0 at 1
ts_when_only_lvms: V(ts_voltage) =0 at 4
green_lv_only: V(green_on) =5 at 4
self_test_1s: V(self_test) =5 at 3
pre_before_air2: V(precharge) =5 at 7.2
air2_before_precharge_done: V(air2) =0 at 7.2
ts_after_activation: V(ts_voltage) =400 at 8
red_after_activation: V(red_on) =5 at 8.1
