LTspice 26.0.1 for Windows
Circuit: D:\git\RZS_Repository\所有板子完整仿真\仿真\tsal_rule_timing.cir
Start Time: Sun Jul 12 21:19:12 2026
Options:plotwinsize=0

.step corner=0
solver = Normal
Maximum thread count: 16
tnom = 27
temp = 27
method = trap
Direct Newton iteration succeeded in finding operating point.

.step corner=1
Direct Newton iteration succeeded in finding operating point.

.step corner=2
Direct Newton iteration succeeded in finding operating point.
Total elapsed time: 0.326 seconds.

Files loaded:
D:\git\RZS_Repository\所有板子完整仿真\仿真\tsal_rule_timing.cir
D:\git\RZS_Repository\所有板子完整仿真\仿真\models\functional_models.lib


Measurement: rise2
  step	V(red_on)=2.5 
     1	0.3603605
     2	0.26045762
     3	0.47417882

Measurement: rise3
  step	V(red_on)=2.5 
     1	0.720720625
     2	0.520914865
     3	0.948357265

Measurement: fall2
  step	V(red_on)=2.5 
     1	0.547471625
     2	0.39617574
     3	0.719668265

Measurement: blink_period
  step	rise3-rise2
     1	0.360360125
     2	0.260457245
     3	0.474178445

Measurement: blink_frequency
  step	1/(rise3-rise2)
     1	2.77500181242
     2	3.83940174135
     3	2.10891070766

Measurement: blink_duty
  step	100*(fall2-rise2)/(rise3-rise2)
     1	51.9233711
     2	52.1076386261
     3	51.7715319177

Measurement: red_unsafe
  step	V(red_on) 	at
     1	5	0.1
     2	5	0.1
     3	5	0.1

Measurement: green_unsafe
  step	V(green_on) 	at
     1	0	0.1
     2	0	0.1
     3	0	0.1

Measurement: green_safe
  step	V(green_on) 	at
     1	5	2
     2	5	2
     3	5	2

Measurement: green_stuck_contact
  step	V(green_on) 	at
     1	0	2.4
     2	0	2.4
     3	0	2.4

Measurement: relays_open_safe
  step	V(relays_open) 	at
     1	5	2
     2	5	2
     3	5	2

Measurement: relays_open_stuck
  step	V(relays_open) 	at
     1	0	2.4
     2	0	2.4
     3	0	2.4

Measurement: disconnect_latched
  step	V(rel_fault_set) 	at
     1	5	2.8
     2	5	2.8
     3	5	2.8
