Archive member included to satisfy reference by file (symbol)

D:/S32DS/S32DS/build_tools/gcc_v6.3/gcc-6.3-arm32-eabi/arm-none-eabi/newlib/lib/thumb/v7e-m/fpv4-sp/hard\libm.a(lib_a-s_floor.o)
                              ./rzs10thnew2021b/2021b/rzs10thnew2021b_ert_rtw/rzs10thnew2021b.o (floor)
D:/S32DS/S32DS/build_tools/gcc_v6.3/gcc-6.3-arm32-eabi/arm-none-eabi/newlib/lib/thumb/v7e-m/fpv4-sp/hard\libm.a(lib_a-s_ldexp.o)
                              ./rzs10thnew2021b/2021b/rzs10thnew2021b_ert_rtw/rzs10thnew2021b.o (ldexp)
D:/S32DS/S32DS/build_tools/gcc_v6.3/gcc-6.3-arm32-eabi/arm-none-eabi/newlib/lib/thumb/v7e-m/fpv4-sp/hard\libm.a(lib_a-s_scalbn.o)
                              D:/S32DS/S32DS/build_tools/gcc_v6.3/gcc-6.3-arm32-eabi/arm-none-eabi/newlib/lib/thumb/v7e-m/fpv4-sp/hard\libm.a(lib_a-s_ldexp.o) (scalbn)
D:/S32DS/S32DS/build_tools/gcc_v6.3/gcc-6.3-arm32-eabi/arm-none-eabi/newlib/lib/thumb/v7e-m/fpv4-sp/hard\libm.a(lib_a-s_sin.o)
                              ./rzs10thnew2021b/2021b/rzs10thnew2021b_ert_rtw/rzs10thnew2021b.o (sin)
D:/S32DS/S32DS/build_tools/gcc_v6.3/gcc-6.3-arm32-eabi/arm-none-eabi/newlib/lib/thumb/v7e-m/fpv4-sp/hard\libm.a(lib_a-w_fmod.o)
                              ./rzs10thnew2021b/2021b/rzs10thnew2021b_ert_rtw/rzs10thnew2021b.o (fmod)
D:/S32DS/S32DS/build_tools/gcc_v6.3/gcc-6.3-arm32-eabi/arm-none-eabi/newlib/lib/thumb/v7e-m/fpv4-sp/hard\libm.a(lib_a-e_fmod.o)
                              D:/S32DS/S32DS/build_tools/gcc_v6.3/gcc-6.3-arm32-eabi/arm-none-eabi/newlib/lib/thumb/v7e-m/fpv4-sp/hard\libm.a(lib_a-w_fmod.o) (__ieee754_fmod)
D:/S32DS/S32DS/build_tools/gcc_v6.3/gcc-6.3-arm32-eabi/arm-none-eabi/newlib/lib/thumb/v7e-m/fpv4-sp/hard\libm.a(lib_a-e_rem_pio2.o)
                              D:/S32DS/S32DS/build_tools/gcc_v6.3/gcc-6.3-arm32-eabi/arm-none-eabi/newlib/lib/thumb/v7e-m/fpv4-sp/hard\libm.a(lib_a-s_sin.o) (__ieee754_rem_pio2)
D:/S32DS/S32DS/build_tools/gcc_v6.3/gcc-6.3-arm32-eabi/arm-none-eabi/newlib/lib/thumb/v7e-m/fpv4-sp/hard\libm.a(lib_a-k_cos.o)
                              D:/S32DS/S32DS/build_tools/gcc_v6.3/gcc-6.3-arm32-eabi/arm-none-eabi/newlib/lib/thumb/v7e-m/fpv4-sp/hard\libm.a(lib_a-s_sin.o) (__kernel_cos)
D:/S32DS/S32DS/build_tools/gcc_v6.3/gcc-6.3-arm32-eabi/arm-none-eabi/newlib/lib/thumb/v7e-m/fpv4-sp/hard\libm.a(lib_a-k_rem_pio2.o)
                              D:/S32DS/S32DS/build_tools/gcc_v6.3/gcc-6.3-arm32-eabi/arm-none-eabi/newlib/lib/thumb/v7e-m/fpv4-sp/hard\libm.a(lib_a-e_rem_pio2.o) (__kernel_rem_pio2)
D:/S32DS/S32DS/build_tools/gcc_v6.3/gcc-6.3-arm32-eabi/arm-none-eabi/newlib/lib/thumb/v7e-m/fpv4-sp/hard\libm.a(lib_a-k_sin.o)
                              D:/S32DS/S32DS/build_tools/gcc_v6.3/gcc-6.3-arm32-eabi/arm-none-eabi/newlib/lib/thumb/v7e-m/fpv4-sp/hard\libm.a(lib_a-s_sin.o) (__kernel_sin)
D:/S32DS/S32DS/build_tools/gcc_v6.3/gcc-6.3-arm32-eabi/arm-none-eabi/newlib/lib/thumb/v7e-m/fpv4-sp/hard\libm.a(lib_a-s_copysign.o)
                              D:/S32DS/S32DS/build_tools/gcc_v6.3/gcc-6.3-arm32-eabi/arm-none-eabi/newlib/lib/thumb/v7e-m/fpv4-sp/hard\libm.a(lib_a-s_scalbn.o) (copysign)
D:/S32DS/S32DS/build_tools/gcc_v6.3/gcc-6.3-arm32-eabi/arm-none-eabi/newlib/lib/thumb/v7e-m/fpv4-sp/hard\libm.a(lib_a-s_fabs.o)
                              D:/S32DS/S32DS/build_tools/gcc_v6.3/gcc-6.3-arm32-eabi/arm-none-eabi/newlib/lib/thumb/v7e-m/fpv4-sp/hard\libm.a(lib_a-e_rem_pio2.o) (fabs)
D:/S32DS/S32DS/build_tools/gcc_v6.3/gcc-6.3-arm32-eabi/arm-none-eabi/newlib/lib/thumb/v7e-m/fpv4-sp/hard\libm.a(lib_a-s_finite.o)
                              D:/S32DS/S32DS/build_tools/gcc_v6.3/gcc-6.3-arm32-eabi/arm-none-eabi/newlib/lib/thumb/v7e-m/fpv4-sp/hard\libm.a(lib_a-s_ldexp.o) (finite)
D:/S32DS/S32DS/build_tools/gcc_v6.3/gcc-6.3-arm32-eabi/arm-none-eabi/newlib/lib/thumb/v7e-m/fpv4-sp/hard\libm.a(lib_a-s_lib_ver.o)
                              D:/S32DS/S32DS/build_tools/gcc_v6.3/gcc-6.3-arm32-eabi/arm-none-eabi/newlib/lib/thumb/v7e-m/fpv4-sp/hard\libm.a(lib_a-w_fmod.o) (__fdlib_version)
D:/S32DS/S32DS/build_tools/gcc_v6.3/gcc-6.3-arm32-eabi/arm-none-eabi/newlib/lib/thumb/v7e-m/fpv4-sp/hard\libm.a(lib_a-s_matherr.o)
                              D:/S32DS/S32DS/build_tools/gcc_v6.3/gcc-6.3-arm32-eabi/arm-none-eabi/newlib/lib/thumb/v7e-m/fpv4-sp/hard\libm.a(lib_a-w_fmod.o) (matherr)
d:/s32ds/s32ds/build_tools/gcc_v6.3/gcc-6.3-arm32-eabi/bin/../lib/gcc/arm-none-eabi/6.3.1/thumb/v7e-m/fpv4-sp/hard\libgcc.a(_arm_addsubdf3.o)
                              ./rzs10thnew2021b/2021b/rzs10thnew2021b_ert_rtw/rzs10thnew2021b.o (__aeabi_dsub)
d:/s32ds/s32ds/build_tools/gcc_v6.3/gcc-6.3-arm32-eabi/bin/../lib/gcc/arm-none-eabi/6.3.1/thumb/v7e-m/fpv4-sp/hard\libgcc.a(_arm_muldivdf3.o)
                              ./rzs10thnew2021b/2021b/rzs10thnew2021b_ert_rtw/rzs10thnew2021b.o (__aeabi_dmul)
d:/s32ds/s32ds/build_tools/gcc_v6.3/gcc-6.3-arm32-eabi/bin/../lib/gcc/arm-none-eabi/6.3.1/thumb/v7e-m/fpv4-sp/hard\libgcc.a(_arm_cmpdf2.o)
[...]
Memory Configuration

Name             Origin             Length             Attributes
m_interrupts     0x00020000         0x00000400         xr
m_flash_config   0x00020400         0x00000010         xr
m_text           0x00020410         0x00040000         xr
m_data           0x1ffe0000         0x00020000         rw
m_data_2         0x20000000         0x0001eff0         rw
appup_boot_flag  0x2001eff0         0x00000010         rw
*default*        0x00000000         0xffffffff

Linker script and memory map

LOAD d:/s32ds/s32ds/build_tools/gcc_v6.3/gcc-6.3-arm32-eabi/bin/../lib/gcc/arm-none-eabi/6.3.1/thumb/v7e-m/fpv4-sp/hard/crti.o
LOAD d:/s32ds/s32ds/build_tools/gcc_v6.3/gcc-6.3-arm32-eabi/bin/../lib/gcc/arm-none-eabi/6.3.1/thumb/v7e-m/fpv4-sp/hard/crtbegin.o
LOAD D:/S32DS/S32DS/build_tools/gcc_v6.3/gcc-6.3-arm32-eabi/arm-none-eabi/newlib/lib/thumb/v7e-m/fpv4-sp/hard/crt0.o
LOAD ./Generated_Code/Cpu.o
LOAD ./Generated_Code/Flash1.o
LOAD ./Generated_Code/adc0.o
LOAD ./Generated_Code/can0.o
LOAD ./Generated_Code/can1.o
LOAD ./Generated_Code/can2.o
LOAD ./Generated_Code/clockMan1.o
LOAD ./Generated_Code/dmaController1.o
LOAD ./Generated_Code/flexio_uart_rx.o
LOAD ./Generated_Code/flexio_uart_tx.o
LOAD ./Generated_Code/i2c0_ads15.o
LOAD ./Generated_Code/i2c1_at24c.o
LOAD ./Generated_Code/pin_mux.o
LOAD ./Generated_Code/pwm1_ucc27.o
LOAD ./Generated_Code/pwm5.o
LOAD ./Generated_Code/pwm6_tlf35.o
LOAD ./Generated_Code/pwrMan1.o
LOAD ./Generated_Code/spi0_tlf35.o
LOAD ./Generated_Code/spi1_max318.o
LOAD ./Generated_Code/spi2_mc338.o
LOAD ./Generated_Code/uart0_iot.o
LOAD ./Generated_Code/uart1_jy60.o
LOAD ./Generated_Code/uart2_sbus.o
LOAD ./ImpCode/bsp/base/bsp_adc.o
LOAD ./ImpCode/bsp/base/bsp_ads1115.o
LOAD ./ImpCode/bsp/base/bsp_adsch8.o
LOAD ./ImpCode/bsp/base/bsp_at24c256.o
LOAD ./ImpCode/bsp/base/bsp_bootld.o
LOAD ./ImpCode/bsp/base/bsp_max31865.o
LOAD ./ImpCode/bsp/base/bsp_mc33879.o
LOAD ./ImpCode/bsp/base/bsp_pflash.o
LOAD ./ImpCode/bsp/base/bsp_pin.o
LOAD ./ImpCode/bsp/base/bsp_tlf35584.o
LOAD ./ImpCode/bsp/base/bsp_ucc27517.o
LOAD ./ImpCode/bsp/com/bsp_can0.o
LOAD ./ImpCode/bsp/com/bsp_can1.o
LOAD ./ImpCode/bsp/com/bsp_can2.o
LOAD ./ImpCode/bsp/com/bsp_net.o
LOAD ./ImpCode/bsp/com/bsp_uart.o
LOAD ./ImpCode/bsp/com/bsp_uart_iot.o
LOAD ./ImpCode/bsp/com/bsp_uart_jy60.o
LOAD ./ImpCode/bsp/com/bsp_uart_sbus.o
LOAD ./ImpCode/interface/CAN_Node.o
LOAD ./ImpCode/os/os_task.o
LOAD ./ImpCode/os/os_task_CanOut.o
LOAD ./ImpCode/os/os_task_CoreApp.o
LOAD ./ImpCode/os/os_task_Debug.o
LOAD ./ImpCode/os/os_task_VcuCtrl.o
LOAD ./ImpCode/os/os_task_getComIn.o
LOAD ./ImpCode/os/os_task_getIn.o
LOAD ./Project_Settings/Startup_Code/startup_S32K148.o
LOAD ./SDK/middleware/tcpip/lwip/src/api/api_lib.o
LOAD ./SDK/middleware/tcpip/lwip/src/api/api_msg.o
LOAD ./SDK/middleware/tcpip/lwip/src/api/err.o
LOAD ./SDK/middleware/tcpip/lwip/src/api/netbuf.o
LOAD ./SDK/middleware/tcpip/lwip/src/api/netdb.o
LOAD ./SDK/middleware/tcpip/lwip/src/api/netifapi.o
LOAD ./SDK/middleware/tcpip/lwip/src/api/sockets.o
LOAD ./SDK/middleware/tcpip/lwip/src/api/tcpip.o
LOAD ./SDK/middleware/tcpip/lwip/src/apps/lwiperf/lwiperf.o
LOAD ./SDK/middleware/tcpip/lwip/src/apps/mdns/mdns.o
LOAD ./SDK/middleware/tcpip/lwip/src/apps/mqtt/mqtt.o
LOAD ./SDK/middleware/tcpip/lwip/src/apps/snmp/snmp_asn1.o
LOAD ./SDK/middleware/tcpip/lwip/src/apps/snmp/snmp_core.o
LOAD ./SDK/middleware/tcpip/lwip/src/apps/snmp/snmp_mib2.o
LOAD ./SDK/middleware/tcpip/lwip/src/apps/snmp/snmp_mib2_icmp.o
LOAD ./SDK/middleware/tcpip/lwip/src/apps/snmp/snmp_mib2_interfaces.o
LOAD ./SDK/middleware/tcpip/lwip/src/apps/snmp/snmp_mib2_ip.o
LOAD ./SDK/middleware/tcpip/lwip/src/apps/snmp/snmp_mib2_snmp.o
LOAD ./SDK/middleware/tcpip/lwip/src/apps/snmp/snmp_mib2_system.o
LOAD ./SDK/middleware/tcpip/lwip/src/apps/snmp/snmp_mib2_tcp.o
LOAD ./SDK/middleware/tcpip/lwip/src/apps/snmp/snmp_mib2_udp.o
LOAD ./SDK/middleware/tcpip/lwip/src/apps/snmp/snmp_msg.o
LOAD ./SDK/middleware/tcpip/lwip/src/apps/snmp/snmp_netconn.o
LOAD ./SDK/middleware/tcpip/lwip/src/apps/snmp/snmp_pbuf_stream.o
LOAD ./SDK/middleware/tcpip/lwip/src/apps/snmp/snmp_raw.o
LOAD ./SDK/middleware/tcpip/lwip/src/apps/snmp/snmp_scalar.o
LOAD ./SDK/middleware/tcpip/lwip/src/apps/snmp/snmp_table.o
LOAD ./SDK/middleware/tcpip/lwip/src/apps/snmp/snmp_threadsync.o
LOAD ./SDK/middleware/tcpip/lwip/src/apps/snmp/snmp_traps.o
LOAD ./SDK/middleware/tcpip/lwip/src/apps/snmp/snmpv3.o
LOAD ./SDK/middleware/tcpip/lwip/src/apps/snmp/snmpv3_dummy.o
LOAD ./SDK/middleware/tcpip/lwip/src/apps/snmp/snmpv3_mbedtls.o
LOAD ./SDK/middleware/tcpip/lwip/src/apps/tftp/tftp_server.o
LOAD ./SDK/middleware/tcpip/lwip/src/core/def.o
LOAD ./SDK/middleware/tcpip/lwip/src/core/dns.o
LOAD ./SDK/middleware/tcpip/lwip/src/core/inet_chksum.o
LOAD ./SDK/middleware/tcpip/lwip/src/core/init.o
LOAD ./SDK/middleware/tcpip/lwip/src/core/ip.o
LOAD ./SDK/middleware/tcpip/lwip/src/core/mem.o
LOAD ./SDK/middleware/tcpip/lwip/src/core/memp.o
LOAD ./SDK/middleware/tcpip/lwip/src/core/netif.o
LOAD ./SDK/middleware/tcpip/lwip/src/core/pbuf.o
LOAD ./SDK/middleware/tcpip/lwip/src/core/raw.o
LOAD ./SDK/middleware/tcpip/lwip/src/core/stats.o
LOAD ./SDK/middleware/tcpip/lwip/src/core/sys.o
LOAD ./SDK/middleware/tcpip/lwip/src/core/tcp.o
LOAD ./SDK/middleware/tcpip/lwip/src/core/tcp_in.o
LOAD ./SDK/middleware/tcpip/lwip/src/core/tcp_out.o
LOAD ./SDK/middleware/tcpip/lwip/src/core/timeouts.o
LOAD ./SDK/middleware/tcpip/lwip/src/core/udp.o
LOAD ./SDK/middleware/tcpip/lwip/src/core/ipv4/autoip.o
LOAD ./SDK/middleware/tcpip/lwip/src/core/ipv4/dhcp.o
LOAD ./SDK/middleware/tcpip/lwip/src/core/ipv4/etharp.o
LOAD ./SDK/middleware/tcpip/lwip/src/core/ipv4/icmp.o
LOAD ./SDK/middleware/tcpip/lwip/src/core/ipv4/igmp.o
LOAD ./SDK/middleware/tcpip/lwip/src/core/ipv4/ip4.o
LOAD ./SDK/middleware/tcpip/lwip/src/core/ipv4/ip4_addr.o
LOAD ./SDK/middleware/tcpip/lwip/src/core/ipv4/ip4_frag.o
LOAD ./SDK/middleware/tcpip/lwip/src/core/ipv6/dhcp6.o
LOAD ./SDK/middleware/tcpip/lwip/src/core/ipv6/ethip6.o
LOAD ./SDK/middleware/tcpip/lwip/src/core/ipv6/icmp6.o
LOAD ./SDK/middleware/tcpip/lwip/src/core/ipv6/inet6.o
LOAD ./SDK/middleware/tcpip/lwip/src/core/ipv6/ip6.o
LOAD ./SDK/middleware/tcpip/lwip/src/core/ipv6/ip6_addr.o
LOAD ./SDK/middleware/tcpip/lwip/src/core/ipv6/ip6_frag.o
LOAD ./SDK/middleware/tcpip/lwip/src/core/ipv6/mld6.o
LOAD ./SDK/middleware/tcpip/lwip/src/core/ipv6/nd6.o
LOAD ./SDK/middleware/tcpip/lwip/src/netif/ethernet.o
LOAD ./SDK/middleware/tcpip/lwip/src/netif/ethernetif.o
LOAD ./SDK/middleware/tcpip/lwip/src/netif/lowpan6.o
LOAD ./SDK/middleware/tcpip/lwip/src/netif/slipif.o
LOAD ./SDK/middleware/tcpip/lwip/src/netif/ppp/auth.o
LOAD ./SDK/middleware/tcpip/lwip/src/netif/ppp/ccp.o
LOAD ./SDK/middleware/tcpip/lwip/src/netif/ppp/chap-md5.o
LOAD ./SDK/middleware/tcpip/lwip/src/netif/ppp/chap-new.o
LOAD ./SDK/middleware/tcpip/lwip/src/netif/ppp/chap_ms.o
LOAD ./SDK/middleware/tcpip/lwip/src/netif/ppp/demand.o
LOAD ./SDK/middleware/tcpip/lwip/src/netif/ppp/eap.o
LOAD ./SDK/middleware/tcpip/lwip/src/netif/ppp/ecp.o
LOAD ./SDK/middleware/tcpip/lwip/src/netif/ppp/eui64.o
LOAD ./SDK/middleware/tcpip/lwip/src/netif/ppp/fsm.o
LOAD ./SDK/middleware/tcpip/lwip/src/netif/ppp/ipcp.o
LOAD ./SDK/middleware/tcpip/lwip/src/netif/ppp/ipv6cp.o
LOAD ./SDK/middleware/tcpip/lwip/src/netif/ppp/lcp.o
LOAD ./SDK/middleware/tcpip/lwip/src/netif/ppp/magic.o
LOAD ./SDK/middleware/tcpip/lwip/src/netif/ppp/mppe.o
LOAD ./SDK/middleware/tcpip/lwip/src/netif/ppp/multilink.o
LOAD ./SDK/middleware/tcpip/lwip/src/netif/ppp/ppp.o
LOAD ./SDK/middleware/tcpip/lwip/src/netif/ppp/pppapi.o
LOAD ./SDK/middleware/tcpip/lwip/src/netif/ppp/pppcrypt.o
LOAD ./SDK/middleware/tcpip/lwip/src/netif/ppp/pppoe.o
LOAD ./SDK/middleware/tcpip/lwip/src/netif/ppp/pppol2tp.o
LOAD ./SDK/middleware/tcpip/lwip/src/netif/ppp/pppos.o
LOAD ./SDK/middleware/tcpip/lwip/src/netif/ppp/upap.o
LOAD ./SDK/middleware/tcpip/lwip/src/netif/ppp/utils.o
LOAD ./SDK/middleware/tcpip/lwip/src/netif/ppp/vj.o
LOAD ./SDK/middleware/tcpip/lwip/src/netif/ppp/polarssl/arc4.o
LOAD ./SDK/middleware/tcpip/lwip/src/netif/ppp/polarssl/des.o
LOAD ./SDK/middleware/tcpip/lwip/src/netif/ppp/polarssl/md4.o
LOAD ./SDK/middleware/tcpip/lwip/src/netif/ppp/polarssl/md5.o
LOAD ./SDK/middleware/tcpip/lwip/src/netif/ppp/polarssl/sha1.o
LOAD ./SDK/middleware/tcpip/tcpip_stack/addons/tcp_isn/tcp_isn.o
LOAD ./SDK/middleware/tcpip/tcpip_stack/apps/ccov/ccov.o
LOAD ./SDK/middleware/tcpip/tcpip_stack/apps/chargen/chargen.o
LOAD ./SDK/middleware/tcpip/tcpip_stack/apps/smtp/smtp.o
LOAD ./SDK/middleware/tcpip/tcpip_stack/apps/snmp_private_mib/lwip_prvmib.o
LOAD ./SDK/middleware/tcpip/tcpip_stack/apps/tcpecho/tcpecho.o
LOAD ./SDK/middleware/tcpip/tcpip_stack/apps/udpecho_raw/udpecho_raw.o
LOAD ./SDK/middleware/tcpip/tcpip_stack/demo/test.o
LOAD ./SDK/middleware/tcpip/tcpip_stack/ports/OS/sys_arch.o
LOAD ./SDK/middleware/tcpip/tcpip_stack/ports/netif/enetif/enetif.o
LOAD ./SDK/middleware/tcpip/tcpip_stack/ports/platform/S32K148/platform.o
LOAD ./SDK/platform/devices/S32K148/startup/system_S32K148.o
LOAD ./SDK/platform/devices/startup.o
LOAD ./SDK/platform/drivers/src/adc/adc_driver.o
LOAD ./SDK/platform/drivers/src/clock/S32K1xx/clock_S32K1xx.o
LOAD ./SDK/platform/drivers/src/edma/edma_driver.o
LOAD ./SDK/platform/drivers/src/edma/edma_hw_access.o
LOAD ./SDK/platform/drivers/src/edma/edma_irq.o
LOAD ./SDK/platform/drivers/src/enet/enet_driver.o
LOAD ./SDK/platform/drivers/src/enet/enet_hw_access.o
LOAD ./SDK/platform/drivers/src/enet/enet_irq.o
LOAD ./SDK/platform/drivers/src/flash/flash_driver.o
LOAD ./SDK/platform/drivers/src/flexcan/flexcan_driver.o
LOAD ./SDK/platform/drivers/src/flexcan/flexcan_hw_access.o
LOAD ./SDK/platform/drivers/src/flexcan/flexcan_irq.o
LOAD ./SDK/platform/drivers/src/flexio/flexio_common.o
LOAD ./SDK/platform/drivers/src/flexio/flexio_uart_driver.o
LOAD ./SDK/platform/drivers/src/ftm/ftm_common.o
LOAD ./SDK/platform/drivers/src/ftm/ftm_hw_access.o
LOAD ./SDK/platform/drivers/src/ftm/ftm_pwm_driver.o
LOAD ./SDK/platform/drivers/src/interrupt/interrupt_manager.o
LOAD ./SDK/platform/drivers/src/lpi2c/lpi2c_driver.o
LOAD ./SDK/platform/drivers/src/lpi2c/lpi2c_hw_access.o
LOAD ./SDK/platform/drivers/src/lpi2c/lpi2c_irq.o
LOAD ./SDK/platform/drivers/src/lpspi/lpspi_hw_access.o
LOAD ./SDK/platform/drivers/src/lpspi/lpspi_irq.o
LOAD ./SDK/platform/drivers/src/lpspi/lpspi_master_driver.o
LOAD ./SDK/platform/drivers/src/lpspi/lpspi_shared_function.o
LOAD ./SDK/platform/drivers/src/lpspi/lpspi_slave_driver.o
LOAD ./SDK/platform/drivers/src/lpuart/lpuart_driver.o
LOAD ./SDK/platform/drivers/src/lpuart/lpuart_hw_access.o
LOAD ./SDK/platform/drivers/src/lpuart/lpuart_irq.o
LOAD ./SDK/platform/drivers/src/pdb/pdb_driver.o
LOAD ./SDK/platform/drivers/src/pdb/pdb_hw_access.o
LOAD ./SDK/platform/drivers/src/pins/pins_driver.o
LOAD ./SDK/platform/drivers/src/pins/pins_port_hw_access.o
LOAD ./SDK/platform/drivers/src/power/S32K1xx/power_manager_S32K1xx.o
LOAD ./SDK/platform/drivers/src/power/S32K1xx/power_smc_hw_access.o
LOAD ./SDK/platform/drivers/src/power/power_manager.o
LOAD ./SDK/platform/drivers/src/trgmux/trgmux_driver.o
LOAD ./SDK/platform/drivers/src/trgmux/trgmux_hw_access.o
LOAD ./SDK/platform/pal/src/adc/adc_irq.o
LOAD ./SDK/platform/pal/src/adc/adc_pal.o
LOAD ./SDK/platform/pal/src/can/can_pal.o
LOAD ./SDK/platform/pal/src/i2c/i2c_pal.o
LOAD ./SDK/platform/pal/src/pwm/pwm_pal.o
LOAD ./SDK/platform/pal/src/spi/spi_pal.o
LOAD ./SDK/platform/pal/src/uart/uart_pal.o
LOAD ./SDK/rtos/FreeRTOS_S32K/Source/croutine.o
LOAD ./SDK/rtos/FreeRTOS_S32K/Source/event_groups.o
LOAD ./SDK/rtos/FreeRTOS_S32K/Source/list.o
LOAD ./SDK/rtos/FreeRTOS_S32K/Source/queue.o
LOAD ./SDK/rtos/FreeRTOS_S32K/Source/stream_buffer.o
LOAD ./SDK/rtos/FreeRTOS_S32K/Source/tasks.o
LOAD ./SDK/rtos/FreeRTOS_S32K/Source/timers.o
LOAD ./SDK/rtos/FreeRTOS_S32K/Source/portable/GCC/ARM_CM4F/port.o
LOAD ./SDK/rtos/FreeRTOS_S32K/Source/portable/MemMang/heap_4.o
LOAD ./SDK/rtos/osif/osif_freertos.o
LOAD ./Sources/main.o
LOAD ./rzs10thnew2021b/2021b/rzs10thnew2021b_ert_rtw/rtGetInf.o
LOAD ./rzs10thnew2021b/2021b/rzs10thnew2021b_ert_rtw/rtGetNaN.o
LOAD ./rzs10thnew2021b/2021b/rzs10thnew2021b_ert_rtw/rt_nonfinite.o
LOAD ./rzs10thnew2021b/2021b/rzs10thnew2021b_ert_rtw/rtmodel.o
LOAD ./rzs10thnew2021b/2021b/rzs10thnew2021b_ert_rtw/rzs10thnew2021b.o
LOAD ./rzs10thnew2021b/2021b/rzs10thnew2021b_ert_rtw/rzs10thnew2021b_data.o
LOAD D:/S32DS/S32DS/build_tools/gcc_v6.3/gcc-6.3-arm32-eabi/arm-none-eabi/newlib/lib/thumb/v7e-m/fpv4-sp/hard\libm.a
START GROUP
LOAD d:/s32ds/s32ds/build_tools/gcc_v6.3/gcc-6.3-arm32-eabi/bin/../lib/gcc/arm-none-eabi/6.3.1/thumb/v7e-m/fpv4-sp/hard\libgcc.a
LOAD D:/S32DS/S32DS/build_tools/gcc_v6.3/gcc-6.3-arm32-eabi/arm-none-eabi/newlib/lib/thumb/v7e-m/fpv4-sp/hard\libc_nano.a
END GROUP
START GROUP
LOAD d:/s32ds/s32ds/build_tools/gcc_v6.3/gcc-6.3-arm32-eabi/bin/../lib/gcc/arm-none-eabi/6.3.1/thumb/v7e-m/fpv4-sp/hard\libgcc.a
LOAD D:/S32DS/S32DS/build_tools/gcc_v6.3/gcc-6.3-arm32-eabi/arm-none-eabi/newlib/lib/thumb/v7e-m/fpv4-sp/hard\libc_nano.a
LOAD D:/S32DS/S32DS/build_tools/gcc_v6.3/gcc-6.3-arm32-eabi/arm-none-eabi/newlib/lib/thumb/v7e-m/fpv4-sp/hard\libnosys.a
END GROUP
START GROUP
LOAD d:/s32ds/s32ds/build_tools/gcc_v6.3/gcc-6.3-arm32-eabi/bin/../lib/gcc/arm-none-eabi/6.3.1/thumb/v7e-m/fpv4-sp/hard\libgcc.a
LOAD D:/S32DS/S32DS/build_tools/gcc_v6.3/gcc-6.3-arm32-eabi/arm-none-eabi/newlib/lib/thumb/v7e-m/fpv4-sp/hard\libc_nano.a
LOAD D:/S32DS/S32DS/build_tools/gcc_v6.3/gcc-6.3-arm32-eabi/arm-none-eabi/newlib/lib/thumb/v7e-m/fpv4-sp/hard\libnosys.a
END GROUP
LOAD d:/s32ds/s32ds/build_tools/gcc_v6.3/gcc-6.3-arm32-eabi/bin/../lib/gcc/arm-none-eabi/6.3.1/thumb/v7e-m/fpv4-sp/hard/crtend.o
LOAD d:/s32ds/s32ds/build_tools/gcc_v6.3/gcc-6.3-arm32-eabi/bin/../lib/gcc/arm-none-eabi/6.3.1/thumb/v7e-m/fpv4-sp/hard/crtn.o
                0x00000400                HEAP_SIZE = DEFINED (__heap_size__)?__heap_size__:0x400
                0x00000400                STACK_SIZE = DEFINED (__stack_size__)?__stack_size__:0x400
                0x00000400                M_VECTOR_RAM_SIZE = DEFINED (__flash_vector_table__)?0x0:0x400

.interrupts     0x00020000      0x400
                0x00020000                __VECTOR_TABLE = .
                0x00020000                __interrupts_start__ = .
                0x00020000                . = ALIGN (0x4)
 *(.isr_vector)
 .isr_vector    0x00020000      0x400 ./Project_Settings/Startup_Code/startup_S32K148.o
                0x00020000                __isr_vector
                0x00020400                __interrupts_end__ = .
                0x00020400                . = ALIGN (0x4)

.flash_config   0x00020400       0x10
                0x00020400                . = ALIGN (0x4)
 *(.FlashConfig)
 .FlashConfig   0x00020400       0x10 ./Project_Settings/Startup_Code/startup_S32K148.o
                0x00020410                . = ALIGN (0x4)

.text           0x00020410    0x11638
                0x00020410                . = ALIGN (0x4)
 *(.text)
 .text          0x00020410       0x4c ./Project_Settings/Startup_Code/startup_S32K148.o
                0x00020410                Reset_Handler
                0x00020458                FTM5_Ch2_Ch3_IRQHandler
                0x00020458                DebugMon_Handler
                0x00020458                HardFault_Handler
                0x00020458                FTM7_Ch2_Ch3_IRQHandler
                0x00020458                Reserved103_IRQHandler
                0x00020458                FTM7_Ch6_Ch7_IRQHandler
                0x00020458                FTM2_Ovf_Reload_IRQHandler
                0x00020458                Reserved50_IRQHandler
                0x00020458                FTFC_Fault_IRQHandler
                0x00020458                FTM0_Ch6_Ch7_IRQHandler
                0x00020458                Reserved114_IRQHandler
                0x00020458                NMI_Handler
                0x00020458                ERM_double_fault_IRQHandler
                0x00020458                Reserved59_IRQHandler
                0x00020458                LPIT0_Ch0_IRQHandler
                0x00020458                Reserved99_IRQHandler
                0x00020458                FTM7_Ch4_Ch5_IRQHandler
                0x00020458                FTM3_Ch6_Ch7_IRQHandler
                0x00020458                LPIT0_Ch3_IRQHandler
                0x00020458                FTM0_Ch4_Ch5_IRQHandler
                0x00020458                FTM4_Ch6_Ch7_IRQHandler
                0x00020458                FTM3_Ch0_Ch1_IRQHandler
                0x00020458                SWI_IRQHandler
                0x00020458                FTM2_Ch4_Ch5_IRQHandler
                0x00020458                UsageFault_Handler
                0x00020458                FTM0_Ovf_Reload_IRQHandler
                0x00020458                FTM4_Fault_IRQHandler
                0x00020458                DefaultISR
                0x00020458                Reserved58_IRQHandler
                0x00020458                FTM7_Fault_IRQHandler
                0x00020458                FTM1_Ch2_Ch3_IRQHandler
                0x00020458                Reserved82_IRQHandler
                0x00020458                PORTD_IRQHandler
                0x00020458                SAI1_Rx_IRQHandler
                0x00020458                Reserved69_IRQHandler
                0x00020458                PORTB_IRQHandler
                0x00020458                Reserved70_IRQHandler
                0x00020458                FTM2_Ch2_Ch3_IRQHandler
                0x00020458                FTM5_Ch0_Ch1_IRQHandler
                0x00020458                Reserved53_IRQHandler
                0x00020458                RTC_IRQHandler
                0x00020458                PDB0_IRQHandler
                0x00020458                Reserved54_IRQHandler
                0x00020458                FTM6_Fault_IRQHandler
                0x00020458                FTM2_Ch6_Ch7_IRQHandler
                0x00020458                FTM6_Ch4_Ch5_IRQHandler
                0x00020458                FTM3_Ch2_Ch3_IRQHandler
                0x00020458                FTM6_Ch2_Ch3_IRQHandler
                0x00020458                FTM2_Ch0_Ch1_IRQHandler
                0x00020458                LPUART1_RxTx_IRQHandler
                0x00020458                FTM4_Ovf_Reload_IRQHandler
                0x00020458                RTC_Seconds_IRQHandler
                0x00020458                FTM7_Ch0_Ch1_IRQHandler
                0x00020458                Reserved110_IRQHandler
                0x00020458                Reserved107_IRQHandler
                0x00020458                Read_Collision_IRQHandler
                0x00020458                FTFC_IRQHandler
                0x00020458                FTM1_Ch6_Ch7_IRQHandler
                0x00020458                FTM5_Fault_IRQHandler
                0x00020458                FTM6_Ovf_Reload_IRQHandler
                0x00020458                LPIT0_Ch1_IRQHandler
                0x00020458                FTM4_Ch0_Ch1_IRQHandler
                0x00020458                FTM1_Ch4_Ch5_IRQHandler
                0x00020458                FTM3_Ovf_Reload_IRQHandler
                0x00020458                SAI0_Tx_IRQHandler
                0x00020458                LPUART2_RxTx_IRQHandler
                0x00020458                FTM5_Ch4_Ch5_IRQHandler
                0x00020458                WDOG_EWM_IRQHandler
                0x00020458                MemManage_Handler
                0x00020458                Reserved83_IRQHandler
                0x00020458                FTM0_Fault_IRQHandler
                0x00020458                FTM6_Ch6_Ch7_IRQHandler
                0x00020458                Reserved48_IRQHandler
                0x00020458                ERM_single_fault_IRQHandler
                0x00020458                FTM2_Fault_IRQHandler
                0x00020458                FTM0_Ch2_Ch3_IRQHandler
                0x00020458                FTM4_Ch2_Ch3_IRQHandler
                0x00020458                FTM0_Ch0_Ch1_IRQHandler
                0x00020458                FTM4_Ch4_Ch5_IRQHandler
                0x00020458                FTM5_Ovf_Reload_IRQHandler
                0x00020458                FTM3_Fault_IRQHandler
                0x00020458                RCM_IRQHandler
                0x00020458                Reserved100_IRQHandler
                0x00020458                SAI0_Rx_IRQHandler
                0x00020458                SCG_IRQHandler
                0x00020458                PDB1_IRQHandler
                0x00020458                FTM1_Fault_IRQHandler
                0x00020458                Reserved106_IRQHandler
                0x00020458                LVD_LVW_IRQHandler
                0x00020458                ENET_STOP_IRQHandler
                0x00020458                LPIT0_Ch2_IRQHandler
                0x00020458                PORTA_IRQHandler
                0x00020458                FTM5_Ch6_Ch7_IRQHandler
                0x00020458                MCM_IRQHandler
                0x00020458                FTM7_Ovf_Reload_IRQHandler
                0x00020458                FTM3_Ch4_Ch5_IRQHandler
                0x00020458                PORTE_IRQHandler
                0x00020458                LPUART0_RxTx_IRQHandler
                0x00020458                FTM6_Ch0_Ch1_IRQHandler
                0x00020458                LPTMR0_IRQHandler
                0x00020458                BusFault_Handler
                0x00020458                FTM1_Ovf_Reload_IRQHandler
                0x00020458                QSPI_IRQHandler
                0x00020458                CMP0_IRQHandler
                0x00020458                Reserved52_IRQHandler
                0x00020458                PORTC_IRQHandler
                0x00020458                FTM1_Ch0_Ch1_IRQHandler
                0x00020458                SAI1_Tx_IRQHandler
                0x00020458                Reserved113_IRQHandler
 .text          0x0002045c      0x378 d:/s32ds/s32ds/build_tools/gcc_v6.3/gcc-6.3-arm32-eabi/bin/../lib/gcc/arm-none-eabi/6.3.1/thumb/v7e-m/fpv4-sp/hard\libgcc.a(_arm_addsubdf3.o)
                0x0002045c                __aeabi_drsub
                0x00020464                __aeabi_dsub
                0x00020464                __subdf3
                0x00020468                __aeabi_dadd
                0x00020468                __adddf3
                0x000206e0                __floatunsidf
                0x000206e0                __aeabi_ui2d
                0x00020700                __floatsidf
                0x00020700                __aeabi_i2d
                0x00020724                __aeabi_f2d
                0x00020724                __extendsfdf2
                0x00020768                __floatundidf
                0x00020768                __aeabi_ul2d
                0x00020778                __floatdidf
                0x00020778                __aeabi_l2d
 .text          0x000207d4      0x424 d:/s32ds/s32ds/build_tools/gcc_v6.3/gcc-6.3-arm32-eabi/bin/../lib/gcc/arm-none-eabi/6.3.1/thumb/v7e-m/fpv4-sp/hard\libgcc.a(_arm_muldivdf3.o)
                0x000207d4                __aeabi_dmul
                0x000207d4                __muldf3
                0x00020a28                __divdf3
                0x00020a28                __aeabi_ddiv
 .text          0x00020bf8      0x110 d:/s32ds/s32ds/build_tools/gcc_v6.3/gcc-6.3-arm32-eabi/bin/../lib/gcc/arm-none-eabi/6.3.1/thumb/v7e-m/fpv4-sp/hard\libgcc.a(_arm_cmpdf2.o)
                0x00020bf8                __gtdf2
                0x00020bf8                __gedf2
                0x00020c00                __ltdf2
                0x00020c00                __ledf2
                0x00020c08                __nedf2
                0x00020c08                __eqdf2
                0x00020c08                __cmpdf2
                0x00020c84                __aeabi_cdrcmple
                0x00020c94                __aeabi_cdcmpeq
                0x00020c94                __aeabi_cdcmple
                0x00020ca4                __aeabi_dcmpeq
                0x00020cb8                __aeabi_dcmplt
                0x00020ccc                __aeabi_dcmple
                0x00020ce0                __aeabi_dcmpge
                0x00020cf4                __aeabi_dcmpgt
 .text          0x00020d08       0x2c d:/s32ds/s32ds/build_tools/gcc_v6.3/gcc-6.3-arm32-eabi/bin/../lib/gcc/arm-none-eabi/6.3.1/thumb/v7e-m/fpv4-sp/hard\libgcc.a(_arm_unorddf2.o)
                0x00020d08                __unorddf2
                0x00020d08                __aeabi_dcmpun
 .text          0x00020d34       0x50 d:/s32ds/s32ds/build_tools/gcc_v6.3/gcc-6.3-arm32-eabi/bin/../lib/gcc/arm-none-eabi/6.3.1/thumb/v7e-m/fpv4-sp/hard\libgcc.a(_arm_fixdfsi.o)
                0x00020d34                __aeabi_d2iz
                0x00020d34                __fixdfsi
 .text          0x00020d84       0x40 d:/s32ds/s32ds/build_tools/gcc_v6.3/gcc-6.3-arm32-eabi/bin/../lib/gcc/arm-none-eabi/6.3.1/thumb/v7e-m/fpv4-sp/hard\libgcc.a(_arm_fixunsdfsi.o)
                0x00020d84                __aeabi_d2uiz
                0x00020d84                __fixunsdfsi
 .text          0x00020dc4       0xa0 d:/s32ds/s32ds/build_tools/gcc_v6.3/gcc-6.3-arm32-eabi/bin/../lib/gcc/arm-none-eabi/6.3.1/thumb/v7e-m/fpv4-sp/hard\libgcc.a(_arm_truncdfsf2.o)
                0x00020dc4                __truncdfsf2
                0x00020dc4                __aeabi_d2f
 *(.text*)
 .text.MedianFilte
                0x00020e64       0x56 ./ImpCode/bsp/base/bsp_adc.o
 *fill*         0x00020eba        0x2 
 .text.Adc0_Convert_Callback
                0x00020ebc       0x3c ./ImpCode/bsp/base/bsp_adc.o
                0x00020ebc                Adc0_Convert_Callback
 .text.BSP_ADC0_Init
                0x00020ef8       0x30 ./ImpCode/bsp/base/bsp_adc.o
                0x00020ef8                BSP_ADC0_Init
 .text.BSP_ADC0_Task
                0x00020f28       0xec ./ImpCode/bsp/base/bsp_adc.o
                0x00020f28                BSP_ADC0_Task
 .text.ADS1115_Delay
                0x00021014        0xa ./ImpCode/bsp/base/bsp_ads1115.o
 *fill*         0x0002101e        0x2 
 .text.ADS1115_Channel_Value
                0x00021020      0x11c ./ImpCode/bsp/base/bsp_ads1115.o
                0x00021020                ADS1115_Channel_Value
 .text.BSP_ADS1115_Init
                0x0002113c       0x14 ./ImpCode/bsp/base/bsp_ads1115.o
                0x0002113c                BSP_ADS1115_Init
 .text.BSP_ADS1115_Task
                0x00021150       0x30 ./ImpCode/bsp/base/bsp_ads1115.o
                0x00021150                BSP_ADS1115_Task
 .text.IIC_Start
                0x00021180       0x3c ./ImpCode/bsp/base/bsp_adsch8.o
 .text.IIC_write_Byte
                0x000211bc       0x60 ./ImpCode/bsp/base/bsp_adsch8.o
 .text.IIC_Stop
                0x0002121c       0x3c ./ImpCode/bsp/base/bsp_adsch8.o
 .text.MCU_Wait_Ack
                0x00021258       0x54 ./ImpCode/bsp/base/bsp_adsch8.o
 .text.ADS1115_Config
                0x000212ac       0x80 ./ImpCode/bsp/base/bsp_adsch8.o
 .text.Point_Register
                0x0002132c       0x22 ./ImpCode/bsp/base/bsp_adsch8.o
 *fill*         0x0002134e        0x2 
 .text.IIC_Read_Byte
                0x00021350       0xc4 ./ImpCode/bsp/base/bsp_adsch8.o
 .text.ADS1115_ReadData
                0x00021414       0x30 ./ImpCode/bsp/base/bsp_adsch8.o
 .text.BSP_ADSCH8_Init
                0x00021444       0x20 ./ImpCode/bsp/base/bsp_adsch8.o
                0x00021444                BSP_ADSCH8_Init
 .text.BSP_ADSCH8_Task
                0x00021464       0x84 ./ImpCode/bsp/base/bsp_adsch8.o
                0x00021464                BSP_ADSCH8_Task
 .text.BSP_AT24C02_Read
                0x000214e8       0x74 ./ImpCode/bsp/base/bsp_at24c256.o
                0x000214e8                BSP_AT24C02_Read
 .text.BSP_AT24C02_Write
                0x0002155c       0x64 ./ImpCode/bsp/base/bsp_at24c256.o
                0x0002155c                BSP_AT24C02_Write
 .text.BSP_AT24C_Init
                0x000215c0       0x14 ./ImpCode/bsp/base/bsp_at24c256.o
                0x000215c0                BSP_AT24C_Init
 .text.BSP_AT24C_Task
                0x000215d4       0x40 ./ImpCode/bsp/base/bsp_at24c256.o
                0x000215d4                BSP_AT24C_Task
 .text.BSP_Bootld_Task
                0x00021614       0x28 ./ImpCode/bsp/base/bsp_bootld.o
                0x00021614                BSP_Bootld_Task
 .text.BSP_MAX31865_Init
                0x0002163c       0x3c ./ImpCode/bsp/base/bsp_max31865.o
                0x0002163c                BSP_MAX31865_Init
 .text.BSP_MAX31865_Task
                0x00021678      0x4b8 ./ImpCode/bsp/base/bsp_max31865.o
                0x00021678                BSP_MAX31865_Task
 .text.BSP_MC33879_Init
                0x00021b30       0x30 ./ImpCode/bsp/base/bsp_mc33879.o
                0x00021b30                BSP_MC33879_Init
 .text.MC33879_Control
                0x00021b60       0x98 ./ImpCode/bsp/base/bsp_mc33879.o
                0x00021b60                MC33879_Control
 .text.BSP_MC33879_Task
                0x00021bf8       0x24 ./ImpCode/bsp/base/bsp_mc33879.o
                0x00021bf8                BSP_MC33879_Task
 .text.BSP_FLASH_Init
                0x00021c1c       0x34 ./ImpCode/bsp/base/bsp_pflash.o
                0x00021c1c                BSP_FLASH_Init
 .text.FLASH_Erase
                0x00021c50       0x4c ./ImpCode/bsp/base/bsp_pflash.o
                0x00021c50                FLASH_Erase
 .text.BSP_FLASH_WriteData
                0x00021c9c       0x7c ./ImpCode/bsp/base/bsp_pflash.o
                0x00021c9c                BSP_FLASH_WriteData
 .text.BSP_FLASH_ReadData
                0x00021d18       0x26 ./ImpCode/bsp/base/bsp_pflash.o
                0x00021d18                BSP_FLASH_ReadData
 .text.Flash_Write_Data
                0x00021d3e       0x12 ./ImpCode/bsp/base/bsp_pflash.o
                0x00021d3e                Flash_Write_Data
 .text.BSP_FLASH_Write_APPVAL
                0x00021d50       0x40 ./ImpCode/bsp/base/bsp_pflash.o
                0x00021d50                BSP_FLASH_Write_APPVAL
 .text.BSP_FLASH_Read_APPVAL
                0x00021d90       0x14 ./ImpCode/bsp/base/bsp_pflash.o
                0x00021d90                BSP_FLASH_Read_APPVAL
 .text.BSP_Flash_Task
                0x00021da4       0x68 ./ImpCode/bsp/base/bsp_pflash.o
                0x00021da4                BSP_Flash_Task
 .text.BSP_Pin_Init
                0x00021e0c       0x44 ./ImpCode/bsp/base/bsp_pin.o
                0x00021e0c                BSP_Pin_Init
 .text.BSP_Pin_In
                0x00021e50      0x160 ./ImpCode/bsp/base/bsp_pin.o
                0x00021e50                BSP_Pin_In
 .text.BSP_Pin_Out
                0x00021fb0       0x8c ./ImpCode/bsp/base/bsp_pin.o
                0x00021fb0                BSP_Pin_Out
 .text.ParityBitCal
                0x0002203c       0x18 ./ImpCode/bsp/base/bsp_tlf35584.o
 .text.Gp_Tlf35584_WriteChcek
                0x00022054       0x48 ./ImpCode/bsp/base/bsp_tlf35584.o
 .text.Gp_Tlf35584_TransmitData
                0x0002209c       0x40 ./ImpCode/bsp/base/bsp_tlf35584.o
 .text.Gp_Tlf35584_Get_LockStatus
                0x000220dc       0x4c ./ImpCode/bsp/base/bsp_tlf35584.o
 .text.Gp_Tlf35584_GetDevModeState
                0x00022128       0x30 ./ImpCode/bsp/base/bsp_tlf35584.o
 .text.Gp_Tlf35584_DeviceModeNormal
                0x00022158       0x44 ./ImpCode/bsp/base/bsp_tlf35584.o
 .text.Gp_Tlf35584_Init
                0x0002219c      0x168 ./ImpCode/bsp/base/bsp_tlf35584.o
 .text.BSP_TLF35584_WorkMode
                0x00022304       0xdc ./ImpCode/bsp/base/bsp_tlf35584.o
                0x00022304                BSP_TLF35584_WorkMode
 .text.BSP_TLF35584_Init
                0x000223e0       0x34 ./ImpCode/bsp/base/bsp_tlf35584.o
                0x000223e0                BSP_TLF35584_Init
 .text.BSP_TLF35584_Task
                0x00022414      0x42c ./ImpCode/bsp/base/bsp_tlf35584.o
                0x00022414                BSP_TLF35584_Task
 .text.BSP_UCC27_Init
                0x00022840       0x24 ./ImpCode/bsp/base/bsp_ucc27517.o
                0x00022840                BSP_UCC27_Init
 .text.BSP_UCC27_Task
                0x00022864        0x2 ./ImpCode/bsp/base/bsp_ucc27517.o
                0x00022864                BSP_UCC27_Task
 *fill*         0x00022866        0x2 
 .text.CAN0_Callback
                0x00022868       0x80 ./ImpCode/bsp/com/bsp_can0.o
                0x00022868                CAN0_Callback
 .text.BSP_CAN0_Send_STD
                0x000228e8       0x64 ./ImpCode/bsp/com/bsp_can0.o
                0x000228e8                BSP_CAN0_Send_STD
 .text.BSP_CAN0_Init
                0x0002294c       0x9c ./ImpCode/bsp/com/bsp_can0.o
                0x0002294c                BSP_CAN0_Init
 .text.CAN1_Callback
                0x000229e8       0xf0 ./ImpCode/bsp/com/bsp_can1.o
                0x000229e8                CAN1_Callback
 .text.BSP_CAN1_Send_STD
                0x00022ad8       0x60 ./ImpCode/bsp/com/bsp_can1.o
                0x00022ad8                BSP_CAN1_Send_STD
 .text.BSP_CAN1_Init
                0x00022b38       0x9c ./ImpCode/bsp/com/bsp_can1.o
                0x00022b38                BSP_CAN1_Init
 .text.CAN2_Callback
                0x00022bd4       0x60 ./ImpCode/bsp/com/bsp_can2.o
                0x00022bd4                CAN2_Callback
 .text.CAN2_Operating_Modes
                0x00022c34       0x70 ./ImpCode/bsp/com/bsp_can2.o
 .text.BSP_CAN2_Init
                0x00022ca4       0xb0 ./ImpCode/bsp/com/bsp_can2.o
                0x00022ca4                BSP_CAN2_Init
 .text.Uart1_Rx_Callback
                0x00022d54       0xdc ./ImpCode/bsp/com/bsp_uart_jy60.o
                0x00022d54                Uart1_Rx_Callback
 .text.BSP_Uart1_JY60_Init
                0x00022e30       0x2c ./ImpCode/bsp/com/bsp_uart_jy60.o
                0x00022e30                BSP_Uart1_JY60_Init
 .text.BSP_Uart1_JY60_Receive
                0x00022e5c       0x18 ./ImpCode/bsp/com/bsp_uart_jy60.o
                0x00022e5c                BSP_Uart1_JY60_Receive
 .text.Uart2_Rx_Callback
                0x00022e74       0xf4 ./ImpCode/bsp/com/bsp_uart_sbus.o
                0x00022e74                Uart2_Rx_Callback
 .text.BSP_Uart2_SBUS_Init
                0x00022f68       0x2c ./ImpCode/bsp/com/bsp_uart_sbus.o
                0x00022f68                BSP_Uart2_SBUS_Init
 .text.OS_All_Init
                0x00022f94       0x50 ./ImpCode/os/os_task.o
                0x00022f94                OS_All_Init
 .text.Task_Create
                0x00022fe4       0xcc ./ImpCode/os/os_task.o
                0x00022fe4                Task_Create
 .text.Queue_Create
                0x000230b0       0xcc ./ImpCode/os/os_task.o
                0x000230b0                Queue_Create
 .text.EventGroup_Create
                0x0002317c       0x10 ./ImpCode/os/os_task.o
                0x0002317c                EventGroup_Create
 .text.OS_Task_Init
                0x0002318c       0x5c ./ImpCode/os/os_task.o
                0x0002318c                OS_Task_Init
 .text.OS_ALL_End
                0x000231e8       0x10 ./ImpCode/os/os_task.o
                0x000231e8                OS_ALL_End
 .text.OS_Task_CanOut
                0x000231f8      0x2c8 ./ImpCode/os/os_task_CanOut.o
                0x000231f8                OS_Task_CanOut
 .text.OS_Task_CoreApp
                0x000234c0      0x26c ./ImpCode/os/os_task_CoreApp.o
                0x000234c0                OS_Task_CoreApp
 .text.OS_Task_VcuCtrl
                0x0002372c       0xb0 ./ImpCode/os/os_task_VcuCtrl.o
                0x0002372c                OS_Task_VcuCtrl
 .text.Process_Data
                0x000237dc       0x40 ./ImpCode/os/os_task_getComIn.o
                0x000237dc                Process_Data
 *fill*         0x0002381c        0x4 
 .text.OS_Task_getComIn
                0x00023820      0x40c ./ImpCode/os/os_task_getComIn.o
                0x00023820                OS_Task_getComIn
 .text.OS_Task_getIn1
                0x00023c2c       0x40 ./ImpCode/os/os_task_getIn.o
                0x00023c2c                OS_Task_getIn1
 .text.OS_Task_getIn2
                0x00023c6c       0x44 ./ImpCode/os/os_task_getIn.o
                0x00023c6c                OS_Task_getIn2
 .text.SystemInit
                0x00023cb0       0x4c ./SDK/platform/devices/S32K148/startup/system_S32K148.o
                0x00023cb0                SystemInit
 .text.SystemSoftwareReset
                0x00023cfc       0x18 ./SDK/platform/devices/S32K148/startup/system_S32K148.o
                0x00023cfc                SystemSoftwareReset
 .text.init_data_bss
                0x00023d14       0xd8 ./SDK/platform/devices/startup.o
                0x00023d14                init_data_bss
 .text.ADC_DRV_InitConverterStruct
                0x00023dec       0x1c ./SDK/platform/drivers/src/adc/adc_driver.o
                0x00023dec                ADC_DRV_InitConverterStruct
 .text.ADC_DRV_ConfigConverter
                0x00023e08      0x188 ./SDK/platform/drivers/src/adc/adc_driver.o
                0x00023e08                ADC_DRV_ConfigConverter
 .text.ADC_DRV_ConfigChan
                0x00023f90       0x5c ./SDK/platform/drivers/src/adc/adc_driver.o
                0x00023f90                ADC_DRV_ConfigChan
 .text.ADC_DRV_SetSwPretrigger
                0x00023fec       0x44 ./SDK/platform/drivers/src/adc/adc_driver.o
                0x00023fec                ADC_DRV_SetSwPretrigger
 .text.ADC_DRV_Reset
                0x00024030       0xa8 ./SDK/platform/drivers/src/adc/adc_driver.o
                0x00024030                ADC_DRV_Reset
 .text.ADC_DRV_GetChanResult
                0x000240d8       0x18 ./SDK/platform/drivers/src/adc/adc_driver.o
                0x000240d8                ADC_DRV_GetChanResult
 .text.ADC_DRV_AutoCalibration
                0x000240f0      0x158 ./SDK/platform/drivers/src/adc/adc_driver.o
                0x000240f0                ADC_DRV_AutoCalibration
 .text.ADC_DRV_GetInterruptNumber
                0x00024248        0xc ./SDK/platform/drivers/src/adc/adc_driver.o
                0x00024248                ADC_DRV_GetInterruptNumber
 .text.CLOCK_SYS_GetCurrentRunMode
                0x00024254       0x24 ./SDK/platform/drivers/src/clock/S32K1xx/clock_S32K1xx.o
 .text.CLOCK_SYS_GetSysOscFreq
                0x00024278       0x1c ./SDK/platform/drivers/src/clock/S32K1xx/clock_S32K1xx.o
 .text.CLOCK_SYS_ConfigureSOSC
                0x00024294      0x12c ./SDK/platform/drivers/src/clock/S32K1xx/clock_S32K1xx.o
 .text.CLOCK_SYS_GetSircFreq
                0x000243c0       0x2c ./SDK/platform/drivers/src/clock/S32K1xx/clock_S32K1xx.o
 .text.CLOCK_SYS_ConfigureSIRC
                0x000243ec       0xc4 ./SDK/platform/drivers/src/clock/S32K1xx/clock_S32K1xx.o
 .text.CLOCK_SYS_GetFircFreq
                0x000244b0       0x20 ./SDK/platform/drivers/src/clock/S32K1xx/clock_S32K1xx.o
 .text.CLOCK_SYS_ConfigureFIRC
                0x000244d0       0xb4 ./SDK/platform/drivers/src/clock/S32K1xx/clock_S32K1xx.o
 .text.CLOCK_SYS_GetSysPllFreq
                0x00024584       0x44 ./SDK/platform/drivers/src/clock/S32K1xx/clock_S32K1xx.o
 .text.CLOCK_SYS_ConfigureSPLL
                0x000245c8      0x104 ./SDK/platform/drivers/src/clock/S32K1xx/clock_S32K1xx.o
 .text.CLOCK_SYS_SetSystemClockConfig
                0x000246cc      0x1e4 ./SDK/platform/drivers/src/clock/S32K1xx/clock_S32K1xx.o
 .text.CLOCK_SYS_TransitionSystemClock
                0x000248b0       0x3c ./SDK/platform/drivers/src/clock/S32K1xx/clock_S32K1xx.o
 .text.CLOCK_SYS_GetSystemClockFreq
                0x000248ec       0x78 ./SDK/platform/drivers/src/clock/S32K1xx/clock_S32K1xx.o
 .text.CLOCK_SYS_GetQspiIpgClk
                0x00024964       0x2c ./SDK/platform/drivers/src/clock/S32K1xx/clock_S32K1xx.o
 .text.CLOCK_SYS_GetScgClkOutFreq
                0x00024990       0x44 ./SDK/platform/drivers/src/clock/S32K1xx/clock_S32K1xx.o
 .text.CLOCK_SYS_GetSysAsyncFreq
                0x000249d4       0xd4 ./SDK/platform/drivers/src/clock/S32K1xx/clock_S32K1xx.o
 .text.CLOCK_SYS_GetSimRtcClkFreq
                0x00024aa8       0x50 ./SDK/platform/drivers/src/clock/S32K1xx/clock_S32K1xx.o
 .text.CLOCK_SYS_GetQSPIInternalReferenceClock
                0x00024af8       0x38 ./SDK/platform/drivers/src/clock/S32K1xx/clock_S32K1xx.o
 .text.CLOCK_SYS_GetPeripheralClock
                0x00024b30       0x78 ./SDK/platform/drivers/src/clock/S32K1xx/clock_S32K1xx.o
 .text.CLOCK_SYS_GetLpoFreq
                0x00024ba8       0x44 ./SDK/platform/drivers/src/clock/S32K1xx/clock_S32K1xx.o
 .text.CLOCK_SYS_GetSimClkOutFreq
                0x00024bec       0xcc ./SDK/platform/drivers/src/clock/S32K1xx/clock_S32K1xx.o
 .text.CLOCK_DRV_Init
                0x00024cb8      0x5b0 ./SDK/platform/drivers/src/clock/S32K1xx/clock_S32K1xx.o
                0x00024cb8                CLOCK_DRV_Init
 .text.CLOCK_DRV_GetFreq
                0x00025268      0x498 ./SDK/platform/drivers/src/clock/S32K1xx/clock_S32K1xx.o
                0x00025268                CLOCK_DRV_GetFreq
 .text.CLOCK_SYS_Init
                0x00025700       0x1c ./SDK/platform/drivers/src/clock/S32K1xx/clock_S32K1xx.o
                0x00025700                CLOCK_SYS_Init
 .text.CLOCK_SYS_UpdateConfiguration
                0x0002571c       0xe8 ./SDK/platform/drivers/src/clock/S32K1xx/clock_S32K1xx.o
                0x0002571c                CLOCK_SYS_UpdateConfiguration
 .text.CLOCK_SYS_GetFreq
                0x00025804        0x8 ./SDK/platform/drivers/src/clock/S32K1xx/clock_S32K1xx.o
                0x00025804                CLOCK_SYS_GetFreq
 .text.EDMA_DRV_InstallCallback
                0x0002580c       0x20 ./SDK/platform/drivers/src/edma/edma_driver.o
                0x0002580c                EDMA_DRV_InstallCallback
 .text.EDMA_DRV_IRQHandler
                0x0002582c       0x2c ./SDK/platform/drivers/src/edma/edma_driver.o
                0x0002582c                EDMA_DRV_IRQHandler
 .text.EDMA_DRV_ErrorIRQHandler
                0x00025858       0x3c ./SDK/platform/drivers/src/edma/edma_driver.o
                0x00025858                EDMA_DRV_ErrorIRQHandler
 .text.EDMA_DRV_ConfigSingleBlockTransfer
                0x00025894      0x148 ./SDK/platform/drivers/src/edma/edma_driver.o
                0x00025894                EDMA_DRV_ConfigSingleBlockTransfer
 .text.EDMA_DRV_ConfigMultiBlockTransfer
                0x000259dc       0x64 ./SDK/platform/drivers/src/edma/edma_driver.o
                0x000259dc                EDMA_DRV_ConfigMultiBlockTransfer
 .text.EDMA_DRV_StartChannel
                0x00025a40       0x18 ./SDK/platform/drivers/src/edma/edma_driver.o
                0x00025a40                EDMA_DRV_StartChannel
 .text.EDMA_DRV_StopChannel
                0x00025a58       0x18 ./SDK/platform/drivers/src/edma/edma_driver.o
                0x00025a58                EDMA_DRV_StopChannel
 .text.EDMA_DRV_SetChannelRequestAndTrigger
                0x00025a70       0x44 ./SDK/platform/drivers/src/edma/edma_driver.o
                0x00025a70                EDMA_DRV_SetChannelRequestAndTrigger
 .text.EDMA_DRV_SetSrcLastAddrAdjustment
                0x00025ab4       0x16 ./SDK/platform/drivers/src/edma/edma_driver.o
                0x00025ab4                EDMA_DRV_SetSrcLastAddrAdjustment
 .text.EDMA_DRV_SetDestAddr
                0x00025aca       0x16 ./SDK/platform/drivers/src/edma/edma_driver.o
                0x00025aca                EDMA_DRV_SetDestAddr
 .text.EDMA_DRV_SetMajorLoopIterationCount
                0x00025ae0       0x14 ./SDK/platform/drivers/src/edma/edma_driver.o
                0x00025ae0                EDMA_DRV_SetMajorLoopIterationCount
 .text.EDMA_DRV_GetRemainingMajorIterationsCount
                0x00025af4       0x14 ./SDK/platform/drivers/src/edma/edma_driver.o
                0x00025af4                EDMA_DRV_GetRemainingMajorIterationsCount
 .text.EDMA_DRV_DisableRequestsOnTransferComplete
                0x00025b08       0x38 ./SDK/platform/drivers/src/edma/edma_driver.o
                0x00025b08                EDMA_DRV_DisableRequestsOnTransferComplete
 .text.EDMA_DRV_GetDmaRegBaseAddr
                0x00025b40        0x8 ./SDK/platform/drivers/src/edma/edma_driver.o
                0x00025b40                EDMA_DRV_GetDmaRegBaseAddr
 .text.EDMA_SetDmaRequestCmd
                0x00025b48        0xa ./SDK/platform/drivers/src/edma/edma_hw_access.o
                0x00025b48                EDMA_SetDmaRequestCmd
 .text.EDMA_TCDClearReg
                0x00025b52       0x4a ./SDK/platform/drivers/src/edma/edma_hw_access.o
                0x00025b52                EDMA_TCDClearReg
 .text.EDMA_TCDSetAttribute
                0x00025b9c       0x30 ./SDK/platform/drivers/src/edma/edma_hw_access.o
                0x00025b9c                EDMA_TCDSetAttribute
 .text.EDMA_TCDSetNbytes
                0x00025bcc       0x5c ./SDK/platform/drivers/src/edma/edma_hw_access.o
                0x00025bcc                EDMA_TCDSetNbytes
 .text.EDMA_TCDSetMajorCount
                0x00025c28       0x5e ./SDK/platform/drivers/src/edma/edma_hw_access.o
                0x00025c28                EDMA_TCDSetMajorCount
 .text.EDMA_TCDGetCurrentMajorCount
                0x00025c86       0x2c ./SDK/platform/drivers/src/edma/edma_hw_access.o
                0x00025c86                EDMA_TCDGetCurrentMajorCount
 .text.DMA0_IRQHandler
                0x00025cb2        0xa ./SDK/platform/drivers/src/edma/edma_irq.o
                0x00025cb2                DMA0_IRQHandler
 .text.DMA1_IRQHandler
                0x00025cbc        0xa ./SDK/platform/drivers/src/edma/edma_irq.o
                0x00025cbc                DMA1_IRQHandler
 .text.DMA2_IRQHandler
                0x00025cc6        0xa ./SDK/platform/drivers/src/edma/edma_irq.o
                0x00025cc6                DMA2_IRQHandler
 .text.DMA3_IRQHandler
                0x00025cd0        0xa ./SDK/platform/drivers/src/edma/edma_irq.o
                0x00025cd0                DMA3_IRQHandler
 .text.DMA4_IRQHandler
                0x00025cda        0xa ./SDK/platform/drivers/src/edma/edma_irq.o
                0x00025cda                DMA4_IRQHandler
 .text.DMA5_IRQHandler
                0x00025ce4        0xa ./SDK/platform/drivers/src/edma/edma_irq.o
                0x00025ce4                DMA5_IRQHandler
 .text.DMA6_IRQHandler
                0x00025cee        0xa ./SDK/platform/drivers/src/edma/edma_irq.o
                0x00025cee                DMA6_IRQHandler
 .text.DMA7_IRQHandler
                0x00025cf8        0xa ./SDK/platform/drivers/src/edma/edma_irq.o
                0x00025cf8                DMA7_IRQHandler
 .text.DMA8_IRQHandler
                0x00025d02        0xa ./SDK/platform/drivers/src/edma/edma_irq.o
                0x00025d02                DMA8_IRQHandler
 .text.DMA9_IRQHandler
                0x00025d0c        0xa ./SDK/platform/drivers/src/edma/edma_irq.o
                0x00025d0c                DMA9_IRQHandler
 .text.DMA10_IRQHandler
                0x00025d16        0xa ./SDK/platform/drivers/src/edma/edma_irq.o
                0x00025d16                DMA10_IRQHandler
 .text.DMA11_IRQHandler
                0x00025d20        0xa ./SDK/platform/drivers/src/edma/edma_irq.o
                0x00025d20                DMA11_IRQHandler
 .text.DMA12_IRQHandler
                0x00025d2a        0xa ./SDK/platform/drivers/src/edma/edma_irq.o
                0x00025d2a                DMA12_IRQHandler
 .text.DMA13_IRQHandler
                0x00025d34        0xa ./SDK/platform/drivers/src/edma/edma_irq.o
                0x00025d34                DMA13_IRQHandler
 .text.DMA14_IRQHandler
                0x00025d3e        0xa ./SDK/platform/drivers/src/edma/edma_irq.o
                0x00025d3e                DMA14_IRQHandler
 .text.DMA15_IRQHandler
                0x00025d48        0xa ./SDK/platform/drivers/src/edma/edma_irq.o
                0x00025d48                DMA15_IRQHandler
 .text.DMA_Error_IRQHandler
                0x00025d52       0x28 ./SDK/platform/drivers/src/edma/edma_irq.o
                0x00025d52                DMA_Error_IRQHandler
 *fill*         0x00025d7a        0x2 
 .text.ENET_DRV_SetSleepMode
                0x00025d7c       0x20 ./SDK/platform/drivers/src/enet/enet_driver.o
                0x00025d7c                ENET_DRV_SetSleepMode
 .text.ENET_TransmitIRQHandler
                0x00025d9c       0x30 ./SDK/platform/drivers/src/enet/enet_hw_access.o
                0x00025d9c                ENET_TransmitIRQHandler
 .text.ENET_ReceiveIRQHandler
                0x00025dcc       0x30 ./SDK/platform/drivers/src/enet/enet_hw_access.o
                0x00025dcc                ENET_ReceiveIRQHandler
 .text.ENET_ErrorIRQHandler
                0x00025dfc       0x3c ./SDK/platform/drivers/src/enet/enet_hw_access.o
                0x00025dfc                ENET_ErrorIRQHandler
 .text.ENET_WakeIRQHandler
                0x00025e38       0x3c ./SDK/platform/drivers/src/enet/enet_hw_access.o
                0x00025e38                ENET_WakeIRQHandler
 .text.ENET_TimerIRQHandler
                0x00025e74       0x34 ./SDK/platform/drivers/src/enet/enet_hw_access.o
                0x00025e74                ENET_TimerIRQHandler
 .text.ENET_TX_IRQHandler
                0x00025ea8        0xa ./SDK/platform/drivers/src/enet/enet_irq.o
                0x00025ea8                ENET_TX_IRQHandler
 .text.ENET_RX_IRQHandler
                0x00025eb2        0xa ./SDK/platform/drivers/src/enet/enet_irq.o
                0x00025eb2                ENET_RX_IRQHandler
 .text.ENET_ERR_IRQHandler
                0x00025ebc        0xa ./SDK/platform/drivers/src/enet/enet_irq.o
                0x00025ebc                ENET_ERR_IRQHandler
 .text.ENET_WAKE_IRQHandler
                0x00025ec6        0xa ./SDK/platform/drivers/src/enet/enet_irq.o
                0x00025ec6                ENET_WAKE_IRQHandler
 .text.ENET_TIMER_IRQHandler
                0x00025ed0        0xa ./SDK/platform/drivers/src/enet/enet_irq.o
                0x00025ed0                ENET_TIMER_IRQHandler
 *fill*         0x00025eda        0x2 
 .text.FLASH_DRV_Init
                0x00025edc       0xd0 ./SDK/platform/drivers/src/flash/flash_driver.o
                0x00025edc                FLASH_DRV_Init
 .text.FLASH_DRV_EraseSector
                0x00025fac       0x90 ./SDK/platform/drivers/src/flash/flash_driver.o
                0x00025fac                FLASH_DRV_EraseSector
 .text.FLASH_DRV_VerifySection
                0x0002603c       0x6c ./SDK/platform/drivers/src/flash/flash_driver.o
                0x0002603c                FLASH_DRV_VerifySection
 .text.FLASH_DRV_Program
                0x000260a8       0xb8 ./SDK/platform/drivers/src/flash/flash_driver.o
                0x000260a8                FLASH_DRV_Program
 .text.FLASH_DRV_ProgramCheck
                0x00026160       0xec ./SDK/platform/drivers/src/flash/flash_driver.o
                0x00026160                FLASH_DRV_ProgramCheck
 .text.FLEXCAN_StartSendData
                0x0002624c       0xb8 ./SDK/platform/drivers/src/flexcan/flexcan_driver.o
 .text.FLEXCAN_StartRxMessageBufferData
                0x00026304       0x8c ./SDK/platform/drivers/src/flexcan/flexcan_driver.o
 .text.FLEXCAN_StartRxMessageFifoData
                0x00026390      0x110 ./SDK/platform/drivers/src/flexcan/flexcan_driver.o
 .text.FLEXCAN_CompleteRxMessageFifoData
                0x000264a0       0xa0 ./SDK/platform/drivers/src/flexcan/flexcan_driver.o
 .text.FLEXCAN_CompleteRxFifoDataDMA
                0x00026540       0x30 ./SDK/platform/drivers/src/flexcan/flexcan_driver.o
 .text.FLEXCAN_CompleteTransfer
                0x00026570       0x48 ./SDK/platform/drivers/src/flexcan/flexcan_driver.o
 .text.FLEXCAN_DRV_SetRxMaskType
                0x000265b8       0x30 ./SDK/platform/drivers/src/flexcan/flexcan_driver.o
                0x000265b8                FLEXCAN_DRV_SetRxMaskType
 .text.FLEXCAN_DRV_SetRxIndividualMask
                0x000265e8      0x118 ./SDK/platform/drivers/src/flexcan/flexcan_driver.o
                0x000265e8                FLEXCAN_DRV_SetRxIndividualMask
 .text.FLEXCAN_DRV_Init
                0x00026700      0x2c8 ./SDK/platform/drivers/src/flexcan/flexcan_driver.o
                0x00026700                FLEXCAN_DRV_Init
 .text.FLEXCAN_DRV_ConfigTxMb
                0x000269c8       0x40 ./SDK/platform/drivers/src/flexcan/flexcan_driver.o
                0x000269c8                FLEXCAN_DRV_ConfigTxMb
 .text.FLEXCAN_DRV_Send
                0x00026a08       0x34 ./SDK/platform/drivers/src/flexcan/flexcan_driver.o
                0x00026a08                FLEXCAN_DRV_Send
 .text.FLEXCAN_DRV_ConfigRxMb
                0x00026a3c       0x68 ./SDK/platform/drivers/src/flexcan/flexcan_driver.o
                0x00026a3c                FLEXCAN_DRV_ConfigRxMb
 .text.FLEXCAN_DRV_ConfigRxFifo
                0x00026aa4       0x28 ./SDK/platform/drivers/src/flexcan/flexcan_driver.o
                0x00026aa4                FLEXCAN_DRV_ConfigRxFifo
 .text.FLEXCAN_DRV_Receive
                0x00026acc        0xa ./SDK/platform/drivers/src/flexcan/flexcan_driver.o
                0x00026acc                FLEXCAN_DRV_Receive
 .text.FLEXCAN_DRV_RxFifo
                0x00026ad6        0xa ./SDK/platform/drivers/src/flexcan/flexcan_driver.o
                0x00026ad6                FLEXCAN_DRV_RxFifo
 .text.FLEXCAN_Error_IRQHandler
                0x00026ae0       0x28 ./SDK/platform/drivers/src/flexcan/flexcan_driver.o
                0x00026ae0                FLEXCAN_Error_IRQHandler
 .text.FLEXCAN_WakeUpHandler
                0x00026b08       0x6c ./SDK/platform/drivers/src/flexcan/flexcan_driver.o
                0x00026b08                FLEXCAN_WakeUpHandler
 .text.FLEXCAN_IRQHandler
                0x00026b74      0x1c8 ./SDK/platform/drivers/src/flexcan/flexcan_driver.o
                0x00026b74                FLEXCAN_IRQHandler
 .text.FLEXCAN_DRV_GetTransferStatus
                0x00026d3c       0x30 ./SDK/platform/drivers/src/flexcan/flexcan_driver.o
                0x00026d3c                FLEXCAN_DRV_GetTransferStatus
 .text.FLEXCAN_DRV_AbortTransfer
                0x00026d6c      0x160 ./SDK/platform/drivers/src/flexcan/flexcan_driver.o
                0x00026d6c                FLEXCAN_DRV_AbortTransfer
 .text.FLEXCAN_DRV_InstallEventCallback
                0x00026ecc       0x14 ./SDK/platform/drivers/src/flexcan/flexcan_driver.o
                0x00026ecc                FLEXCAN_DRV_InstallEventCallback
 .text.FLEXCAN_ComputePayloadSize
                0x00026ee0       0x36 ./SDK/platform/drivers/src/flexcan/flexcan_hw_access.o
 *fill*         0x00026f16        0x2 
 .text.FLEXCAN_GetRxFifoMask
                0x00026f18       0x60 ./SDK/platform/drivers/src/flexcan/flexcan_hw_access.o
                0x00026f18                FLEXCAN_GetRxFifoMask
 .text.FLEXCAN_GetMaxMbNum
                0x00026f78       0x2c ./SDK/platform/drivers/src/flexcan/flexcan_hw_access.o
                0x00026f78                FLEXCAN_GetMaxMbNum
 .text.FLEXCAN_Enable
                0x00026fa4       0x2a ./SDK/platform/drivers/src/flexcan/flexcan_hw_access.o
                0x00026fa4                FLEXCAN_Enable
 .text.FLEXCAN_Disable
                0x00026fce       0x18 ./SDK/platform/drivers/src/flexcan/flexcan_hw_access.o
                0x00026fce                FLEXCAN_Disable
 *fill*         0x00026fe6        0x2 
 .text.FLEXCAN_Init
                0x00026fe8       0x68 ./SDK/platform/drivers/src/flexcan/flexcan_hw_access.o
                0x00026fe8                FLEXCAN_Init
 .text.FLEXCAN_EnableRxFifo
                0x00027050       0x54 ./SDK/platform/drivers/src/flexcan/flexcan_hw_access.o
                0x00027050                FLEXCAN_EnableRxFifo
 .text.FLEXCAN_SetRxFifoFilter
                0x000270a4      0x1d8 ./SDK/platform/drivers/src/flexcan/flexcan_hw_access.o
                0x000270a4                FLEXCAN_SetRxFifoFilter
 .text.FLEXCAN_SetMsgBuffIntCmd
                0x0002727c       0x3c ./SDK/platform/drivers/src/flexcan/flexcan_hw_access.o
                0x0002727c                FLEXCAN_SetMsgBuffIntCmd
 .text.FLEXCAN_ExitFreezeMode
                0x000272b8       0x1a ./SDK/platform/drivers/src/flexcan/flexcan_hw_access.o
                0x000272b8                FLEXCAN_ExitFreezeMode
 .text.FLEXCAN_EnterFreezeMode
                0x000272d2       0x40 ./SDK/platform/drivers/src/flexcan/flexcan_hw_access.o
                0x000272d2                FLEXCAN_EnterFreezeMode
 *fill*         0x00027312        0x2 
 .text.FLEXCAN_ClearErrIntStatusFlag
                0x00027314       0x14 ./SDK/platform/drivers/src/flexcan/flexcan_hw_access.o
                0x00027314                FLEXCAN_ClearErrIntStatusFlag
 .text.FLEXCAN_ReadRxFifo
                0x00027328       0x56 ./SDK/platform/drivers/src/flexcan/flexcan_hw_access.o
                0x00027328                FLEXCAN_ReadRxFifo
 .text.FLEXCAN_SetOperationMode
                0x0002737e       0x5e ./SDK/platform/drivers/src/flexcan/flexcan_hw_access.o
                0x0002737e                FLEXCAN_SetOperationMode
 .text.FLEXCAN_SetPayloadSize
                0x000273dc       0x1a ./SDK/platform/drivers/src/flexcan/flexcan_hw_access.o
                0x000273dc                FLEXCAN_SetPayloadSize
 .text.FLEXCAN_GetPayloadSize
                0x000273f6       0x20 ./SDK/platform/drivers/src/flexcan/flexcan_hw_access.o
                0x000273f6                FLEXCAN_GetPayloadSize
 .text.FLEXCAN_GetMsgBuffRegion
                0x00027416       0x30 ./SDK/platform/drivers/src/flexcan/flexcan_hw_access.o
                0x00027416                FLEXCAN_GetMsgBuffRegion
 *fill*         0x00027446        0x2 
 .text.FLEXCAN_SetTxMsgBuff
                0x00027448      0x180 ./SDK/platform/drivers/src/flexcan/flexcan_hw_access.o
                0x00027448                FLEXCAN_SetTxMsgBuff
 .text.FLEXCAN_AbortTxMsgBuff
                0x000275c8       0x14 ./SDK/platform/drivers/src/flexcan/flexcan_hw_access.o
                0x000275c8                FLEXCAN_AbortTxMsgBuff
 .text.FLEXCAN_ResetRxMsgBuff
                0x000275dc       0x16 ./SDK/platform/drivers/src/flexcan/flexcan_hw_access.o
                0x000275dc                FLEXCAN_ResetRxMsgBuff
 *fill*         0x000275f2        0x2 
 .text.FLEXCAN_SetRxMsgBuff
                0x000275f4       0xc8 ./SDK/platform/drivers/src/flexcan/flexcan_hw_access.o
                0x000275f4                FLEXCAN_SetRxMsgBuff
 .text.FLEXCAN_GetMsgBuff
                0x000276bc       0x96 ./SDK/platform/drivers/src/flexcan/flexcan_hw_access.o
                0x000276bc                FLEXCAN_GetMsgBuff
 .text.FLEXCAN_LockRxMsgBuff
                0x00027752        0xa ./SDK/platform/drivers/src/flexcan/flexcan_hw_access.o
                0x00027752                FLEXCAN_LockRxMsgBuff
 .text.FLEXCAN_SetMaxMsgBuffNum
                0x0002775c       0x9c ./SDK/platform/drivers/src/flexcan/flexcan_hw_access.o
                0x0002775c                FLEXCAN_SetMaxMsgBuffNum
 .text.CAN0_ORed_IRQHandler
                0x000277f8        0xa ./SDK/platform/drivers/src/flexcan/flexcan_irq.o
                0x000277f8                CAN0_ORed_IRQHandler
 .text.CAN0_Error_IRQHandler
                0x00027802        0xa ./SDK/platform/drivers/src/flexcan/flexcan_irq.o
                0x00027802                CAN0_Error_IRQHandler
 .text.CAN0_Wake_Up_IRQHandler
                0x0002780c        0xa ./SDK/platform/drivers/src/flexcan/flexcan_irq.o
                0x0002780c                CAN0_Wake_Up_IRQHandler
 .text.CAN0_ORed_0_15_MB_IRQHandler
                0x00027816        0xa ./SDK/platform/drivers/src/flexcan/flexcan_irq.o
                0x00027816                CAN0_ORed_0_15_MB_IRQHandler
 .text.CAN0_ORed_16_31_MB_IRQHandler
                0x00027820        0xa ./SDK/platform/drivers/src/flexcan/flexcan_irq.o
                0x00027820                CAN0_ORed_16_31_MB_IRQHandler
 .text.CAN1_ORed_IRQHandler
                0x0002782a        0xa ./SDK/platform/drivers/src/flexcan/flexcan_irq.o
                0x0002782a                CAN1_ORed_IRQHandler
 .text.CAN1_Error_IRQHandler
                0x00027834        0xa ./SDK/platform/drivers/src/flexcan/flexcan_irq.o
                0x00027834                CAN1_Error_IRQHandler
 .text.CAN1_ORed_0_15_MB_IRQHandler
                0x0002783e        0xa ./SDK/platform/drivers/src/flexcan/flexcan_irq.o
                0x0002783e                CAN1_ORed_0_15_MB_IRQHandler
 .text.CAN1_ORed_16_31_MB_IRQHandler
                0x00027848        0xa ./SDK/platform/drivers/src/flexcan/flexcan_irq.o
                0x00027848                CAN1_ORed_16_31_MB_IRQHandler
 .text.CAN2_ORed_IRQHandler
                0x00027852        0xa ./SDK/platform/drivers/src/flexcan/flexcan_irq.o
                0x00027852                CAN2_ORed_IRQHandler
 .text.CAN2_Error_IRQHandler
                0x0002785c        0xa ./SDK/platform/drivers/src/flexcan/flexcan_irq.o
                0x0002785c                CAN2_Error_IRQHandler
 .text.CAN2_ORed_0_15_MB_IRQHandler
                0x00027866        0xa ./SDK/platform/drivers/src/flexcan/flexcan_irq.o
                0x00027866                CAN2_ORed_0_15_MB_IRQHandler
 .text.CAN2_ORed_16_31_MB_IRQHandler
                0x00027870        0xa ./SDK/platform/drivers/src/flexcan/flexcan_irq.o
                0x00027870                CAN2_ORed_16_31_MB_IRQHandler
 *fill*         0x0002787a        0x2 
 .text.FLEXIO_IRQHandler
                0x0002787c       0x58 ./SDK/platform/drivers/src/flexio/flexio_common.o
                0x0002787c                FLEXIO_IRQHandler
 .text.FTM_DRV_SetSync
                0x000278d4      0x1bc ./SDK/platform/drivers/src/ftm/ftm_common.o
                0x000278d4                FTM_DRV_SetSync
 .text.FTM_DRV_GetFrequency
                0x00027a90       0x80 ./SDK/platform/drivers/src/ftm/ftm_common.o
                0x00027a90                FTM_DRV_GetFrequency
 .text.FTM_DRV_Init
                0x00027b10       0xe0 ./SDK/platform/drivers/src/ftm/ftm_common.o
                0x00027b10                FTM_DRV_Init
 .text.FTM_DRV_ConvertFreqToPeriodTicks
                0x00027bf0       0x14 ./SDK/platform/drivers/src/ftm/ftm_common.o
                0x00027bf0                FTM_DRV_ConvertFreqToPeriodTicks
 .text.FTM_DRV_InitModule
                0x00027c04       0x18 ./SDK/platform/drivers/src/ftm/ftm_hw_access.o
                0x00027c04                FTM_DRV_InitModule
 .text.FTM_DRV_Reset
                0x00027c1c       0xa0 ./SDK/platform/drivers/src/ftm/ftm_hw_access.o
                0x00027c1c                FTM_DRV_Reset
 .text.FTM_DRV_SetChnTriggerCmd
                0x00027cbc       0x32 ./SDK/platform/drivers/src/ftm/ftm_hw_access.o
                0x00027cbc                FTM_DRV_SetChnTriggerCmd
 *fill*         0x00027cee        0x2 
 .text.FTM_DRV_UpdatePwmChannel
                0x00027cf0      0x104 ./SDK/platform/drivers/src/ftm/ftm_pwm_driver.o
                0x00027cf0                FTM_DRV_UpdatePwmChannel
 .text.FTM_DRV_InitPwm
                0x00027df4      0x638 ./SDK/platform/drivers/src/ftm/ftm_pwm_driver.o
                0x00027df4                FTM_DRV_InitPwm
 .text.INT_SYS_InstallHandler
                0x0002842c       0x30 ./SDK/platform/drivers/src/interrupt/interrupt_manager.o
                0x0002842c                INT_SYS_InstallHandler
 .text.INT_SYS_EnableIRQ
                0x0002845c       0x18 ./SDK/platform/drivers/src/interrupt/interrupt_manager.o
                0x0002845c                INT_SYS_EnableIRQ
 .text.INT_SYS_DisableIRQ
                0x00028474       0x1c ./SDK/platform/drivers/src/interrupt/interrupt_manager.o
                0x00028474                INT_SYS_DisableIRQ
 .text.INT_SYS_EnableIRQGlobal
                0x00028490       0x1c ./SDK/platform/drivers/src/interrupt/interrupt_manager.o
                0x00028490                INT_SYS_EnableIRQGlobal
 .text.INT_SYS_DisableIRQGlobal
                0x000284ac       0x10 ./SDK/platform/drivers/src/interrupt/interrupt_manager.o
                0x000284ac                INT_SYS_DisableIRQGlobal
 .text.INT_SYS_SetPriority
                0x000284bc       0x58 ./SDK/platform/drivers/src/interrupt/interrupt_manager.o
                0x000284bc                INT_SYS_SetPriority
 .text.LPI2C_DRV_MasterSendAddress
                0x00028514       0xe6 ./SDK/platform/drivers/src/lpi2c/lpi2c_driver.o
 .text.LPI2C_DRV_MasterQueueData
                0x000285fa       0x4c ./SDK/platform/drivers/src/lpi2c/lpi2c_driver.o
 .text.LPI2C_DRV_SlaveEndTransfer
                0x00028646       0x50 ./SDK/platform/drivers/src/lpi2c/lpi2c_driver.o
 .text.LPI2C_DRV_MasterEndTransfer
                0x00028696       0x68 ./SDK/platform/drivers/src/lpi2c/lpi2c_driver.o
 *fill*         0x000286fe        0x2 
 .text.LPI2C_DRV_MasterCompleteDMATransfer
                0x00028700       0x90 ./SDK/platform/drivers/src/lpi2c/lpi2c_driver.o
 .text.LPI2C_DRV_SlaveEndTransferHandler
                0x00028790       0x40 ./SDK/platform/drivers/src/lpi2c/lpi2c_driver.o
 .text.LPI2C_DRV_ConfigureDmaTransfer
                0x000287d0       0x68 ./SDK/platform/drivers/src/lpi2c/lpi2c_driver.o
 .text.LPI2C_DRV_MasterStartDmaTransfer
                0x00028838      0x108 ./SDK/platform/drivers/src/lpi2c/lpi2c_driver.o
 .text.LPI2C_DRV_SlaveStartDmaTransfer
                0x00028940       0xa0 ./SDK/platform/drivers/src/lpi2c/lpi2c_driver.o
 .text.LPI2C_DRV_MasterSetBaudRate
                0x000289e0      0x140 ./SDK/platform/drivers/src/lpi2c/lpi2c_driver.o
                0x000289e0                LPI2C_DRV_MasterSetBaudRate
 .text.LPI2C_DRV_MasterInit
                0x00028b20       0xbc ./SDK/platform/drivers/src/lpi2c/lpi2c_driver.o
                0x00028b20                LPI2C_DRV_MasterInit
 .text.LPI2C_DRV_MasterReinit
                0x00028bdc       0x60 ./SDK/platform/drivers/src/lpi2c/lpi2c_driver.o
 .text.LPI2C_DRV_MasterSendData
                0x00028c3c       0x74 ./SDK/platform/drivers/src/lpi2c/lpi2c_driver.o
                0x00028c3c                LPI2C_DRV_MasterSendData
 .text.LPI2C_DRV_MasterReceiveData
                0x00028cb0       0xcc ./SDK/platform/drivers/src/lpi2c/lpi2c_driver.o
                0x00028cb0                LPI2C_DRV_MasterReceiveData
 .text.LPI2C_DRV_MasterIRQHandler
                0x00028d7c      0x234 ./SDK/platform/drivers/src/lpi2c/lpi2c_driver.o
                0x00028d7c                LPI2C_DRV_MasterIRQHandler
 .text.LPI2C_DRV_SlaveIRQHandler
                0x00028fb0      0x1c4 ./SDK/platform/drivers/src/lpi2c/lpi2c_driver.o
                0x00028fb0                LPI2C_DRV_SlaveIRQHandler
 .text.LPI2C_Init
                0x00029174       0x1e ./SDK/platform/drivers/src/lpi2c/lpi2c_hw_access.o
                0x00029174                LPI2C_Init
 .text.LPI2C0_Master_IRQHandler
                0x00029192        0xa ./SDK/platform/drivers/src/lpi2c/lpi2c_irq.o
                0x00029192                LPI2C0_Master_IRQHandler
 .text.LPI2C0_Slave_IRQHandler
                0x0002919c        0xa ./SDK/platform/drivers/src/lpi2c/lpi2c_irq.o
                0x0002919c                LPI2C0_Slave_IRQHandler
 .text.LPI2C1_Master_IRQHandler
                0x000291a6        0xa ./SDK/platform/drivers/src/lpi2c/lpi2c_irq.o
                0x000291a6                LPI2C1_Master_IRQHandler
 .text.LPI2C1_Slave_IRQHandler
                0x000291b0        0xa ./SDK/platform/drivers/src/lpi2c/lpi2c_irq.o
                0x000291b0                LPI2C1_Slave_IRQHandler
 .text.LPSPI_Init
                0x000291ba        0xa ./SDK/platform/drivers/src/lpspi/lpspi_hw_access.o
                0x000291ba                LPSPI_Init
 .text.LPSPI_Disable
                0x000291c4       0x18 ./SDK/platform/drivers/src/lpspi/lpspi_hw_access.o
                0x000291c4                LPSPI_Disable
 .text.LPSPI_SetMasterSlaveMode
                0x000291dc        0xe ./SDK/platform/drivers/src/lpspi/lpspi_hw_access.o
                0x000291dc                LPSPI_SetMasterSlaveMode
 .text.LPSPI_SetFlushFifoCmd
                0x000291ea        0xe ./SDK/platform/drivers/src/lpspi/lpspi_hw_access.o
                0x000291ea                LPSPI_SetFlushFifoCmd
 .text.LPSPI_ClearStatusFlag
                0x000291f8       0x20 ./SDK/platform/drivers/src/lpspi/lpspi_hw_access.o
                0x000291f8                LPSPI_ClearStatusFlag
 .text.LPSPI_SetPcsPolarityMode
                0x00029218       0x1c ./SDK/platform/drivers/src/lpspi/lpspi_hw_access.o
                0x00029218                LPSPI_SetPcsPolarityMode
 .text.LPSPI_SetPinConfigMode
                0x00029234       0x22 ./SDK/platform/drivers/src/lpspi/lpspi_hw_access.o
                0x00029234                LPSPI_SetPinConfigMode
 .text.LPSPI_SetBaudRateDivisor
                0x00029256       0x10 ./SDK/platform/drivers/src/lpspi/lpspi_hw_access.o
                0x00029256                LPSPI_SetBaudRateDivisor
 *fill*         0x00029266        0x2 
 .text.LPSPI_SetBaudRate
                0x00029268      0x108 ./SDK/platform/drivers/src/lpspi/lpspi_hw_access.o
                0x00029268                LPSPI_SetBaudRate
 .text.LPSPI_SetTxCommandReg
                0x00029370       0x4a ./SDK/platform/drivers/src/lpspi/lpspi_hw_access.o
                0x00029370                LPSPI_SetTxCommandReg
 .text.LPSPI_SetPcs
                0x000293ba        0xe ./SDK/platform/drivers/src/lpspi/lpspi_hw_access.o
                0x000293ba                LPSPI_SetPcs
 .text.LPSPI0_IRQHandler
                0x000293c8        0xa ./SDK/platform/drivers/src/lpspi/lpspi_irq.o
                0x000293c8                LPSPI0_IRQHandler
 .text.LPSPI1_IRQHandler
                0x000293d2        0xa ./SDK/platform/drivers/src/lpspi/lpspi_irq.o
                0x000293d2                LPSPI1_IRQHandler
 .text.LPSPI2_IRQHandler
                0x000293dc        0xa ./SDK/platform/drivers/src/lpspi/lpspi_irq.o
                0x000293dc                LPSPI2_IRQHandler
 *fill*         0x000293e6        0x2 
 .text.LPSPI_DRV_MasterStartTransfer
                0x000293e8      0x1f4 ./SDK/platform/drivers/src/lpspi/lpspi_master_driver.o
 .text.LPSPI_DRV_MasterCompleteTransfer
                0x000295dc       0x78 ./SDK/platform/drivers/src/lpspi/lpspi_master_driver.o
 .text.LPSPI_DRV_MasterConfigureBus
                0x00029654      0x114 ./SDK/platform/drivers/src/lpspi/lpspi_master_driver.o
                0x00029654                LPSPI_DRV_MasterConfigureBus
 .text.LPSPI_DRV_MasterInit
                0x00029768       0x80 ./SDK/platform/drivers/src/lpspi/lpspi_master_driver.o
                0x00029768                LPSPI_DRV_MasterInit
 .text.LPSPI_DRV_MasterTransfer
                0x000297e8        0xe ./SDK/platform/drivers/src/lpspi/lpspi_master_driver.o
                0x000297e8                LPSPI_DRV_MasterTransfer
 *fill*         0x000297f6        0x2 
 .text.LPSPI_DRV_MasterAbortTransfer
                0x000297f8       0x28 ./SDK/platform/drivers/src/lpspi/lpspi_master_driver.o
                0x000297f8                LPSPI_DRV_MasterAbortTransfer
 .text.LPSPI_DRV_MasterCompleteDMATransfer
                0x00029820       0x44 ./SDK/platform/drivers/src/lpspi/lpspi_master_driver.o
 .text.LPSPI_DRV_MasterCompleteRX
                0x00029864       0x20 ./SDK/platform/drivers/src/lpspi/lpspi_master_driver.o
 .text.LPSPI_DRV_SetPcs
                0x00029884       0x44 ./SDK/platform/drivers/src/lpspi/lpspi_master_driver.o
                0x00029884                LPSPI_DRV_SetPcs
 .text.LPSPI_DRV_MasterIRQHandler
                0x000298c8       0xb4 ./SDK/platform/drivers/src/lpspi/lpspi_master_driver.o
                0x000298c8                LPSPI_DRV_MasterIRQHandler
 .text.LPSPI_DRV_IRQHandler
                0x0002997c       0x28 ./SDK/platform/drivers/src/lpspi/lpspi_shared_function.o
                0x0002997c                LPSPI_DRV_IRQHandler
 .text.LPSPI_DRV_FillupTxBuffer
                0x000299a4       0xb4 ./SDK/platform/drivers/src/lpspi/lpspi_shared_function.o
                0x000299a4                LPSPI_DRV_FillupTxBuffer
 .text.LPSPI_DRV_ReadRXBuffer
                0x00029a58       0x8c ./SDK/platform/drivers/src/lpspi/lpspi_shared_function.o
                0x00029a58                LPSPI_DRV_ReadRXBuffer
 .text.LPSPI_DRV_DisableTEIEInterrupts
                0x00029ae4       0x30 ./SDK/platform/drivers/src/lpspi/lpspi_shared_function.o
                0x00029ae4                LPSPI_DRV_DisableTEIEInterrupts
 .text.LPSPI_DRV_SlaveAbortTransfer
                0x00029b14       0x74 ./SDK/platform/drivers/src/lpspi/lpspi_slave_driver.o
                0x00029b14                LPSPI_DRV_SlaveAbortTransfer
 .text.LPSPI_DRV_SlaveIRQHandler
                0x00029b88       0xd4 ./SDK/platform/drivers/src/lpspi/lpspi_slave_driver.o
                0x00029b88                LPSPI_DRV_SlaveIRQHandler
 .text.LPUART_DRV_CompleteSendDataUsingInt
                0x00029c5c       0x64 ./SDK/platform/drivers/src/lpuart/lpuart_driver.o
 .text.LPUART_DRV_StopTxDma
                0x00029cc0       0x64 ./SDK/platform/drivers/src/lpuart/lpuart_driver.o
 .text.LPUART_DRV_PutData
                0x00029d24       0x44 ./SDK/platform/drivers/src/lpuart/lpuart_driver.o
 .text.LPUART_DRV_StartReceiveDataUsingInt
                0x00029d68       0x54 ./SDK/platform/drivers/src/lpuart/lpuart_driver.o
 .text.LPUART_DRV_StartReceiveDataUsingDma
                0x00029dbc       0x9c ./SDK/platform/drivers/src/lpuart/lpuart_driver.o
 .text.LPUART_DRV_CompleteReceiveDataUsingInt
                0x00029e58       0x64 ./SDK/platform/drivers/src/lpuart/lpuart_driver.o
 .text.LPUART_DRV_StopRxDma
                0x00029ebc       0x64 ./SDK/platform/drivers/src/lpuart/lpuart_driver.o
 .text.LPUART_DRV_RxDmaCallback
                0x00029f20       0xa4 ./SDK/platform/drivers/src/lpuart/lpuart_driver.o
 .text.LPUART_DRV_GetData
                0x00029fc4       0x5c ./SDK/platform/drivers/src/lpuart/lpuart_driver.o
 .text.LPUART_DRV_InstallRxCallback
                0x0002a020       0x14 ./SDK/platform/drivers/src/lpuart/lpuart_driver.o
                0x0002a020                LPUART_DRV_InstallRxCallback
 .text.LPUART_DRV_InstallTxCallback
                0x0002a034       0x14 ./SDK/platform/drivers/src/lpuart/lpuart_driver.o
                0x0002a034                LPUART_DRV_InstallTxCallback
 .text.LPUART_DRV_ReceiveData
                0x0002a048       0x24 ./SDK/platform/drivers/src/lpuart/lpuart_driver.o
                0x0002a048                LPUART_DRV_ReceiveData
 .text.LPUART_DRV_GetReceiveStatus
                0x0002a06c       0x38 ./SDK/platform/drivers/src/lpuart/lpuart_driver.o
                0x0002a06c                LPUART_DRV_GetReceiveStatus
 .text.LPUART_DRV_SetBaudRate
                0x0002a0a4       0xd4 ./SDK/platform/drivers/src/lpuart/lpuart_driver.o
                0x0002a0a4                LPUART_DRV_SetBaudRate
 .text.LPUART_DRV_Init
                0x0002a178       0xe0 ./SDK/platform/drivers/src/lpuart/lpuart_driver.o
                0x0002a178                LPUART_DRV_Init
 .text.LPUART_DRV_SetRxBuffer
                0x0002a258       0x14 ./SDK/platform/drivers/src/lpuart/lpuart_driver.o
                0x0002a258                LPUART_DRV_SetRxBuffer
 .text.LPUART_DRV_IRQHandler
                0x0002a26c      0x2a8 ./SDK/platform/drivers/src/lpuart/lpuart_driver.o
                0x0002a26c                LPUART_DRV_IRQHandler
 .text.LPUART_Init
                0x0002a514       0x24 ./SDK/platform/drivers/src/lpuart/lpuart_hw_access.o
                0x0002a514                LPUART_Init
 .text.LPUART_SetBitCountPerChar
                0x0002a538       0x30 ./SDK/platform/drivers/src/lpuart/lpuart_hw_access.o
                0x0002a538                LPUART_SetBitCountPerChar
 .text.LPUART_SetParityMode
                0x0002a568       0x1e ./SDK/platform/drivers/src/lpuart/lpuart_hw_access.o
                0x0002a568                LPUART_SetParityMode
 .text.LPUART_Putchar9
                0x0002a586       0x16 ./SDK/platform/drivers/src/lpuart/lpuart_hw_access.o
                0x0002a586                LPUART_Putchar9
 .text.LPUART_Putchar10
                0x0002a59c       0x22 ./SDK/platform/drivers/src/lpuart/lpuart_hw_access.o
                0x0002a59c                LPUART_Putchar10
 .text.LPUART_Getchar9
                0x0002a5be       0x12 ./SDK/platform/drivers/src/lpuart/lpuart_hw_access.o
                0x0002a5be                LPUART_Getchar9
 .text.LPUART_Getchar10
                0x0002a5d0       0x1e ./SDK/platform/drivers/src/lpuart/lpuart_hw_access.o
                0x0002a5d0                LPUART_Getchar10
 .text.LPUART_SetIntMode
                0x0002a5ee       0x70 ./SDK/platform/drivers/src/lpuart/lpuart_hw_access.o
                0x0002a5ee                LPUART_SetIntMode
 .text.LPUART_GetIntMode
                0x0002a65e       0x4a ./SDK/platform/drivers/src/lpuart/lpuart_hw_access.o
                0x0002a65e                LPUART_GetIntMode
 .text.LPUART_GetStatusFlag
                0x0002a6a8       0x48 ./SDK/platform/drivers/src/lpuart/lpuart_hw_access.o
                0x0002a6a8                LPUART_GetStatusFlag
 .text.LPUART_SetErrorInterrupts
                0x0002a6f0       0x40 ./SDK/platform/drivers/src/lpuart/lpuart_hw_access.o
                0x0002a6f0                LPUART_SetErrorInterrupts
 .text.LPUART0_IrqHandler
                0x0002a730        0xa ./SDK/platform/drivers/src/lpuart/lpuart_irq.o
                0x0002a730                LPUART0_IrqHandler
 .text.LPUART1_IrqHandler
                0x0002a73a        0xa ./SDK/platform/drivers/src/lpuart/lpuart_irq.o
                0x0002a73a                LPUART1_IrqHandler
 .text.LPUART2_IrqHandler
                0x0002a744        0xa ./SDK/platform/drivers/src/lpuart/lpuart_irq.o
                0x0002a744                LPUART2_IrqHandler
 *fill*         0x0002a74e        0x2 
 .text.PDB_DRV_Init
                0x0002a750       0x70 ./SDK/platform/drivers/src/pdb/pdb_driver.o
                0x0002a750                PDB_DRV_Init
 .text.PDB_DRV_Enable
                0x0002a7c0       0x14 ./SDK/platform/drivers/src/pdb/pdb_driver.o
                0x0002a7c0                PDB_DRV_Enable
 .text.PDB_DRV_SoftTriggerCmd
                0x0002a7d4       0x14 ./SDK/platform/drivers/src/pdb/pdb_driver.o
                0x0002a7d4                PDB_DRV_SoftTriggerCmd
 .text.PDB_DRV_LoadValuesCmd
                0x0002a7e8       0x14 ./SDK/platform/drivers/src/pdb/pdb_driver.o
                0x0002a7e8                PDB_DRV_LoadValuesCmd
 .text.PDB_DRV_ConfigAdcPreTrigger
                0x0002a7fc       0x44 ./SDK/platform/drivers/src/pdb/pdb_driver.o
                0x0002a7fc                PDB_DRV_ConfigAdcPreTrigger
 .text.PDB_DRV_SetAdcPreTriggerDelayValue
                0x0002a840       0x24 ./SDK/platform/drivers/src/pdb/pdb_driver.o
                0x0002a840                PDB_DRV_SetAdcPreTriggerDelayValue
 .text.PDB_Init
                0x0002a864       0x5e ./SDK/platform/drivers/src/pdb/pdb_hw_access.o
                0x0002a864                PDB_Init
 *fill*         0x0002a8c2        0x2 
 .text.PDB_ConfigTimer
                0x0002a8c4       0x5c ./SDK/platform/drivers/src/pdb/pdb_hw_access.o
                0x0002a8c4                PDB_ConfigTimer
 .text.PDB_SetAdcPreTriggerBackToBackEnable
                0x0002a920       0x32 ./SDK/platform/drivers/src/pdb/pdb_hw_access.o
                0x0002a920                PDB_SetAdcPreTriggerBackToBackEnable
 .text.PDB_SetAdcPreTriggerOutputEnable
                0x0002a952       0x2e ./SDK/platform/drivers/src/pdb/pdb_hw_access.o
                0x0002a952                PDB_SetAdcPreTriggerOutputEnable
 .text.PDB_SetAdcPreTriggerEnable
                0x0002a980       0x2a ./SDK/platform/drivers/src/pdb/pdb_hw_access.o
                0x0002a980                PDB_SetAdcPreTriggerEnable
 .text.PINS_DRV_Init
                0x0002a9aa       0x20 ./SDK/platform/drivers/src/pins/pins_driver.o
                0x0002a9aa                PINS_DRV_Init
 .text.PINS_DRV_SetPinDirection
                0x0002a9ca       0x18 ./SDK/platform/drivers/src/pins/pins_driver.o
                0x0002a9ca                PINS_DRV_SetPinDirection
 .text.PINS_DRV_WritePin
                0x0002a9e2       0x18 ./SDK/platform/drivers/src/pins/pins_driver.o
                0x0002a9e2                PINS_DRV_WritePin
 .text.PINS_DRV_SetPins
                0x0002a9fa        0x4 ./SDK/platform/drivers/src/pins/pins_driver.o
                0x0002a9fa                PINS_DRV_SetPins
 .text.PINS_DRV_ClearPins
                0x0002a9fe        0x4 ./SDK/platform/drivers/src/pins/pins_driver.o
                0x0002a9fe                PINS_DRV_ClearPins
 .text.PINS_DRV_TogglePins
                0x0002aa02        0x4 ./SDK/platform/drivers/src/pins/pins_driver.o
                0x0002aa02                PINS_DRV_TogglePins
 .text.PINS_DRV_ReadPins
                0x0002aa06        0x4 ./SDK/platform/drivers/src/pins/pins_driver.o
                0x0002aa06                PINS_DRV_ReadPins
 *fill*         0x0002aa0a        0x2 
 .text.PINS_GetAdcInterleaveVal
                0x0002aa0c       0x70 ./SDK/platform/drivers/src/pins/pins_port_hw_access.o
 .text.PINS_Init
                0x0002aa7c      0x114 ./SDK/platform/drivers/src/pins/pins_port_hw_access.o
                0x0002aa7c                PINS_Init
 .text.TRGMUX_DRV_SetTrigSourceForTargetModule
                0x0002ab90       0x28 ./SDK/platform/drivers/src/trgmux/trgmux_driver.o
                0x0002ab90                TRGMUX_DRV_SetTrigSourceForTargetModule
 .text.TRGMUX_SetTrigSourceForTargetModule
                0x0002abb8       0x26 ./SDK/platform/drivers/src/trgmux/trgmux_hw_access.o
                0x0002abb8                TRGMUX_SetTrigSourceForTargetModule
 .text.TRGMUX_GetLockForTargetModule
                0x0002abde        0xa ./SDK/platform/drivers/src/trgmux/trgmux_hw_access.o
                0x0002abde                TRGMUX_GetLockForTargetModule
 .text.ADC0_IRQHandler
                0x0002abe8        0xa ./SDK/platform/pal/src/adc/adc_irq.o
                0x0002abe8                ADC0_IRQHandler
 .text.ADC1_IRQHandler
                0x0002abf2        0xa ./SDK/platform/pal/src/adc/adc_irq.o
                0x0002abf2                ADC1_IRQHandler
 .text.ADC_PalStateUpdateStart
                0x0002abfc       0x64 ./SDK/platform/pal/src/adc/adc_pal.o
 .text.ADC_ConfigGroup
                0x0002ac60      0x1a0 ./SDK/platform/pal/src/adc/adc_pal.o
 .text.ADC_Init
                0x0002ae00       0x9c ./SDK/platform/pal/src/adc/adc_pal.o
                0x0002ae00                ADC_Init
 .text.ADC_StartGroupConversion
                0x0002ae9c       0x50 ./SDK/platform/pal/src/adc/adc_pal.o
                0x0002ae9c                ADC_StartGroupConversion
 .text.ADC_S32K1xx_IrqHandler
                0x0002aeec       0xd0 ./SDK/platform/pal/src/adc/adc_pal.o
                0x0002aeec                ADC_S32K1xx_IrqHandler
 .text.CAN_FindFlexCANState
                0x0002afbc       0x30 ./SDK/platform/pal/src/can/can_pal.o
 .text.CAN_InternalCallback
                0x0002afec       0x6c ./SDK/platform/pal/src/can/can_pal.o
 .text.CAN_Init
                0x0002b058      0x130 ./SDK/platform/pal/src/can/can_pal.o
                0x0002b058                CAN_Init
 .text.CAN_ConfigTxBuff
                0x0002b188       0x74 ./SDK/platform/pal/src/can/can_pal.o
                0x0002b188                CAN_ConfigTxBuff
 .text.CAN_ConfigRxBuff
                0x0002b1fc       0x7c ./SDK/platform/pal/src/can/can_pal.o
                0x0002b1fc                CAN_ConfigRxBuff
 .text.CAN_Send
                0x0002b278       0x7c ./SDK/platform/pal/src/can/can_pal.o
                0x0002b278                CAN_Send
 .text.CAN_Receive
                0x0002b2f4       0x48 ./SDK/platform/pal/src/can/can_pal.o
                0x0002b2f4                CAN_Receive
 .text.CAN_AbortTransfer
                0x0002b33c       0x38 ./SDK/platform/pal/src/can/can_pal.o
                0x0002b33c                CAN_AbortTransfer
 .text.CAN_SetRxFilter
                0x0002b374       0x28 ./SDK/platform/pal/src/can/can_pal.o
                0x0002b374                CAN_SetRxFilter
 .text.CAN_GetTransferStatus
                0x0002b39c       0x3c ./SDK/platform/pal/src/can/can_pal.o
                0x0002b39c                CAN_GetTransferStatus
 .text.CAN_InstallEventCallback
                0x0002b3d8       0x40 ./SDK/platform/pal/src/can/can_pal.o
                0x0002b3d8                CAN_InstallEventCallback
 .text.I2C_MasterInit
                0x0002b418       0xa8 ./SDK/platform/pal/src/i2c/i2c_pal.o
                0x0002b418                I2C_MasterInit
 .text.I2C_MasterSendData
                0x0002b4c0       0x12 ./SDK/platform/pal/src/i2c/i2c_pal.o
                0x0002b4c0                I2C_MasterSendData
 .text.I2C_MasterReceiveData
                0x0002b4d2       0x12 ./SDK/platform/pal/src/i2c/i2c_pal.o
                0x0002b4d2                I2C_MasterReceiveData
 .text.PWM_Init
                0x0002b4e4      0x27c ./SDK/platform/pal/src/pwm/pwm_pal.o
                0x0002b4e4                PWM_Init
 .text.FindLpspiState
                0x0002b760       0x38 ./SDK/platform/pal/src/spi/spi_pal.o
 .text.SmallestPowerOfTwo
                0x0002b798       0x1c ./SDK/platform/pal/src/spi/spi_pal.o
 .text.SPI_MasterInit
                0x0002b7b4       0xe8 ./SDK/platform/pal/src/spi/spi_pal.o
                0x0002b7b4                SPI_MasterInit
 .text.SPI_MasterTransfer
                0x0002b89c       0x44 ./SDK/platform/pal/src/spi/spi_pal.o
                0x0002b89c                SPI_MasterTransfer
 .text.SPI_SetSS
                0x0002b8e0       0x14 ./SDK/platform/pal/src/spi/spi_pal.o
                0x0002b8e0                SPI_SetSS
 .text.UART_Init
                0x0002b8f4       0xd8 ./SDK/platform/pal/src/uart/uart_pal.o
                0x0002b8f4                UART_Init
 .text.UART_ReceiveData
                0x0002b9cc       0x12 ./SDK/platform/pal/src/uart/uart_pal.o
                0x0002b9cc                UART_ReceiveData
 .text.UART_GetReceiveStatus
                0x0002b9de       0x12 ./SDK/platform/pal/src/uart/uart_pal.o
                0x0002b9de                UART_GetReceiveStatus
 .text.UART_SetRxBuffer
                0x0002b9f0       0x12 ./SDK/platform/pal/src/uart/uart_pal.o
                0x0002b9f0                UART_SetRxBuffer
 .text.xEventGroupCreate
                0x0002ba02       0x1a ./SDK/rtos/FreeRTOS_S32K/Source/event_groups.o
                0x0002ba02                xEventGroupCreate
 .text.vListInitialise
                0x0002ba1c       0x16 ./SDK/rtos/FreeRTOS_S32K/Source/list.o
                0x0002ba1c                vListInitialise
 .text.vListInitialiseItem
                0x0002ba32        0x6 ./SDK/rtos/FreeRTOS_S32K/Source/list.o
                0x0002ba32                vListInitialiseItem
 .text.vListInsertEnd
                0x0002ba38       0x18 ./SDK/rtos/FreeRTOS_S32K/Source/list.o
                0x0002ba38                vListInsertEnd
 .text.vListInsert
                0x0002ba50       0x34 ./SDK/rtos/FreeRTOS_S32K/Source/list.o
                0x0002ba50                vListInsert
 .text.uxListRemove
                0x0002ba84       0x26 ./SDK/rtos/FreeRTOS_S32K/Source/list.o
                0x0002ba84                uxListRemove
 .text.prvIsQueueEmpty
                0x0002baaa       0x16 ./SDK/rtos/FreeRTOS_S32K/Source/queue.o
 .text.prvCopyDataToQueue
                0x0002bac0       0x76 ./SDK/rtos/FreeRTOS_S32K/Source/queue.o
 .text.prvCopyDataFromQueue
                0x0002bb36       0x24 ./SDK/rtos/FreeRTOS_S32K/Source/queue.o
 .text.prvUnlockQueue
                0x0002bb5a       0x82 ./SDK/rtos/FreeRTOS_S32K/Source/queue.o
 .text.xQueueGenericReset
                0x0002bbdc       0x70 ./SDK/rtos/FreeRTOS_S32K/Source/queue.o
                0x0002bbdc                xQueueGenericReset
 .text.xQueueGenericCreate
                0x0002bc4c       0x36 ./SDK/rtos/FreeRTOS_S32K/Source/queue.o
                0x0002bc4c                xQueueGenericCreate
 .text.xQueueCreateCountingSemaphore
                0x0002bc82       0x16 ./SDK/rtos/FreeRTOS_S32K/Source/queue.o
                0x0002bc82                xQueueCreateCountingSemaphore
 .text.xQueueGenericSend
                0x0002bc98      0x124 ./SDK/rtos/FreeRTOS_S32K/Source/queue.o
                0x0002bc98                xQueueGenericSend
 .text.xQueueGenericSendFromISR
                0x0002bdbc       0x84 ./SDK/rtos/FreeRTOS_S32K/Source/queue.o
                0x0002bdbc                xQueueGenericSendFromISR
 .text.xQueueGiveFromISR
                0x0002be40       0x6c ./SDK/rtos/FreeRTOS_S32K/Source/queue.o
                0x0002be40                xQueueGiveFromISR
 .text.xQueueReceive
                0x0002beac      0x110 ./SDK/rtos/FreeRTOS_S32K/Source/queue.o
                0x0002beac                xQueueReceive
 .text.uxQueueSpacesAvailable
                0x0002bfbc       0x16 ./SDK/rtos/FreeRTOS_S32K/Source/queue.o
                0x0002bfbc                uxQueueSpacesAvailable
 *fill*         0x0002bfd2        0x2 
 .text.vQueueAddToRegistry
                0x0002bfd4       0x34 ./SDK/rtos/FreeRTOS_S32K/Source/queue.o
                0x0002bfd4                vQueueAddToRegistry
 .text.vQueueUnregisterQueue
                0x0002c008       0x34 ./SDK/rtos/FreeRTOS_S32K/Source/queue.o
                0x0002c008                vQueueUnregisterQueue
 .text.vQueueDelete
                0x0002c03c       0x10 ./SDK/rtos/FreeRTOS_S32K/Source/queue.o
                0x0002c03c                vQueueDelete
 .text.vQueueWaitForMessageRestricted
                0x0002c04c       0x4e ./SDK/rtos/FreeRTOS_S32K/Source/queue.o
                0x0002c04c                vQueueWaitForMessageRestricted
 *fill*         0x0002c09a        0x2 
 .text.prvResetNextTaskUnblockTime
                0x0002c09c       0x2c ./SDK/rtos/FreeRTOS_S32K/Source/tasks.o
 .text.prvIdleTask
                0x0002c0c8       0x70 ./SDK/rtos/FreeRTOS_S32K/Source/tasks.o
 .text.prvAddCurrentTaskToDelayedList
                0x0002c138       0xa0 ./SDK/rtos/FreeRTOS_S32K/Source/tasks.o
 .text.xTaskCreate
                0x0002c1d8      0x1d4 ./SDK/rtos/FreeRTOS_S32K/Source/tasks.o
                0x0002c1d8                xTaskCreate
 .text.vTaskDelete
                0x0002c3ac       0xcc ./SDK/rtos/FreeRTOS_S32K/Source/tasks.o
                0x0002c3ac                vTaskDelete
 .text.vTaskStartScheduler
                0x0002c478       0x6c ./SDK/rtos/FreeRTOS_S32K/Source/tasks.o
                0x0002c478                vTaskStartScheduler
 .text.vTaskSuspendAll
                0x0002c4e4       0x10 ./SDK/rtos/FreeRTOS_S32K/Source/tasks.o
                0x0002c4e4                vTaskSuspendAll
 .text.xTaskGetTickCount
                0x0002c4f4        0xc ./SDK/rtos/FreeRTOS_S32K/Source/tasks.o
                0x0002c4f4                xTaskGetTickCount
 .text.xTaskIncrementTick
                0x0002c500      0x118 ./SDK/rtos/FreeRTOS_S32K/Source/tasks.o
                0x0002c500                xTaskIncrementTick
 .text.xTaskResumeAll
                0x0002c618       0xe8 ./SDK/rtos/FreeRTOS_S32K/Source/tasks.o
                0x0002c618                xTaskResumeAll
 .text.vTaskDelayUntil
                0x0002c700       0x5c ./SDK/rtos/FreeRTOS_S32K/Source/tasks.o
                0x0002c700                vTaskDelayUntil
 .text.vTaskDelay
                0x0002c75c       0x34 ./SDK/rtos/FreeRTOS_S32K/Source/tasks.o
                0x0002c75c                vTaskDelay
 .text.vTaskSwitchContext
                0x0002c790       0x9c ./SDK/rtos/FreeRTOS_S32K/Source/tasks.o
                0x0002c790                vTaskSwitchContext
 .text.vTaskPlaceOnEventList
                0x0002c82c       0x1c ./SDK/rtos/FreeRTOS_S32K/Source/tasks.o
                0x0002c82c                vTaskPlaceOnEventList
 .text.vTaskPlaceOnEventListRestricted
                0x0002c848       0x28 ./SDK/rtos/FreeRTOS_S32K/Source/tasks.o
                0x0002c848                vTaskPlaceOnEventListRestricted
 .text.xTaskRemoveFromEventList
                0x0002c870       0x74 ./SDK/rtos/FreeRTOS_S32K/Source/tasks.o
                0x0002c870                xTaskRemoveFromEventList
 .text.vTaskInternalSetTimeOutState
                0x0002c8e4       0x18 ./SDK/rtos/FreeRTOS_S32K/Source/tasks.o
                0x0002c8e4                vTaskInternalSetTimeOutState
 .text.xTaskCheckForTimeOut
                0x0002c8fc       0x74 ./SDK/rtos/FreeRTOS_S32K/Source/tasks.o
                0x0002c8fc                xTaskCheckForTimeOut
 .text.vTaskMissedYield
                0x0002c970        0xc ./SDK/rtos/FreeRTOS_S32K/Source/tasks.o
                0x0002c970                vTaskMissedYield
 .text.xTaskGetSchedulerState
                0x0002c97c       0x20 ./SDK/rtos/FreeRTOS_S32K/Source/tasks.o
                0x0002c97c                xTaskGetSchedulerState
 .text.xTaskPriorityDisinherit
                0x0002c99c       0x80 ./SDK/rtos/FreeRTOS_S32K/Source/tasks.o
                0x0002c99c                xTaskPriorityDisinherit
 .text.prvInsertTimerInActiveList
                0x0002ca1c       0x48 ./SDK/rtos/FreeRTOS_S32K/Source/timers.o
 .text.prvCheckForValidListAndQueue
                0x0002ca64       0x5c ./SDK/rtos/FreeRTOS_S32K/Source/timers.o
 .text.xTimerCreateTimerTask
                0x0002cac0       0x3c ./SDK/rtos/FreeRTOS_S32K/Source/timers.o
                0x0002cac0                xTimerCreateTimerTask
 .text.xTimerGenericCommand
                0x0002cafc       0x4c ./SDK/rtos/FreeRTOS_S32K/Source/timers.o
                0x0002cafc                xTimerGenericCommand
 .text.prvSampleTimeNow
                0x0002cb48       0x94 ./SDK/rtos/FreeRTOS_S32K/Source/timers.o
 .text.prvTimerTask
                0x0002cbdc      0x18c ./SDK/rtos/FreeRTOS_S32K/Source/timers.o