Archive member included to satisfy reference by file (symbol)

E:/S32DS/S32DS/build_tools/gcc_v6.3/gcc-6.3-arm32-eabi/arm-none-eabi/newlib/lib/thumb/v7e-m/fpv4-sp/hard\libm.a(lib_a-sf_floor.o)
                              ./VCU10_ert_rtw/VCU10.o (floorf)
E:/S32DS/S32DS/build_tools/gcc_v6.3/gcc-6.3-arm32-eabi/arm-none-eabi/newlib/lib/thumb/v7e-m/fpv4-sp/hard\libm.a(lib_a-s_floor.o)
                              ./VCU10_ert_rtw/VCU10.o (floor)
E:/S32DS/S32DS/build_tools/gcc_v6.3/gcc-6.3-arm32-eabi/arm-none-eabi/newlib/lib/thumb/v7e-m/fpv4-sp/hard\libm.a(lib_a-s_ldexp.o)
                              ./VCU10_ert_rtw/VCU10.o (ldexp)
E:/S32DS/S32DS/build_tools/gcc_v6.3/gcc-6.3-arm32-eabi/arm-none-eabi/newlib/lib/thumb/v7e-m/fpv4-sp/hard\libm.a(lib_a-s_scalbn.o)
                              E:/S32DS/S32DS/build_tools/gcc_v6.3/gcc-6.3-arm32-eabi/arm-none-eabi/newlib/lib/thumb/v7e-m/fpv4-sp/hard\libm.a(lib_a-s_ldexp.o) (scalbn)
E:/S32DS/S32DS/build_tools/gcc_v6.3/gcc-6.3-arm32-eabi/arm-none-eabi/newlib/lib/thumb/v7e-m/fpv4-sp/hard\libm.a(lib_a-s_sin.o)
                              ./VCU10_ert_rtw/VCU10.o (sin)
E:/S32DS/S32DS/build_tools/gcc_v6.3/gcc-6.3-arm32-eabi/arm-none-eabi/newlib/lib/thumb/v7e-m/fpv4-sp/hard\libm.a(lib_a-wf_fmod.o)
                              ./VCU10_ert_rtw/VCU10.o (fmodf)
E:/S32DS/S32DS/build_tools/gcc_v6.3/gcc-6.3-arm32-eabi/arm-none-eabi/newlib/lib/thumb/v7e-m/fpv4-sp/hard\libm.a(lib_a-w_fmod.o)
                              ./VCU10_ert_rtw/VCU10.o (fmod)
E:/S32DS/S32DS/build_tools/gcc_v6.3/gcc-6.3-arm32-eabi/arm-none-eabi/newlib/lib/thumb/v7e-m/fpv4-sp/hard\libm.a(lib_a-ef_fmod.o)
                              E:/S32DS/S32DS/build_tools/gcc_v6.3/gcc-6.3-arm32-eabi/arm-none-eabi/newlib/lib/thumb/v7e-m/fpv4-sp/hard\libm.a(lib_a-wf_fmod.o) (__ieee754_fmodf)
E:/S32DS/S32DS/build_tools/gcc_v6.3/gcc-6.3-arm32-eabi/arm-none-eabi/newlib/lib/thumb/v7e-m/fpv4-sp/hard\libm.a(lib_a-e_fmod.o)
                              E:/S32DS/S32DS/build_tools/gcc_v6.3/gcc-6.3-arm32-eabi/arm-none-eabi/newlib/lib/thumb/v7e-m/fpv4-sp/hard\libm.a(lib_a-w_fmod.o) (__ieee754_fmod)
E:/S32DS/S32DS/build_tools/gcc_v6.3/gcc-6.3-arm32-eabi/arm-none-eabi/newlib/lib/thumb/v7e-m/fpv4-sp/hard\libm.a(lib_a-e_rem_pio2.o)
                              E:/S32DS/S32DS/build_tools/gcc_v6.3/gcc-6.3-arm32-eabi/arm-none-eabi/newlib/lib/thumb/v7e-m/fpv4-sp/hard\libm.a(lib_a-s_sin.o) (__ieee754_rem_pio2)
E:/S32DS/S32DS/build_tools/gcc_v6.3/gcc-6.3-arm32-eabi/arm-none-eabi/newlib/lib/thumb/v7e-m/fpv4-sp/hard\libm.a(lib_a-k_cos.o)
                              E:/S32DS/S32DS/build_tools/gcc_v6.3/gcc-6.3-arm32-eabi/arm-none-eabi/newlib/lib/thumb/v7e-m/fpv4-sp/hard\libm.a(lib_a-s_sin.o) (__kernel_cos)
E:/S32DS/S32DS/build_tools/gcc_v6.3/gcc-6.3-arm32-eabi/arm-none-eabi/newlib/lib/thumb/v7e-m/fpv4-sp/hard\libm.a(lib_a-k_rem_pio2.o)
                              E:/S32DS/S32DS/build_tools/gcc_v6.3/gcc-6.3-arm32-eabi/arm-none-eabi/newlib/lib/thumb/v7e-m/fpv4-sp/hard\libm.a(lib_a-e_rem_pio2.o) (__kernel_rem_pio2)
E:/S32DS/S32DS/build_tools/gcc_v6.3/gcc-6.3-arm32-eabi/arm-none-eabi/newlib/lib/thumb/v7e-m/fpv4-sp/hard\libm.a(lib_a-k_sin.o)
                              E:/S32DS/S32DS/build_tools/gcc_v6.3/gcc-6.3-arm32-eabi/arm-none-eabi/newlib/lib/thumb/v7e-m/fpv4-sp/hard\libm.a(lib_a-s_sin.o) (__kernel_sin)
E:/S32DS/S32DS/build_tools/gcc_v6.3/gcc-6.3-arm32-eabi/arm-none-eabi/newlib/lib/thumb/v7e-m/fpv4-sp/hard\libm.a(lib_a-s_copysign.o)
                              E:/S32DS/S32DS/build_tools/gcc_v6.3/gcc-6.3-arm32-eabi/arm-none-eabi/newlib/lib/thumb/v7e-m/fpv4-sp/hard\libm.a(lib_a-s_scalbn.o) (copysign)
E:/S32DS/S32DS/build_tools/gcc_v6.3/gcc-6.3-arm32-eabi/arm-none-eabi/newlib/lib/thumb/v7e-m/fpv4-sp/hard\libm.a(lib_a-s_fabs.o)
                              E:/S32DS/S32DS/build_tools/gcc_v6.3/gcc-6.3-arm32-eabi/arm-none-eabi/newlib/lib/thumb/v7e-m/fpv4-sp/hard\libm.a(lib_a-e_rem_pio2.o) (fabs)
E:/S32DS/S32DS/build_tools/gcc_v6.3/gcc-6.3-arm32-eabi/arm-none-eabi/newlib/lib/thumb/v7e-m/fpv4-sp/hard\libm.a(lib_a-s_finite.o)
                              E:/S32DS/S32DS/build_tools/gcc_v6.3/gcc-6.3-arm32-eabi/arm-none-eabi/newlib/lib/thumb/v7e-m/fpv4-sp/hard\libm.a(lib_a-s_ldexp.o) (finite)
E:/S32DS/S32DS/build_tools/gcc_v6.3/gcc-6.3-arm32-eabi/arm-none-eabi/newlib/lib/thumb/v7e-m/fpv4-sp/hard\libm.a(lib_a-s_lib_ver.o)
                              E:/S32DS/S32DS/build_tools/gcc_v6.3/gcc-6.3-arm32-eabi/arm-none-eabi/newlib/lib/thumb/v7e-m/fpv4-sp/hard\libm.a(lib_a-wf_fmod.o) (__fdlib_version)
E:/S32DS/S32DS/build_tools/gcc_v6.3/gcc-6.3-arm32-eabi/arm-none-eabi/newlib/lib/thumb/v7e-m/fpv4-sp/hard\libm.a(lib_a-s_matherr.o)
                              E:/S32DS/S32DS/build_tools/gcc_v6.3/gcc-6.3-arm32-eabi/arm-none-eabi/newlib/lib/thumb/v7e-m/fpv4-sp/hard\libm.a(lib_a-wf_fmod.o) (matherr)
e:/s32ds/s32ds/build_tools/gcc_v6.3/gcc-6.3-arm32-eabi/bin/../lib/gcc/arm-none-eabi/6.3.1/thumb/v7e-m/fpv4-sp/hard\libgcc.a(_arm_addsubdf3.o)
[...]
Memory Configuration

Name             Origin             Length             Attributes
m_interrupts     0x00020000         0x00000400         xr
m_flash_config   0x00020400         0x00000010         xr
m_text           0x00020410         0x00040000         xr
m_data           0x1ffe0000         0x00020000         rw
m_data_2         0x20000000         0x0001eff0         rw
appup_boot_flag  0x2001eff0         0x00000010         rw
*default*        0x00000000         0xffffffff

Linker script and memory map

LOAD e:/s32ds/s32ds/build_tools/gcc_v6.3/gcc-6.3-arm32-eabi/bin/../lib/gcc/arm-none-eabi/6.3.1/thumb/v7e-m/fpv4-sp/hard/crti.o
LOAD e:/s32ds/s32ds/build_tools/gcc_v6.3/gcc-6.3-arm32-eabi/bin/../lib/gcc/arm-none-eabi/6.3.1/thumb/v7e-m/fpv4-sp/hard/crtbegin.o
LOAD E:/S32DS/S32DS/build_tools/gcc_v6.3/gcc-6.3-arm32-eabi/arm-none-eabi/newlib/lib/thumb/v7e-m/fpv4-sp/hard/crt0.o
LOAD ./Generated_Code/Cpu.o
LOAD ./Generated_Code/Flash1.o
LOAD ./Generated_Code/adc0.o
LOAD ./Generated_Code/can0.o
LOAD ./Generated_Code/can1.o
LOAD ./Generated_Code/can2.o
LOAD ./Generated_Code/clockMan1.o
LOAD ./Generated_Code/dmaController1.o
LOAD ./Generated_Code/flexio_uart_rx.o
LOAD ./Generated_Code/flexio_uart_tx.o
LOAD ./Generated_Code/i2c0_ads15.o
LOAD ./Generated_Code/i2c1_at24c.o
LOAD ./Generated_Code/pin_mux.o
LOAD ./Generated_Code/pwm1_ucc27.o
LOAD ./Generated_Code/pwm5.o
LOAD ./Generated_Code/pwm6_tlf35.o
LOAD ./Generated_Code/pwrMan1.o
LOAD ./Generated_Code/spi0_tlf35.o
LOAD ./Generated_Code/spi1_max318.o
LOAD ./Generated_Code/spi2_mc338.o
LOAD ./Generated_Code/uart0_iot.o
LOAD ./Generated_Code/uart1_jy60.o
LOAD ./Generated_Code/uart2_sbus.o
LOAD ./ImpCode/bsp/base/bsp_adc.o
LOAD ./ImpCode/bsp/base/bsp_ads1115.o
LOAD ./ImpCode/bsp/base/bsp_adsch8.o
LOAD ./ImpCode/bsp/base/bsp_at24c256.o
LOAD ./ImpCode/bsp/base/bsp_bootld.o
LOAD ./ImpCode/bsp/base/bsp_max31865.o
LOAD ./ImpCode/bsp/base/bsp_mc33879.o
LOAD ./ImpCode/bsp/base/bsp_pflash.o
LOAD ./ImpCode/bsp/base/bsp_pin.o
LOAD ./ImpCode/bsp/base/bsp_tlf35584.o
LOAD ./ImpCode/bsp/base/bsp_ucc27517.o
LOAD ./ImpCode/bsp/com/bsp_can0.o
LOAD ./ImpCode/bsp/com/bsp_can1.o
LOAD ./ImpCode/bsp/com/bsp_can2.o
LOAD ./ImpCode/bsp/com/bsp_net.o
LOAD ./ImpCode/bsp/com/bsp_uart.o
LOAD ./ImpCode/bsp/com/bsp_uart_iot.o
LOAD ./ImpCode/bsp/com/bsp_uart_jy60.o
LOAD ./ImpCode/bsp/com/bsp_uart_sbus.o
LOAD ./ImpCode/interface/CAN_Node.o
LOAD ./ImpCode/os/os_task.o
LOAD ./ImpCode/os/os_task_CanOut.o
LOAD ./ImpCode/os/os_task_CoreApp.o
LOAD ./ImpCode/os/os_task_Debug.o
LOAD ./ImpCode/os/os_task_VcuCtrl.o
LOAD ./ImpCode/os/os_task_getComIn.o
LOAD ./ImpCode/os/os_task_getIn.o
LOAD ./Project_Settings/Startup_Code/startup_S32K148.o
LOAD ./SDK/middleware/tcpip/lwip/src/api/api_lib.o
LOAD ./SDK/middleware/tcpip/lwip/src/api/api_msg.o
LOAD ./SDK/middleware/tcpip/lwip/src/api/err.o
LOAD ./SDK/middleware/tcpip/lwip/src/api/netbuf.o
LOAD ./SDK/middleware/tcpip/lwip/src/api/netdb.o
LOAD ./SDK/middleware/tcpip/lwip/src/api/netifapi.o
LOAD ./SDK/middleware/tcpip/lwip/src/api/sockets.o
LOAD ./SDK/middleware/tcpip/lwip/src/api/tcpip.o
LOAD ./SDK/middleware/tcpip/lwip/src/apps/lwiperf/lwiperf.o
LOAD ./SDK/middleware/tcpip/lwip/src/apps/mdns/mdns.o
LOAD ./SDK/middleware/tcpip/lwip/src/apps/mqtt/mqtt.o
LOAD ./SDK/middleware/tcpip/lwip/src/apps/snmp/snmp_asn1.o
LOAD ./SDK/middleware/tcpip/lwip/src/apps/snmp/snmp_core.o
LOAD ./SDK/middleware/tcpip/lwip/src/apps/snmp/snmp_mib2.o
LOAD ./SDK/middleware/tcpip/lwip/src/apps/snmp/snmp_mib2_icmp.o
LOAD ./SDK/middleware/tcpip/lwip/src/apps/snmp/snmp_mib2_interfaces.o
LOAD ./SDK/middleware/tcpip/lwip/src/apps/snmp/snmp_mib2_ip.o
LOAD ./SDK/middleware/tcpip/lwip/src/apps/snmp/snmp_mib2_snmp.o
LOAD ./SDK/middleware/tcpip/lwip/src/apps/snmp/snmp_mib2_system.o
LOAD ./SDK/middleware/tcpip/lwip/src/apps/snmp/snmp_mib2_tcp.o
LOAD ./SDK/middleware/tcpip/lwip/src/apps/snmp/snmp_mib2_udp.o
LOAD ./SDK/middleware/tcpip/lwip/src/apps/snmp/snmp_msg.o
LOAD ./SDK/middleware/tcpip/lwip/src/apps/snmp/snmp_netconn.o
LOAD ./SDK/middleware/tcpip/lwip/src/apps/snmp/snmp_pbuf_stream.o
LOAD ./SDK/middleware/tcpip/lwip/src/apps/snmp/snmp_raw.o
LOAD ./SDK/middleware/tcpip/lwip/src/apps/snmp/snmp_scalar.o
LOAD ./SDK/middleware/tcpip/lwip/src/apps/snmp/snmp_table.o
LOAD ./SDK/middleware/tcpip/lwip/src/apps/snmp/snmp_threadsync.o
LOAD ./SDK/middleware/tcpip/lwip/src/apps/snmp/snmp_traps.o
LOAD ./SDK/middleware/tcpip/lwip/src/apps/snmp/snmpv3.o
LOAD ./SDK/middleware/tcpip/lwip/src/apps/snmp/snmpv3_dummy.o
LOAD ./SDK/middleware/tcpip/lwip/src/apps/snmp/snmpv3_mbedtls.o
LOAD ./SDK/middleware/tcpip/lwip/src/apps/tftp/tftp_server.o
LOAD ./SDK/middleware/tcpip/lwip/src/core/def.o
LOAD ./SDK/middleware/tcpip/lwip/src/core/dns.o
LOAD ./SDK/middleware/tcpip/lwip/src/core/inet_chksum.o
LOAD ./SDK/middleware/tcpip/lwip/src/core/init.o
LOAD ./SDK/middleware/tcpip/lwip/src/core/ip.o
LOAD ./SDK/middleware/tcpip/lwip/src/core/mem.o
LOAD ./SDK/middleware/tcpip/lwip/src/core/memp.o
LOAD ./SDK/middleware/tcpip/lwip/src/core/netif.o
LOAD ./SDK/middleware/tcpip/lwip/src/core/pbuf.o
LOAD ./SDK/middleware/tcpip/lwip/src/core/raw.o
LOAD ./SDK/middleware/tcpip/lwip/src/core/stats.o
LOAD ./SDK/middleware/tcpip/lwip/src/core/sys.o
LOAD ./SDK/middleware/tcpip/lwip/src/core/tcp.o
LOAD ./SDK/middleware/tcpip/lwip/src/core/tcp_in.o
LOAD ./SDK/middleware/tcpip/lwip/src/core/tcp_out.o
LOAD ./SDK/middleware/tcpip/lwip/src/core/timeouts.o
LOAD ./SDK/middleware/tcpip/lwip/src/core/udp.o
LOAD ./SDK/middleware/tcpip/lwip/src/core/ipv4/autoip.o
LOAD ./SDK/middleware/tcpip/lwip/src/core/ipv4/dhcp.o
LOAD ./SDK/middleware/tcpip/lwip/src/core/ipv4/etharp.o
LOAD ./SDK/middleware/tcpip/lwip/src/core/ipv4/icmp.o
LOAD ./SDK/middleware/tcpip/lwip/src/core/ipv4/igmp.o
LOAD ./SDK/middleware/tcpip/lwip/src/core/ipv4/ip4.o
LOAD ./SDK/middleware/tcpip/lwip/src/core/ipv4/ip4_addr.o
LOAD ./SDK/middleware/tcpip/lwip/src/core/ipv4/ip4_frag.o
LOAD ./SDK/middleware/tcpip/lwip/src/core/ipv6/dhcp6.o
LOAD ./SDK/middleware/tcpip/lwip/src/core/ipv6/ethip6.o
LOAD ./SDK/middleware/tcpip/lwip/src/core/ipv6/icmp6.o
LOAD ./SDK/middleware/tcpip/lwip/src/core/ipv6/inet6.o
LOAD ./SDK/middleware/tcpip/lwip/src/core/ipv6/ip6.o
LOAD ./SDK/middleware/tcpip/lwip/src/core/ipv6/ip6_addr.o
LOAD ./SDK/middleware/tcpip/lwip/src/core/ipv6/ip6_frag.o
LOAD ./SDK/middleware/tcpip/lwip/src/core/ipv6/mld6.o
LOAD ./SDK/middleware/tcpip/lwip/src/core/ipv6/nd6.o
LOAD ./SDK/middleware/tcpip/lwip/src/netif/ethernet.o
LOAD ./SDK/middleware/tcpip/lwip/src/netif/ethernetif.o
LOAD ./SDK/middleware/tcpip/lwip/src/netif/lowpan6.o
LOAD ./SDK/middleware/tcpip/lwip/src/netif/slipif.o
LOAD ./SDK/middleware/tcpip/lwip/src/netif/ppp/auth.o
LOAD ./SDK/middleware/tcpip/lwip/src/netif/ppp/ccp.o
LOAD ./SDK/middleware/tcpip/lwip/src/netif/ppp/chap-md5.o
LOAD ./SDK/middleware/tcpip/lwip/src/netif/ppp/chap-new.o
LOAD ./SDK/middleware/tcpip/lwip/src/netif/ppp/chap_ms.o
LOAD ./SDK/middleware/tcpip/lwip/src/netif/ppp/demand.o
LOAD ./SDK/middleware/tcpip/lwip/src/netif/ppp/eap.o
LOAD ./SDK/middleware/tcpip/lwip/src/netif/ppp/ecp.o
LOAD ./SDK/middleware/tcpip/lwip/src/netif/ppp/eui64.o
LOAD ./SDK/middleware/tcpip/lwip/src/netif/ppp/fsm.o
LOAD ./SDK/middleware/tcpip/lwip/src/netif/ppp/ipcp.o
LOAD ./SDK/middleware/tcpip/lwip/src/netif/ppp/ipv6cp.o
LOAD ./SDK/middleware/tcpip/lwip/src/netif/ppp/lcp.o
LOAD ./SDK/middleware/tcpip/lwip/src/netif/ppp/magic.o
LOAD ./SDK/middleware/tcpip/lwip/src/netif/ppp/mppe.o
LOAD ./SDK/middleware/tcpip/lwip/src/netif/ppp/multilink.o
LOAD ./SDK/middleware/tcpip/lwip/src/netif/ppp/ppp.o
LOAD ./SDK/middleware/tcpip/lwip/src/netif/ppp/pppapi.o
LOAD ./SDK/middleware/tcpip/lwip/src/netif/ppp/pppcrypt.o
LOAD ./SDK/middleware/tcpip/lwip/src/netif/ppp/pppoe.o
LOAD ./SDK/middleware/tcpip/lwip/src/netif/ppp/pppol2tp.o
LOAD ./SDK/middleware/tcpip/lwip/src/netif/ppp/pppos.o
LOAD ./SDK/middleware/tcpip/lwip/src/netif/ppp/upap.o
LOAD ./SDK/middleware/tcpip/lwip/src/netif/ppp/utils.o
LOAD ./SDK/middleware/tcpip/lwip/src/netif/ppp/vj.o
LOAD ./SDK/middleware/tcpip/lwip/src/netif/ppp/polarssl/arc4.o
LOAD ./SDK/middleware/tcpip/lwip/src/netif/ppp/polarssl/des.o
LOAD ./SDK/middleware/tcpip/lwip/src/netif/ppp/polarssl/md4.o
LOAD ./SDK/middleware/tcpip/lwip/src/netif/ppp/polarssl/md5.o
LOAD ./SDK/middleware/tcpip/lwip/src/netif/ppp/polarssl/sha1.o
LOAD ./SDK/middleware/tcpip/tcpip_stack/addons/tcp_isn/tcp_isn.o
LOAD ./SDK/middleware/tcpip/tcpip_stack/apps/ccov/ccov.o
LOAD ./SDK/middleware/tcpip/tcpip_stack/apps/chargen/chargen.o
LOAD ./SDK/middleware/tcpip/tcpip_stack/apps/smtp/smtp.o
LOAD ./SDK/middleware/tcpip/tcpip_stack/apps/snmp_private_mib/lwip_prvmib.o
LOAD ./SDK/middleware/tcpip/tcpip_stack/apps/tcpecho/tcpecho.o
LOAD ./SDK/middleware/tcpip/tcpip_stack/apps/udpecho_raw/udpecho_raw.o
LOAD ./SDK/middleware/tcpip/tcpip_stack/demo/test.o
LOAD ./SDK/middleware/tcpip/tcpip_stack/ports/OS/sys_arch.o
LOAD ./SDK/middleware/tcpip/tcpip_stack/ports/netif/enetif/enetif.o
LOAD ./SDK/middleware/tcpip/tcpip_stack/ports/platform/S32K148/platform.o
LOAD ./SDK/platform/devices/S32K148/startup/system_S32K148.o
LOAD ./SDK/platform/devices/startup.o
LOAD ./SDK/platform/drivers/src/adc/adc_driver.o
LOAD ./SDK/platform/drivers/src/clock/S32K1xx/clock_S32K1xx.o
LOAD ./SDK/platform/drivers/src/edma/edma_driver.o
LOAD ./SDK/platform/drivers/src/edma/edma_hw_access.o
LOAD ./SDK/platform/drivers/src/edma/edma_irq.o
LOAD ./SDK/platform/drivers/src/enet/enet_driver.o
LOAD ./SDK/platform/drivers/src/enet/enet_hw_access.o
LOAD ./SDK/platform/drivers/src/enet/enet_irq.o
LOAD ./SDK/platform/drivers/src/flash/flash_driver.o
LOAD ./SDK/platform/drivers/src/flexcan/flexcan_driver.o
LOAD ./SDK/platform/drivers/src/flexcan/flexcan_hw_access.o
LOAD ./SDK/platform/drivers/src/flexcan/flexcan_irq.o
LOAD ./SDK/platform/drivers/src/flexio/flexio_common.o
LOAD ./SDK/platform/drivers/src/flexio/flexio_uart_driver.o
LOAD ./SDK/platform/drivers/src/ftm/ftm_common.o
LOAD ./SDK/platform/drivers/src/ftm/ftm_hw_access.o
LOAD ./SDK/platform/drivers/src/ftm/ftm_pwm_driver.o
LOAD ./SDK/platform/drivers/src/interrupt/interrupt_manager.o
LOAD ./SDK/platform/drivers/src/lpi2c/lpi2c_driver.o
LOAD ./SDK/platform/drivers/src/lpi2c/lpi2c_hw_access.o
LOAD ./SDK/platform/drivers/src/lpi2c/lpi2c_irq.o
LOAD ./SDK/platform/drivers/src/lpspi/lpspi_hw_access.o
LOAD ./SDK/platform/drivers/src/lpspi/lpspi_irq.o
LOAD ./SDK/platform/drivers/src/lpspi/lpspi_master_driver.o
LOAD ./SDK/platform/drivers/src/lpspi/lpspi_shared_function.o
LOAD ./SDK/platform/drivers/src/lpspi/lpspi_slave_driver.o
LOAD ./SDK/platform/drivers/src/lpuart/lpuart_driver.o
LOAD ./SDK/platform/drivers/src/lpuart/lpuart_hw_access.o
LOAD ./SDK/platform/drivers/src/lpuart/lpuart_irq.o
LOAD ./SDK/platform/drivers/src/pdb/pdb_driver.o
LOAD ./SDK/platform/drivers/src/pdb/pdb_hw_access.o
LOAD ./SDK/platform/drivers/src/pins/pins_driver.o
LOAD ./SDK/platform/drivers/src/pins/pins_port_hw_access.o
LOAD ./SDK/platform/drivers/src/power/S32K1xx/power_manager_S32K1xx.o
LOAD ./SDK/platform/drivers/src/power/S32K1xx/power_smc_hw_access.o
LOAD ./SDK/platform/drivers/src/power/power_manager.o
LOAD ./SDK/platform/drivers/src/trgmux/trgmux_driver.o
LOAD ./SDK/platform/drivers/src/trgmux/trgmux_hw_access.o
LOAD ./SDK/platform/pal/src/adc/adc_irq.o
LOAD ./SDK/platform/pal/src/adc/adc_pal.o
LOAD ./SDK/platform/pal/src/can/can_pal.o
LOAD ./SDK/platform/pal/src/i2c/i2c_pal.o
LOAD ./SDK/platform/pal/src/pwm/pwm_pal.o
LOAD ./SDK/platform/pal/src/spi/spi_pal.o
LOAD ./SDK/platform/pal/src/uart/uart_pal.o
LOAD ./SDK/rtos/FreeRTOS_S32K/Source/croutine.o
LOAD ./SDK/rtos/FreeRTOS_S32K/Source/event_groups.o
LOAD ./SDK/rtos/FreeRTOS_S32K/Source/list.o
LOAD ./SDK/rtos/FreeRTOS_S32K/Source/queue.o
LOAD ./SDK/rtos/FreeRTOS_S32K/Source/stream_buffer.o
LOAD ./SDK/rtos/FreeRTOS_S32K/Source/tasks.o
LOAD ./SDK/rtos/FreeRTOS_S32K/Source/timers.o
LOAD ./SDK/rtos/FreeRTOS_S32K/Source/portable/GCC/ARM_CM4F/port.o
LOAD ./SDK/rtos/FreeRTOS_S32K/Source/portable/MemMang/heap_4.o
LOAD ./SDK/rtos/osif/osif_freertos.o
LOAD ./Sources/main.o
LOAD ./VCU10_ert_rtw/VCU10.o
LOAD ./VCU10_ert_rtw/VCU10_data.o
LOAD ./VCU10_ert_rtw/rtGetInf.o
LOAD ./VCU10_ert_rtw/rtGetNaN.o
LOAD ./VCU10_ert_rtw/rt_nonfinite.o
LOAD E:/S32DS/S32DS/build_tools/gcc_v6.3/gcc-6.3-arm32-eabi/arm-none-eabi/newlib/lib/thumb/v7e-m/fpv4-sp/hard\libm.a
START GROUP
LOAD e:/s32ds/s32ds/build_tools/gcc_v6.3/gcc-6.3-arm32-eabi/bin/../lib/gcc/arm-none-eabi/6.3.1/thumb/v7e-m/fpv4-sp/hard\libgcc.a
LOAD E:/S32DS/S32DS/build_tools/gcc_v6.3/gcc-6.3-arm32-eabi/arm-none-eabi/newlib/lib/thumb/v7e-m/fpv4-sp/hard\libc_nano.a
END GROUP
START GROUP
LOAD e:/s32ds/s32ds/build_tools/gcc_v6.3/gcc-6.3-arm32-eabi/bin/../lib/gcc/arm-none-eabi/6.3.1/thumb/v7e-m/fpv4-sp/hard\libgcc.a
LOAD E:/S32DS/S32DS/build_tools/gcc_v6.3/gcc-6.3-arm32-eabi/arm-none-eabi/newlib/lib/thumb/v7e-m/fpv4-sp/hard\libc_nano.a
LOAD E:/S32DS/S32DS/build_tools/gcc_v6.3/gcc-6.3-arm32-eabi/arm-none-eabi/newlib/lib/thumb/v7e-m/fpv4-sp/hard\libnosys.a
END GROUP
START GROUP
LOAD e:/s32ds/s32ds/build_tools/gcc_v6.3/gcc-6.3-arm32-eabi/bin/../lib/gcc/arm-none-eabi/6.3.1/thumb/v7e-m/fpv4-sp/hard\libgcc.a
LOAD E:/S32DS/S32DS/build_tools/gcc_v6.3/gcc-6.3-arm32-eabi/arm-none-eabi/newlib/lib/thumb/v7e-m/fpv4-sp/hard\libc_nano.a
LOAD E:/S32DS/S32DS/build_tools/gcc_v6.3/gcc-6.3-arm32-eabi/arm-none-eabi/newlib/lib/thumb/v7e-m/fpv4-sp/hard\libnosys.a
END GROUP
LOAD e:/s32ds/s32ds/build_tools/gcc_v6.3/gcc-6.3-arm32-eabi/bin/../lib/gcc/arm-none-eabi/6.3.1/thumb/v7e-m/fpv4-sp/hard/crtend.o
LOAD e:/s32ds/s32ds/build_tools/gcc_v6.3/gcc-6.3-arm32-eabi/bin/../lib/gcc/arm-none-eabi/6.3.1/thumb/v7e-m/fpv4-sp/hard/crtn.o
                0x00000400                HEAP_SIZE = DEFINED (__heap_size__)?__heap_size__:0x400
                0x00000400                STACK_SIZE = DEFINED (__stack_size__)?__stack_size__:0x400
                0x00000400                M_VECTOR_RAM_SIZE = DEFINED (__flash_vector_table__)?0x0:0x400

.interrupts     0x00020000      0x400
                0x00020000                __VECTOR_TABLE = .
                0x00020000                __interrupts_start__ = .
                0x00020000                . = ALIGN (0x4)
 *(.isr_vector)
 .isr_vector    0x00020000      0x400 ./Project_Settings/Startup_Code/startup_S32K148.o
                0x00020000                __isr_vector
                0x00020400                __interrupts_end__ = .
                0x00020400                . = ALIGN (0x4)

.flash_config   0x00020400       0x10
                0x00020400                . = ALIGN (0x4)
 *(.FlashConfig)
 .FlashConfig   0x00020400       0x10 ./Project_Settings/Startup_Code/startup_S32K148.o
                0x00020410                . = ALIGN (0x4)

.text           0x00020410    0x12cf8
                0x00020410                . = ALIGN (0x4)
 *(.text)
 .text          0x00020410       0x4c ./Project_Settings/Startup_Code/startup_S32K148.o
                0x00020410                Reset_Handler
                0x00020458                FTM5_Ch2_Ch3_IRQHandler
                0x00020458                DebugMon_Handler
                0x00020458                HardFault_Handler
                0x00020458                FTM7_Ch2_Ch3_IRQHandler
                0x00020458                Reserved103_IRQHandler
                0x00020458                FTM7_Ch6_Ch7_IRQHandler
                0x00020458                FTM2_Ovf_Reload_IRQHandler
                0x00020458                Reserved50_IRQHandler
                0x00020458                FTFC_Fault_IRQHandler
                0x00020458                FTM0_Ch6_Ch7_IRQHandler
                0x00020458                Reserved114_IRQHandler
                0x00020458                NMI_Handler
                0x00020458                ERM_double_fault_IRQHandler
                0x00020458                Reserved59_IRQHandler
                0x00020458                LPIT0_Ch0_IRQHandler
                0x00020458                Reserved99_IRQHandler
                0x00020458                FTM7_Ch4_Ch5_IRQHandler
                0x00020458                FTM3_Ch6_Ch7_IRQHandler
                0x00020458                LPIT0_Ch3_IRQHandler
                0x00020458                FTM0_Ch4_Ch5_IRQHandler
                0x00020458                FTM4_Ch6_Ch7_IRQHandler
                0x00020458                FTM3_Ch0_Ch1_IRQHandler
                0x00020458                SWI_IRQHandler
                0x00020458                FTM2_Ch4_Ch5_IRQHandler
                0x00020458                UsageFault_Handler
                0x00020458                FTM0_Ovf_Reload_IRQHandler
                0x00020458                FTM4_Fault_IRQHandler
                0x00020458                DefaultISR
                0x00020458                Reserved58_IRQHandler
                0x00020458                FTM7_Fault_IRQHandler
                0x00020458                FTM1_Ch2_Ch3_IRQHandler
                0x00020458                Reserved82_IRQHandler
                0x00020458                PORTD_IRQHandler
                0x00020458                SAI1_Rx_IRQHandler
                0x00020458                Reserved69_IRQHandler
                0x00020458                PORTB_IRQHandler
                0x00020458                Reserved70_IRQHandler
                0x00020458                FTM2_Ch2_Ch3_IRQHandler
                0x00020458                FTM5_Ch0_Ch1_IRQHandler
                0x00020458                Reserved53_IRQHandler
                0x00020458                RTC_IRQHandler
                0x00020458                PDB0_IRQHandler
                0x00020458                Reserved54_IRQHandler
                0x00020458                FTM6_Fault_IRQHandler
                0x00020458                FTM2_Ch6_Ch7_IRQHandler
                0x00020458                FTM6_Ch4_Ch5_IRQHandler
                0x00020458                FTM3_Ch2_Ch3_IRQHandler
                0x00020458                FTM6_Ch2_Ch3_IRQHandler
                0x00020458                FTM2_Ch0_Ch1_IRQHandler
                0x00020458                LPUART1_RxTx_IRQHandler
                0x00020458                FTM4_Ovf_Reload_IRQHandler
                0x00020458                RTC_Seconds_IRQHandler
                0x00020458                FTM7_Ch0_Ch1_IRQHandler
                0x00020458                Reserved110_IRQHandler
                0x00020458                Reserved107_IRQHandler
                0x00020458                Read_Collision_IRQHandler
                0x00020458                FTFC_IRQHandler
                0x00020458                FTM1_Ch6_Ch7_IRQHandler
                0x00020458                FTM5_Fault_IRQHandler
                0x00020458                FTM6_Ovf_Reload_IRQHandler
                0x00020458                LPIT0_Ch1_IRQHandler
                0x00020458                FTM4_Ch0_Ch1_IRQHandler
                0x00020458                FTM1_Ch4_Ch5_IRQHandler
                0x00020458                FTM3_Ovf_Reload_IRQHandler
                0x00020458                SAI0_Tx_IRQHandler
                0x00020458                LPUART2_RxTx_IRQHandler
                0x00020458                FTM5_Ch4_Ch5_IRQHandler
                0x00020458                WDOG_EWM_IRQHandler
                0x00020458                MemManage_Handler
                0x00020458                Reserved83_IRQHandler
                0x00020458                FTM0_Fault_IRQHandler
                0x00020458                FTM6_Ch6_Ch7_IRQHandler
                0x00020458                Reserved48_IRQHandler
                0x00020458                ERM_single_fault_IRQHandler
                0x00020458                FTM2_Fault_IRQHandler
                0x00020458                FTM0_Ch2_Ch3_IRQHandler
                0x00020458                FTM4_Ch2_Ch3_IRQHandler
                0x00020458                FTM0_Ch0_Ch1_IRQHandler
                0x00020458                FTM4_Ch4_Ch5_IRQHandler
                0x00020458                FTM5_Ovf_Reload_IRQHandler
                0x00020458                FTM3_Fault_IRQHandler
                0x00020458                RCM_IRQHandler
                0x00020458                Reserved100_IRQHandler
                0x00020458                SAI0_Rx_IRQHandler
                0x00020458                SCG_IRQHandler
                0x00020458                PDB1_IRQHandler
                0x00020458                FTM1_Fault_IRQHandler
                0x00020458                Reserved106_IRQHandler
                0x00020458                LVD_LVW_IRQHandler
                0x00020458                ENET_STOP_IRQHandler
                0x00020458                LPIT0_Ch2_IRQHandler
                0x00020458                PORTA_IRQHandler
                0x00020458                FTM5_Ch6_Ch7_IRQHandler
                0x00020458                MCM_IRQHandler
                0x00020458                FTM7_Ovf_Reload_IRQHandler
                0x00020458                FTM3_Ch4_Ch5_IRQHandler
                0x00020458                PORTE_IRQHandler
                0x00020458                LPUART0_RxTx_IRQHandler
                0x00020458                FTM6_Ch0_Ch1_IRQHandler
                0x00020458                LPTMR0_IRQHandler
                0x00020458                BusFault_Handler
                0x00020458                FTM1_Ovf_Reload_IRQHandler
                0x00020458                QSPI_IRQHandler
                0x00020458                CMP0_IRQHandler
                0x00020458                Reserved52_IRQHandler
                0x00020458                PORTC_IRQHandler
                0x00020458                FTM1_Ch0_Ch1_IRQHandler
                0x00020458                SAI1_Tx_IRQHandler
                0x00020458                Reserved113_IRQHandler
 .text          0x0002045c      0x378 e:/s32ds/s32ds/build_tools/gcc_v6.3/gcc-6.3-arm32-eabi/bin/../lib/gcc/arm-none-eabi/6.3.1/thumb/v7e-m/fpv4-sp/hard\libgcc.a(_arm_addsubdf3.o)
                0x0002045c                __aeabi_drsub
                0x00020464                __aeabi_dsub
                0x00020464                __subdf3
                0x00020468                __aeabi_dadd
                0x00020468                __adddf3
                0x000206e0                __floatunsidf
                0x000206e0                __aeabi_ui2d
                0x00020700                __floatsidf
                0x00020700                __aeabi_i2d
                0x00020724                __aeabi_f2d
                0x00020724                __extendsfdf2
                0x00020768                __floatundidf
                0x00020768                __aeabi_ul2d
                0x00020778                __floatdidf
                0x00020778                __aeabi_l2d
 .text          0x000207d4      0x424 e:/s32ds/s32ds/build_tools/gcc_v6.3/gcc-6.3-arm32-eabi/bin/../lib/gcc/arm-none-eabi/6.3.1/thumb/v7e-m/fpv4-sp/hard\libgcc.a(_arm_muldivdf3.o)
                0x000207d4                __aeabi_dmul
                0x000207d4                __muldf3
                0x00020a28                __divdf3
                0x00020a28                __aeabi_ddiv
 .text          0x00020bf8      0x110 e:/s32ds/s32ds/build_tools/gcc_v6.3/gcc-6.3-arm32-eabi/bin/../lib/gcc/arm-none-eabi/6.3.1/thumb/v7e-m/fpv4-sp/hard\libgcc.a(_arm_cmpdf2.o)
                0x00020bf8                __gtdf2
                0x00020bf8                __gedf2
                0x00020c00                __ltdf2
                0x00020c00                __ledf2
                0x00020c08                __nedf2
                0x00020c08                __eqdf2
                0x00020c08                __cmpdf2
                0x00020c84                __aeabi_cdrcmple
                0x00020c94                __aeabi_cdcmpeq
                0x00020c94                __aeabi_cdcmple
                0x00020ca4                __aeabi_dcmpeq
                0x00020cb8                __aeabi_dcmplt
                0x00020ccc                __aeabi_dcmple
                0x00020ce0                __aeabi_dcmpge
                0x00020cf4                __aeabi_dcmpgt
 .text          0x00020d08       0x2c e:/s32ds/s32ds/build_tools/gcc_v6.3/gcc-6.3-arm32-eabi/bin/../lib/gcc/arm-none-eabi/6.3.1/thumb/v7e-m/fpv4-sp/hard\libgcc.a(_arm_unorddf2.o)
                0x00020d08                __unorddf2
                0x00020d08                __aeabi_dcmpun
 .text          0x00020d34       0x50 e:/s32ds/s32ds/build_tools/gcc_v6.3/gcc-6.3-arm32-eabi/bin/../lib/gcc/arm-none-eabi/6.3.1/thumb/v7e-m/fpv4-sp/hard\libgcc.a(_arm_fixdfsi.o)
                0x00020d34                __aeabi_d2iz
                0x00020d34                __fixdfsi
 .text          0x00020d84       0x40 e:/s32ds/s32ds/build_tools/gcc_v6.3/gcc-6.3-arm32-eabi/bin/../lib/gcc/arm-none-eabi/6.3.1/thumb/v7e-m/fpv4-sp/hard\libgcc.a(_arm_fixunsdfsi.o)
                0x00020d84                __aeabi_d2uiz
                0x00020d84                __fixunsdfsi
 .text          0x00020dc4       0xa0 e:/s32ds/s32ds/build_tools/gcc_v6.3/gcc-6.3-arm32-eabi/bin/../lib/gcc/arm-none-eabi/6.3.1/thumb/v7e-m/fpv4-sp/hard\libgcc.a(_arm_truncdfsf2.o)
                0x00020dc4                __truncdfsf2
                0x00020dc4                __aeabi_d2f
 *(.text*)
 .text.MedianFilte
                0x00020e64       0x56 ./ImpCode/bsp/base/bsp_adc.o
 *fill*         0x00020eba        0x2 
 .text.Adc0_Convert_Callback
                0x00020ebc       0x3c ./ImpCode/bsp/base/bsp_adc.o
                0x00020ebc                Adc0_Convert_Callback
 .text.BSP_ADC0_Init
                0x00020ef8       0x30 ./ImpCode/bsp/base/bsp_adc.o
                0x00020ef8                BSP_ADC0_Init
 .text.BSP_ADC0_Task
                0x00020f28       0xec ./ImpCode/bsp/base/bsp_adc.o
                0x00020f28                BSP_ADC0_Task
 .text.ADS1115_Channel_Value
                0x00021014       0x90 ./ImpCode/bsp/base/bsp_ads1115.o
                0x00021014                ADS1115_Channel_Value
 .text.BSP_ADS1115_Init
                0x000210a4       0x14 ./ImpCode/bsp/base/bsp_ads1115.o
                0x000210a4                BSP_ADS1115_Init
 .text.BSP_ADS1115_Task
                0x000210b8       0x30 ./ImpCode/bsp/base/bsp_ads1115.o
                0x000210b8                BSP_ADS1115_Task
 .text.IIC_Start
                0x000210e8       0x3c ./ImpCode/bsp/base/bsp_adsch8.o
 .text.IIC_write_Byte
                0x00021124       0x60 ./ImpCode/bsp/base/bsp_adsch8.o
 .text.IIC_Stop
                0x00021184       0x3c ./ImpCode/bsp/base/bsp_adsch8.o
 .text.MCU_Wait_Ack
                0x000211c0       0x54 ./ImpCode/bsp/base/bsp_adsch8.o
 .text.ADS1115_Config
                0x00021214       0x80 ./ImpCode/bsp/base/bsp_adsch8.o
 .text.Point_Register
                0x00021294       0x22 ./ImpCode/bsp/base/bsp_adsch8.o
 *fill*         0x000212b6        0x2 
 .text.IIC_Read_Byte
                0x000212b8       0xc4 ./ImpCode/bsp/base/bsp_adsch8.o
 .text.ADS1115_ReadData
                0x0002137c       0x30 ./ImpCode/bsp/base/bsp_adsch8.o
 .text.BSP_ADSCH8_Init
                0x000213ac       0x20 ./ImpCode/bsp/base/bsp_adsch8.o
                0x000213ac                BSP_ADSCH8_Init
 .text.BSP_ADSCH8_Task
                0x000213cc       0x84 ./ImpCode/bsp/base/bsp_adsch8.o
                0x000213cc                BSP_ADSCH8_Task
 .text.BSP_AT24C02_Read
                0x00021450       0x74 ./ImpCode/bsp/base/bsp_at24c256.o
                0x00021450                BSP_AT24C02_Read
 .text.BSP_AT24C02_Write
                0x000214c4       0x64 ./ImpCode/bsp/base/bsp_at24c256.o
                0x000214c4                BSP_AT24C02_Write
 .text.BSP_AT24C_Init
                0x00021528       0x14 ./ImpCode/bsp/base/bsp_at24c256.o
                0x00021528                BSP_AT24C_Init
 .text.BSP_AT24C_Task
                0x0002153c       0x40 ./ImpCode/bsp/base/bsp_at24c256.o
                0x0002153c                BSP_AT24C_Task
 .text.BSP_Bootld_Task
                0x0002157c       0x28 ./ImpCode/bsp/base/bsp_bootld.o
                0x0002157c                BSP_Bootld_Task
 .text.BSP_MAX31865_Init
                0x000215a4       0x3c ./ImpCode/bsp/base/bsp_max31865.o
                0x000215a4                BSP_MAX31865_Init
 .text.BSP_MAX31865_Task
                0x000215e0      0x4b8 ./ImpCode/bsp/base/bsp_max31865.o
                0x000215e0                BSP_MAX31865_Task
 .text.BSP_MC33879_Init
                0x00021a98       0x30 ./ImpCode/bsp/base/bsp_mc33879.o
                0x00021a98                BSP_MC33879_Init
 .text.MC33879_Control
                0x00021ac8       0x98 ./ImpCode/bsp/base/bsp_mc33879.o
                0x00021ac8                MC33879_Control
 .text.BSP_MC33879_Task
                0x00021b60       0x24 ./ImpCode/bsp/base/bsp_mc33879.o
                0x00021b60                BSP_MC33879_Task
 .text.BSP_FLASH_Init
                0x00021b84       0x34 ./ImpCode/bsp/base/bsp_pflash.o
                0x00021b84                BSP_FLASH_Init
 .text.FLASH_Erase
                0x00021bb8       0x4c ./ImpCode/bsp/base/bsp_pflash.o
                0x00021bb8                FLASH_Erase
 .text.BSP_FLASH_WriteData
                0x00021c04       0x7c ./ImpCode/bsp/base/bsp_pflash.o
                0x00021c04                BSP_FLASH_WriteData
 .text.BSP_FLASH_ReadData
                0x00021c80       0x26 ./ImpCode/bsp/base/bsp_pflash.o
                0x00021c80                BSP_FLASH_ReadData
 .text.Flash_Write_Data
                0x00021ca6       0x12 ./ImpCode/bsp/base/bsp_pflash.o
                0x00021ca6                Flash_Write_Data
 .text.BSP_FLASH_Write_APPVAL
                0x00021cb8       0x40 ./ImpCode/bsp/base/bsp_pflash.o
                0x00021cb8                BSP_FLASH_Write_APPVAL
 .text.BSP_FLASH_Read_APPVAL
                0x00021cf8       0x14 ./ImpCode/bsp/base/bsp_pflash.o
                0x00021cf8                BSP_FLASH_Read_APPVAL
 .text.BSP_Flash_Task
                0x00021d0c       0x68 ./ImpCode/bsp/base/bsp_pflash.o
                0x00021d0c                BSP_Flash_Task
 .text.Read_Pin_HIN
                0x00021d74      0x12c ./ImpCode/bsp/base/bsp_pin.o
 .text.BSP_Pin_Init
                0x00021ea0       0x44 ./ImpCode/bsp/base/bsp_pin.o
                0x00021ea0                BSP_Pin_Init
 .text.BSP_Pin_GetHIN
                0x00021ee4        0x8 ./ImpCode/bsp/base/bsp_pin.o
                0x00021ee4                BSP_Pin_GetHIN
 .text.BSP_Pin_In
                0x00021eec       0x8c ./ImpCode/bsp/base/bsp_pin.o
                0x00021eec                BSP_Pin_In
 .text.BSP_Pin_Out
                0x00021f78       0x8c ./ImpCode/bsp/base/bsp_pin.o
                0x00021f78                BSP_Pin_Out
 .text.ParityBitCal
                0x00022004       0x18 ./ImpCode/bsp/base/bsp_tlf35584.o
 .text.Gp_Tlf35584_WriteChcek
                0x0002201c       0x48 ./ImpCode/bsp/base/bsp_tlf35584.o
 .text.Gp_Tlf35584_TransmitData
                0x00022064       0x54 ./ImpCode/bsp/base/bsp_tlf35584.o
 .text.Gp_Tlf35584_Get_LockStatus
                0x000220b8       0x4c ./ImpCode/bsp/base/bsp_tlf35584.o
 .text.Gp_Tlf35584_GetDevModeState
                0x00022104       0x30 ./ImpCode/bsp/base/bsp_tlf35584.o
 .text.Gp_Tlf35584_DeviceModeNormal
                0x00022134       0x44 ./ImpCode/bsp/base/bsp_tlf35584.o
 .text.Gp_Tlf35584_Init
                0x00022178      0x168 ./ImpCode/bsp/base/bsp_tlf35584.o
 .text.BSP_TLF35584_WorkMode
                0x000222e0       0xdc ./ImpCode/bsp/base/bsp_tlf35584.o
                0x000222e0                BSP_TLF35584_WorkMode
 .text.BSP_TLF35584_Init
                0x000223bc       0x24 ./ImpCode/bsp/base/bsp_tlf35584.o
                0x000223bc                BSP_TLF35584_Init
 .text.BSP_TLF35584_Task
                0x000223e0      0x42c ./ImpCode/bsp/base/bsp_tlf35584.o
                0x000223e0                BSP_TLF35584_Task
 .text.BSP_UCC27_Init
                0x0002280c       0x24 ./ImpCode/bsp/base/bsp_ucc27517.o
                0x0002280c                BSP_UCC27_Init
 .text.BSP_UCC27_SetEBSWatchdog
                0x00022830       0x1c ./ImpCode/bsp/base/bsp_ucc27517.o
                0x00022830                BSP_UCC27_SetEBSWatchdog
 .text.BSP_UCC27_Task
                0x0002284c        0x2 ./ImpCode/bsp/base/bsp_ucc27517.o
                0x0002284c                BSP_UCC27_Task
 *fill*         0x0002284e        0x2 
 .text.CAN0_Callback
                0x00022850       0xa4 ./ImpCode/bsp/com/bsp_can0.o
                0x00022850                CAN0_Callback
 .text.CAN0_Send
                0x000228f4       0x40 ./ImpCode/bsp/com/bsp_can0.o
 .text.BSP_CAN0_Send_EXT
                0x00022934       0x10 ./ImpCode/bsp/com/bsp_can0.o
                0x00022934                BSP_CAN0_Send_EXT
 .text.BSP_CAN0_Init
                0x00022944       0x9c ./ImpCode/bsp/com/bsp_can0.o
                0x00022944                BSP_CAN0_Init
 .text.CAN1_Callback
                0x000229e0      0x1dc ./ImpCode/bsp/com/bsp_can1.o
                0x000229e0                CAN1_Callback
 .text.BSP_CAN1_Send_STD
                0x00022bbc       0x38 ./ImpCode/bsp/com/bsp_can1.o
                0x00022bbc                BSP_CAN1_Send_STD
 .text.BSP_CAN1_Init
                0x00022bf4       0x9c ./ImpCode/bsp/com/bsp_can1.o
                0x00022bf4                BSP_CAN1_Init
 .text.CAN2_Callback
                0x00022c90       0x80 ./ImpCode/bsp/com/bsp_can2.o
                0x00022c90                CAN2_Callback
 .text.CAN2_Operating_Modes
                0x00022d10       0x70 ./ImpCode/bsp/com/bsp_can2.o
 .text.BSP_CAN2_Init
                0x00022d80       0xb0 ./ImpCode/bsp/com/bsp_can2.o
                0x00022d80                BSP_CAN2_Init
 .text.Uart1_Rx_Callback
                0x00022e30      0x104 ./ImpCode/bsp/com/bsp_uart_jy60.o
                0x00022e30                Uart1_Rx_Callback
 .text.BSP_Uart1_JY60_Init
                0x00022f34       0x2c ./ImpCode/bsp/com/bsp_uart_jy60.o
                0x00022f34                BSP_Uart1_JY60_Init
 .text.Uart2_Rx_Callback
                0x00022f60       0xf4 ./ImpCode/bsp/com/bsp_uart_sbus.o
                0x00022f60                Uart2_Rx_Callback
 .text.BSP_Uart2_SBUS_Init
                0x00023054       0x2c ./ImpCode/bsp/com/bsp_uart_sbus.o
                0x00023054                BSP_Uart2_SBUS_Init
 .text.OS_All_Init
                0x00023080       0x50 ./ImpCode/os/os_task.o
                0x00023080                OS_All_Init
 .text.Task_Create
                0x000230d0       0xcc ./ImpCode/os/os_task.o
                0x000230d0                Task_Create
 .text.Queue_Create
                0x0002319c       0xcc ./ImpCode/os/os_task.o
                0x0002319c                Queue_Create
 .text.EventGroup_Create
                0x00023268       0x10 ./ImpCode/os/os_task.o
                0x00023268                EventGroup_Create
 .text.OS_Task_Init
                0x00023278       0x4e ./ImpCode/os/os_task.o
                0x00023278                OS_Task_Init
 *fill*         0x000232c6        0x2 
 .text.OS_ALL_End
                0x000232c8       0x10 ./ImpCode/os/os_task.o
                0x000232c8                OS_ALL_End
 .text.OS_Task_CanOut
                0x000232d8      0x2d0 ./ImpCode/os/os_task_CanOut.o
                0x000232d8                OS_Task_CanOut
 .text.CAN_FreshnessUpdate
                0x000235a8       0x3c ./ImpCode/os/os_task_CoreApp.o
 .text.OS_Task_CoreApp
                0x000235e4      0x3f4 ./ImpCode/os/os_task_CoreApp.o
                0x000235e4                OS_Task_CoreApp
 .text.OS_Task_VcuCtrl
                0x000239d8       0xe8 ./ImpCode/os/os_task_VcuCtrl.o
                0x000239d8                OS_Task_VcuCtrl
 .text.OS_Task_getComIn
                0x00023ac0      0x3b8 ./ImpCode/os/os_task_getComIn.o
                0x00023ac0                OS_Task_getComIn
 .text.OS_Task_getIn1
                0x00023e78       0x40 ./ImpCode/os/os_task_getIn.o
                0x00023e78                OS_Task_getIn1
 .text.OS_Task_getIn2
                0x00023eb8       0x44 ./ImpCode/os/os_task_getIn.o
                0x00023eb8                OS_Task_getIn2
 .text.SystemInit
                0x00023efc       0x4c ./SDK/platform/devices/S32K148/startup/system_S32K148.o
                0x00023efc                SystemInit
 .text.SystemSoftwareReset
                0x00023f48       0x18 ./SDK/platform/devices/S32K148/startup/system_S32K148.o
                0x00023f48                SystemSoftwareReset
 .text.init_data_bss
                0x00023f60       0xd8 ./SDK/platform/devices/startup.o
                0x00023f60                init_data_bss
 .text.ADC_DRV_InitConverterStruct
                0x00024038       0x1c ./SDK/platform/drivers/src/adc/adc_driver.o
                0x00024038                ADC_DRV_InitConverterStruct
 .text.ADC_DRV_ConfigConverter
                0x00024054      0x188 ./SDK/platform/drivers/src/adc/adc_driver.o
                0x00024054                ADC_DRV_ConfigConverter
 .text.ADC_DRV_ConfigChan
                0x000241dc       0x5c ./SDK/platform/drivers/src/adc/adc_driver.o
                0x000241dc                ADC_DRV_ConfigChan
 .text.ADC_DRV_SetSwPretrigger
                0x00024238       0x44 ./SDK/platform/drivers/src/adc/adc_driver.o
                0x00024238                ADC_DRV_SetSwPretrigger
 .text.ADC_DRV_Reset
                0x0002427c       0xa8 ./SDK/platform/drivers/src/adc/adc_driver.o
                0x0002427c                ADC_DRV_Reset
 .text.ADC_DRV_GetChanResult
                0x00024324       0x18 ./SDK/platform/drivers/src/adc/adc_driver.o
                0x00024324                ADC_DRV_GetChanResult
 .text.ADC_DRV_AutoCalibration
                0x0002433c      0x158 ./SDK/platform/drivers/src/adc/adc_driver.o
                0x0002433c                ADC_DRV_AutoCalibration
 .text.ADC_DRV_GetInterruptNumber
                0x00024494        0xc ./SDK/platform/drivers/src/adc/adc_driver.o
                0x00024494                ADC_DRV_GetInterruptNumber
 .text.CLOCK_SYS_GetCurrentRunMode
                0x000244a0       0x24 ./SDK/platform/drivers/src/clock/S32K1xx/clock_S32K1xx.o
 .text.CLOCK_SYS_GetSysOscFreq
                0x000244c4       0x1c ./SDK/platform/drivers/src/clock/S32K1xx/clock_S32K1xx.o
 .text.CLOCK_SYS_ConfigureSOSC
                0x000244e0      0x12c ./SDK/platform/drivers/src/clock/S32K1xx/clock_S32K1xx.o
 .text.CLOCK_SYS_GetSircFreq
                0x0002460c       0x2c ./SDK/platform/drivers/src/clock/S32K1xx/clock_S32K1xx.o
 .text.CLOCK_SYS_ConfigureSIRC
                0x00024638       0xc4 ./SDK/platform/drivers/src/clock/S32K1xx/clock_S32K1xx.o
 .text.CLOCK_SYS_GetFircFreq
                0x000246fc       0x20 ./SDK/platform/drivers/src/clock/S32K1xx/clock_S32K1xx.o
 .text.CLOCK_SYS_ConfigureFIRC
                0x0002471c       0xb4 ./SDK/platform/drivers/src/clock/S32K1xx/clock_S32K1xx.o
 .text.CLOCK_SYS_GetSysPllFreq
                0x000247d0       0x44 ./SDK/platform/drivers/src/clock/S32K1xx/clock_S32K1xx.o
 .text.CLOCK_SYS_ConfigureSPLL
                0x00024814      0x104 ./SDK/platform/drivers/src/clock/S32K1xx/clock_S32K1xx.o
 .text.CLOCK_SYS_SetSystemClockConfig
                0x00024918      0x1e4 ./SDK/platform/drivers/src/clock/S32K1xx/clock_S32K1xx.o
 .text.CLOCK_SYS_TransitionSystemClock
                0x00024afc       0x3c ./SDK/platform/drivers/src/clock/S32K1xx/clock_S32K1xx.o
 .text.CLOCK_SYS_GetSystemClockFreq
                0x00024b38       0x78 ./SDK/platform/drivers/src/clock/S32K1xx/clock_S32K1xx.o
 .text.CLOCK_SYS_GetQspiIpgClk
                0x00024bb0       0x2c ./SDK/platform/drivers/src/clock/S32K1xx/clock_S32K1xx.o
 .text.CLOCK_SYS_GetScgClkOutFreq
                0x00024bdc       0x44 ./SDK/platform/drivers/src/clock/S32K1xx/clock_S32K1xx.o
 .text.CLOCK_SYS_GetSysAsyncFreq
                0x00024c20       0xd4 ./SDK/platform/drivers/src/clock/S32K1xx/clock_S32K1xx.o
 .text.CLOCK_SYS_GetSimRtcClkFreq
                0x00024cf4       0x50 ./SDK/platform/drivers/src/clock/S32K1xx/clock_S32K1xx.o
 .text.CLOCK_SYS_GetQSPIInternalReferenceClock
                0x00024d44       0x38 ./SDK/platform/drivers/src/clock/S32K1xx/clock_S32K1xx.o
 .text.CLOCK_SYS_GetPeripheralClock
                0x00024d7c       0x78 ./SDK/platform/drivers/src/clock/S32K1xx/clock_S32K1xx.o
 .text.CLOCK_SYS_GetLpoFreq
                0x00024df4       0x44 ./SDK/platform/drivers/src/clock/S32K1xx/clock_S32K1xx.o
 .text.CLOCK_SYS_GetSimClkOutFreq
                0x00024e38       0xcc ./SDK/platform/drivers/src/clock/S32K1xx/clock_S32K1xx.o
 .text.CLOCK_DRV_Init
                0x00024f04      0x5b0 ./SDK/platform/drivers/src/clock/S32K1xx/clock_S32K1xx.o
                0x00024f04                CLOCK_DRV_Init
 .text.CLOCK_DRV_GetFreq
                0x000254b4      0x498 ./SDK/platform/drivers/src/clock/S32K1xx/clock_S32K1xx.o
                0x000254b4                CLOCK_DRV_GetFreq
 .text.CLOCK_SYS_Init
                0x0002594c       0x1c ./SDK/platform/drivers/src/clock/S32K1xx/clock_S32K1xx.o
                0x0002594c                CLOCK_SYS_Init
 .text.CLOCK_SYS_UpdateConfiguration
                0x00025968       0xe8 ./SDK/platform/drivers/src/clock/S32K1xx/clock_S32K1xx.o
                0x00025968                CLOCK_SYS_UpdateConfiguration
 .text.CLOCK_SYS_GetFreq
                0x00025a50        0x8 ./SDK/platform/drivers/src/clock/S32K1xx/clock_S32K1xx.o
                0x00025a50                CLOCK_SYS_GetFreq
 .text.EDMA_DRV_InstallCallback
                0x00025a58       0x20 ./SDK/platform/drivers/src/edma/edma_driver.o
                0x00025a58                EDMA_DRV_InstallCallback
 .text.EDMA_DRV_IRQHandler
                0x00025a78       0x2c ./SDK/platform/drivers/src/edma/edma_driver.o
                0x00025a78                EDMA_DRV_IRQHandler
 .text.EDMA_DRV_ErrorIRQHandler
                0x00025aa4       0x3c ./SDK/platform/drivers/src/edma/edma_driver.o
                0x00025aa4                EDMA_DRV_ErrorIRQHandler
 .text.EDMA_DRV_ConfigSingleBlockTransfer
                0x00025ae0      0x148 ./SDK/platform/drivers/src/edma/edma_driver.o
                0x00025ae0                EDMA_DRV_ConfigSingleBlockTransfer
 .text.EDMA_DRV_ConfigMultiBlockTransfer
                0x00025c28       0x64 ./SDK/platform/drivers/src/edma/edma_driver.o
                0x00025c28                EDMA_DRV_ConfigMultiBlockTransfer
 .text.EDMA_DRV_StartChannel
                0x00025c8c       0x18 ./SDK/platform/drivers/src/edma/edma_driver.o
                0x00025c8c                EDMA_DRV_StartChannel
 .text.EDMA_DRV_StopChannel
                0x00025ca4       0x18 ./SDK/platform/drivers/src/edma/edma_driver.o
                0x00025ca4                EDMA_DRV_StopChannel
 .text.EDMA_DRV_SetChannelRequestAndTrigger
                0x00025cbc       0x44 ./SDK/platform/drivers/src/edma/edma_driver.o
                0x00025cbc                EDMA_DRV_SetChannelRequestAndTrigger
 .text.EDMA_DRV_SetSrcLastAddrAdjustment
                0x00025d00       0x16 ./SDK/platform/drivers/src/edma/edma_driver.o
                0x00025d00                EDMA_DRV_SetSrcLastAddrAdjustment
 .text.EDMA_DRV_SetDestAddr
                0x00025d16       0x16 ./SDK/platform/drivers/src/edma/edma_driver.o
                0x00025d16                EDMA_DRV_SetDestAddr
 .text.EDMA_DRV_SetMajorLoopIterationCount
                0x00025d2c       0x14 ./SDK/platform/drivers/src/edma/edma_driver.o
                0x00025d2c                EDMA_DRV_SetMajorLoopIterationCount
 .text.EDMA_DRV_GetRemainingMajorIterationsCount
                0x00025d40       0x14 ./SDK/platform/drivers/src/edma/edma_driver.o
                0x00025d40                EDMA_DRV_GetRemainingMajorIterationsCount
 .text.EDMA_DRV_DisableRequestsOnTransferComplete
                0x00025d54       0x38 ./SDK/platform/drivers/src/edma/edma_driver.o
                0x00025d54                EDMA_DRV_DisableRequestsOnTransferComplete
 .text.EDMA_DRV_GetDmaRegBaseAddr
                0x00025d8c        0x8 ./SDK/platform/drivers/src/edma/edma_driver.o
                0x00025d8c                EDMA_DRV_GetDmaRegBaseAddr
 .text.EDMA_SetDmaRequestCmd
                0x00025d94        0xa ./SDK/platform/drivers/src/edma/edma_hw_access.o
                0x00025d94                EDMA_SetDmaRequestCmd
 .text.EDMA_TCDClearReg
                0x00025d9e       0x4a ./SDK/platform/drivers/src/edma/edma_hw_access.o
                0x00025d9e                EDMA_TCDClearReg
 .text.EDMA_TCDSetAttribute
                0x00025de8       0x30 ./SDK/platform/drivers/src/edma/edma_hw_access.o
                0x00025de8                EDMA_TCDSetAttribute
 .text.EDMA_TCDSetNbytes
                0x00025e18       0x5c ./SDK/platform/drivers/src/edma/edma_hw_access.o
                0x00025e18                EDMA_TCDSetNbytes
 .text.EDMA_TCDSetMajorCount
                0x00025e74       0x5e ./SDK/platform/drivers/src/edma/edma_hw_access.o
                0x00025e74                EDMA_TCDSetMajorCount
 .text.EDMA_TCDGetCurrentMajorCount
                0x00025ed2       0x2c ./SDK/platform/drivers/src/edma/edma_hw_access.o
                0x00025ed2                EDMA_TCDGetCurrentMajorCount
 .text.DMA0_IRQHandler
                0x00025efe        0xa ./SDK/platform/drivers/src/edma/edma_irq.o
                0x00025efe                DMA0_IRQHandler
 .text.DMA1_IRQHandler
                0x00025f08        0xa ./SDK/platform/drivers/src/edma/edma_irq.o
                0x00025f08                DMA1_IRQHandler
 .text.DMA2_IRQHandler
                0x00025f12        0xa ./SDK/platform/drivers/src/edma/edma_irq.o
                0x00025f12                DMA2_IRQHandler
 .text.DMA3_IRQHandler
                0x00025f1c        0xa ./SDK/platform/drivers/src/edma/edma_irq.o
                0x00025f1c                DMA3_IRQHandler
 .text.DMA4_IRQHandler
                0x00025f26        0xa ./SDK/platform/drivers/src/edma/edma_irq.o
                0x00025f26                DMA4_IRQHandler
 .text.DMA5_IRQHandler
                0x00025f30        0xa ./SDK/platform/drivers/src/edma/edma_irq.o
                0x00025f30                DMA5_IRQHandler
 .text.DMA6_IRQHandler
                0x00025f3a        0xa ./SDK/platform/drivers/src/edma/edma_irq.o
                0x00025f3a                DMA6_IRQHandler
 .text.DMA7_IRQHandler
                0x00025f44        0xa ./SDK/platform/drivers/src/edma/edma_irq.o
                0x00025f44                DMA7_IRQHandler
 .text.DMA8_IRQHandler
                0x00025f4e        0xa ./SDK/platform/drivers/src/edma/edma_irq.o
                0x00025f4e                DMA8_IRQHandler
 .text.DMA9_IRQHandler
                0x00025f58        0xa ./SDK/platform/drivers/src/edma/edma_irq.o
                0x00025f58                DMA9_IRQHandler
 .text.DMA10_IRQHandler
                0x00025f62        0xa ./SDK/platform/drivers/src/edma/edma_irq.o
                0x00025f62                DMA10_IRQHandler
 .text.DMA11_IRQHandler
                0x00025f6c        0xa ./SDK/platform/drivers/src/edma/edma_irq.o
                0x00025f6c                DMA11_IRQHandler
 .text.DMA12_IRQHandler
                0x00025f76        0xa ./SDK/platform/drivers/src/edma/edma_irq.o
                0x00025f76                DMA12_IRQHandler
 .text.DMA13_IRQHandler
                0x00025f80        0xa ./SDK/platform/drivers/src/edma/edma_irq.o
                0x00025f80                DMA13_IRQHandler
 .text.DMA14_IRQHandler
                0x00025f8a        0xa ./SDK/platform/drivers/src/edma/edma_irq.o
                0x00025f8a                DMA14_IRQHandler
 .text.DMA15_IRQHandler
                0x00025f94        0xa ./SDK/platform/drivers/src/edma/edma_irq.o
                0x00025f94                DMA15_IRQHandler
 .text.DMA_Error_IRQHandler
                0x00025f9e       0x28 ./SDK/platform/drivers/src/edma/edma_irq.o
                0x00025f9e                DMA_Error_IRQHandler
 *fill*         0x00025fc6        0x2 
 .text.ENET_DRV_SetSleepMode
                0x00025fc8       0x20 ./SDK/platform/drivers/src/enet/enet_driver.o
                0x00025fc8                ENET_DRV_SetSleepMode
 .text.ENET_TransmitIRQHandler
                0x00025fe8       0x30 ./SDK/platform/drivers/src/enet/enet_hw_access.o
                0x00025fe8                ENET_TransmitIRQHandler
 .text.ENET_ReceiveIRQHandler
                0x00026018       0x30 ./SDK/platform/drivers/src/enet/enet_hw_access.o
                0x00026018                ENET_ReceiveIRQHandler
 .text.ENET_ErrorIRQHandler
                0x00026048       0x3c ./SDK/platform/drivers/src/enet/enet_hw_access.o
                0x00026048                ENET_ErrorIRQHandler
 .text.ENET_WakeIRQHandler
                0x00026084       0x3c ./SDK/platform/drivers/src/enet/enet_hw_access.o
                0x00026084                ENET_WakeIRQHandler
 .text.ENET_TimerIRQHandler
                0x000260c0       0x34 ./SDK/platform/drivers/src/enet/enet_hw_access.o
                0x000260c0                ENET_TimerIRQHandler
 .text.ENET_TX_IRQHandler
                0x000260f4        0xa ./SDK/platform/drivers/src/enet/enet_irq.o
                0x000260f4                ENET_TX_IRQHandler
 .text.ENET_RX_IRQHandler
                0x000260fe        0xa ./SDK/platform/drivers/src/enet/enet_irq.o
                0x000260fe                ENET_RX_IRQHandler
 .text.ENET_ERR_IRQHandler
                0x00026108        0xa ./SDK/platform/drivers/src/enet/enet_irq.o
                0x00026108                ENET_ERR_IRQHandler
 .text.ENET_WAKE_IRQHandler
                0x00026112        0xa ./SDK/platform/drivers/src/enet/enet_irq.o
                0x00026112                ENET_WAKE_IRQHandler
 .text.ENET_TIMER_IRQHandler
                0x0002611c        0xa ./SDK/platform/drivers/src/enet/enet_irq.o
                0x0002611c                ENET_TIMER_IRQHandler
 *fill*         0x00026126        0x2 
 .text.FLASH_DRV_Init
                0x00026128       0xd0 ./SDK/platform/drivers/src/flash/flash_driver.o
                0x00026128                FLASH_DRV_Init
 .text.FLASH_DRV_EraseSector
                0x000261f8       0x90 ./SDK/platform/drivers/src/flash/flash_driver.o
                0x000261f8                FLASH_DRV_EraseSector
 .text.FLASH_DRV_VerifySection
                0x00026288       0x6c ./SDK/platform/drivers/src/flash/flash_driver.o
                0x00026288                FLASH_DRV_VerifySection
 .text.FLASH_DRV_Program
                0x000262f4       0xb8 ./SDK/platform/drivers/src/flash/flash_driver.o
                0x000262f4                FLASH_DRV_Program
 .text.FLASH_DRV_ProgramCheck
                0x000263ac       0xec ./SDK/platform/drivers/src/flash/flash_driver.o
                0x000263ac                FLASH_DRV_ProgramCheck
 .text.FLEXCAN_StartSendData
                0x00026498       0xb8 ./SDK/platform/drivers/src/flexcan/flexcan_driver.o
 .text.FLEXCAN_StartRxMessageBufferData
                0x00026550       0x8c ./SDK/platform/drivers/src/flexcan/flexcan_driver.o
 .text.FLEXCAN_StartRxMessageFifoData
                0x000265dc      0x110 ./SDK/platform/drivers/src/flexcan/flexcan_driver.o
 .text.FLEXCAN_CompleteRxMessageFifoData
                0x000266ec       0xa0 ./SDK/platform/drivers/src/flexcan/flexcan_driver.o
 .text.FLEXCAN_CompleteRxFifoDataDMA
                0x0002678c       0x30 ./SDK/platform/drivers/src/flexcan/flexcan_driver.o
 .text.FLEXCAN_CompleteTransfer
                0x000267bc       0x48 ./SDK/platform/drivers/src/flexcan/flexcan_driver.o
 .text.FLEXCAN_DRV_SetRxMaskType
                0x00026804       0x30 ./SDK/platform/drivers/src/flexcan/flexcan_driver.o
                0x00026804                FLEXCAN_DRV_SetRxMaskType
 .text.FLEXCAN_DRV_SetRxIndividualMask
                0x00026834      0x118 ./SDK/platform/drivers/src/flexcan/flexcan_driver.o
                0x00026834                FLEXCAN_DRV_SetRxIndividualMask
 .text.FLEXCAN_DRV_Init
                0x0002694c      0x2c8 ./SDK/platform/drivers/src/flexcan/flexcan_driver.o
                0x0002694c                FLEXCAN_DRV_Init
 .text.FLEXCAN_DRV_ConfigTxMb
                0x00026c14       0x40 ./SDK/platform/drivers/src/flexcan/flexcan_driver.o
                0x00026c14                FLEXCAN_DRV_ConfigTxMb
 .text.FLEXCAN_DRV_SendBlocking
                0x00026c54       0xcc ./SDK/platform/drivers/src/flexcan/flexcan_driver.o
                0x00026c54                FLEXCAN_DRV_SendBlocking
 .text.FLEXCAN_DRV_ConfigRxMb
                0x00026d20       0x68 ./SDK/platform/drivers/src/flexcan/flexcan_driver.o
                0x00026d20                FLEXCAN_DRV_ConfigRxMb
 .text.FLEXCAN_DRV_ConfigRxFifo
                0x00026d88       0x28 ./SDK/platform/drivers/src/flexcan/flexcan_driver.o
                0x00026d88                FLEXCAN_DRV_ConfigRxFifo
 .text.FLEXCAN_DRV_Receive
                0x00026db0        0xa ./SDK/platform/drivers/src/flexcan/flexcan_driver.o
                0x00026db0                FLEXCAN_DRV_Receive
 .text.FLEXCAN_DRV_RxFifo
                0x00026dba        0xa ./SDK/platform/drivers/src/flexcan/flexcan_driver.o
                0x00026dba                FLEXCAN_DRV_RxFifo
 .text.FLEXCAN_Error_IRQHandler
                0x00026dc4       0x28 ./SDK/platform/drivers/src/flexcan/flexcan_driver.o
                0x00026dc4                FLEXCAN_Error_IRQHandler
 .text.FLEXCAN_WakeUpHandler
                0x00026dec       0x6c ./SDK/platform/drivers/src/flexcan/flexcan_driver.o
                0x00026dec                FLEXCAN_WakeUpHandler
 .text.FLEXCAN_IRQHandler
                0x00026e58      0x1c8 ./SDK/platform/drivers/src/flexcan/flexcan_driver.o
                0x00026e58                FLEXCAN_IRQHandler
 .text.FLEXCAN_DRV_InstallEventCallback
                0x00027020       0x14 ./SDK/platform/drivers/src/flexcan/flexcan_driver.o
                0x00027020                FLEXCAN_DRV_InstallEventCallback
 .text.FLEXCAN_ComputePayloadSize
                0x00027034       0x36 ./SDK/platform/drivers/src/flexcan/flexcan_hw_access.o
 *fill*         0x0002706a        0x2 
 .text.FLEXCAN_GetRxFifoMask
                0x0002706c       0x60 ./SDK/platform/drivers/src/flexcan/flexcan_hw_access.o
                0x0002706c                FLEXCAN_GetRxFifoMask
 .text.FLEXCAN_GetMaxMbNum
                0x000270cc       0x2c ./SDK/platform/drivers/src/flexcan/flexcan_hw_access.o
                0x000270cc                FLEXCAN_GetMaxMbNum
 .text.FLEXCAN_Enable
                0x000270f8       0x2a ./SDK/platform/drivers/src/flexcan/flexcan_hw_access.o
                0x000270f8                FLEXCAN_Enable
 .text.FLEXCAN_Disable
                0x00027122       0x18 ./SDK/platform/drivers/src/flexcan/flexcan_hw_access.o
                0x00027122                FLEXCAN_Disable
 *fill*         0x0002713a        0x2 
 .text.FLEXCAN_Init
                0x0002713c       0x68 ./SDK/platform/drivers/src/flexcan/flexcan_hw_access.o
                0x0002713c                FLEXCAN_Init
 .text.FLEXCAN_EnableRxFifo
                0x000271a4       0x54 ./SDK/platform/drivers/src/flexcan/flexcan_hw_access.o
                0x000271a4                FLEXCAN_EnableRxFifo
 .text.FLEXCAN_SetRxFifoFilter
                0x000271f8      0x1d8 ./SDK/platform/drivers/src/flexcan/flexcan_hw_access.o
                0x000271f8                FLEXCAN_SetRxFifoFilter
 .text.FLEXCAN_SetMsgBuffIntCmd
                0x000273d0       0x3c ./SDK/platform/drivers/src/flexcan/flexcan_hw_access.o
                0x000273d0                FLEXCAN_SetMsgBuffIntCmd
 .text.FLEXCAN_ExitFreezeMode
                0x0002740c       0x1a ./SDK/platform/drivers/src/flexcan/flexcan_hw_access.o
                0x0002740c                FLEXCAN_ExitFreezeMode
 .text.FLEXCAN_EnterFreezeMode
                0x00027426       0x40 ./SDK/platform/drivers/src/flexcan/flexcan_hw_access.o
                0x00027426                FLEXCAN_EnterFreezeMode
 *fill*         0x00027466        0x2 
 .text.FLEXCAN_ClearErrIntStatusFlag
                0x00027468       0x14 ./SDK/platform/drivers/src/flexcan/flexcan_hw_access.o
                0x00027468                FLEXCAN_ClearErrIntStatusFlag
 .text.FLEXCAN_ReadRxFifo
                0x0002747c       0x56 ./SDK/platform/drivers/src/flexcan/flexcan_hw_access.o
                0x0002747c                FLEXCAN_ReadRxFifo
 .text.FLEXCAN_SetOperationMode
                0x000274d2       0x5e ./SDK/platform/drivers/src/flexcan/flexcan_hw_access.o
                0x000274d2                FLEXCAN_SetOperationMode
 .text.FLEXCAN_SetPayloadSize
                0x00027530       0x1a ./SDK/platform/drivers/src/flexcan/flexcan_hw_access.o
                0x00027530                FLEXCAN_SetPayloadSize
 .text.FLEXCAN_GetPayloadSize
                0x0002754a       0x20 ./SDK/platform/drivers/src/flexcan/flexcan_hw_access.o
                0x0002754a                FLEXCAN_GetPayloadSize
 .text.FLEXCAN_GetMsgBuffRegion
                0x0002756a       0x30 ./SDK/platform/drivers/src/flexcan/flexcan_hw_access.o
                0x0002756a                FLEXCAN_GetMsgBuffRegion
 *fill*         0x0002759a        0x2 
 .text.FLEXCAN_SetTxMsgBuff
                0x0002759c      0x180 ./SDK/platform/drivers/src/flexcan/flexcan_hw_access.o
                0x0002759c                FLEXCAN_SetTxMsgBuff
 .text.FLEXCAN_AbortTxMsgBuff
                0x0002771c       0x14 ./SDK/platform/drivers/src/flexcan/flexcan_hw_access.o
                0x0002771c                FLEXCAN_AbortTxMsgBuff
 .text.FLEXCAN_SetRxMsgBuff
                0x00027730       0xc8 ./SDK/platform/drivers/src/flexcan/flexcan_hw_access.o
                0x00027730                FLEXCAN_SetRxMsgBuff
 .text.FLEXCAN_GetMsgBuff
                0x000277f8       0x96 ./SDK/platform/drivers/src/flexcan/flexcan_hw_access.o
                0x000277f8                FLEXCAN_GetMsgBuff
 .text.FLEXCAN_LockRxMsgBuff
                0x0002788e        0xa ./SDK/platform/drivers/src/flexcan/flexcan_hw_access.o
                0x0002788e                FLEXCAN_LockRxMsgBuff
 .text.FLEXCAN_SetMaxMsgBuffNum
                0x00027898       0x9c ./SDK/platform/drivers/src/flexcan/flexcan_hw_access.o
                0x00027898                FLEXCAN_SetMaxMsgBuffNum
 .text.CAN0_ORed_IRQHandler
                0x00027934        0xa ./SDK/platform/drivers/src/flexcan/flexcan_irq.o
                0x00027934                CAN0_ORed_IRQHandler
 .text.CAN0_Error_IRQHandler
                0x0002793e        0xa ./SDK/platform/drivers/src/flexcan/flexcan_irq.o
                0x0002793e                CAN0_Error_IRQHandler
 .text.CAN0_Wake_Up_IRQHandler
                0x00027948        0xa ./SDK/platform/drivers/src/flexcan/flexcan_irq.o
                0x00027948                CAN0_Wake_Up_IRQHandler
 .text.CAN0_ORed_0_15_MB_IRQHandler
                0x00027952        0xa ./SDK/platform/drivers/src/flexcan/flexcan_irq.o
                0x00027952                CAN0_ORed_0_15_MB_IRQHandler
 .text.CAN0_ORed_16_31_MB_IRQHandler
                0x0002795c        0xa ./SDK/platform/drivers/src/flexcan/flexcan_irq.o
                0x0002795c                CAN0_ORed_16_31_MB_IRQHandler
 .text.CAN1_ORed_IRQHandler
                0x00027966        0xa ./SDK/platform/drivers/src/flexcan/flexcan_irq.o
                0x00027966                CAN1_ORed_IRQHandler
 .text.CAN1_Error_IRQHandler
                0x00027970        0xa ./SDK/platform/drivers/src/flexcan/flexcan_irq.o
                0x00027970                CAN1_Error_IRQHandler
 .text.CAN1_ORed_0_15_MB_IRQHandler
                0x0002797a        0xa ./SDK/platform/drivers/src/flexcan/flexcan_irq.o
                0x0002797a                CAN1_ORed_0_15_MB_IRQHandler
 .text.CAN1_ORed_16_31_MB_IRQHandler
                0x00027984        0xa ./SDK/platform/drivers/src/flexcan/flexcan_irq.o
                0x00027984                CAN1_ORed_16_31_MB_IRQHandler
 .text.CAN2_ORed_IRQHandler
                0x0002798e        0xa ./SDK/platform/drivers/src/flexcan/flexcan_irq.o
                0x0002798e                CAN2_ORed_IRQHandler
 .text.CAN2_Error_IRQHandler
                0x00027998        0xa ./SDK/platform/drivers/src/flexcan/flexcan_irq.o
                0x00027998                CAN2_Error_IRQHandler
 .text.CAN2_ORed_0_15_MB_IRQHandler
                0x000279a2        0xa ./SDK/platform/drivers/src/flexcan/flexcan_irq.o
                0x000279a2                CAN2_ORed_0_15_MB_IRQHandler
 .text.CAN2_ORed_16_31_MB_IRQHandler
                0x000279ac        0xa ./SDK/platform/drivers/src/flexcan/flexcan_irq.o
                0x000279ac                CAN2_ORed_16_31_MB_IRQHandler
 *fill*         0x000279b6        0x2 
 .text.FLEXIO_IRQHandler
                0x000279b8       0x58 ./SDK/platform/drivers/src/flexio/flexio_common.o
                0x000279b8                FLEXIO_IRQHandler
 .text.FTM_DRV_SetSync
                0x00027a10      0x1bc ./SDK/platform/drivers/src/ftm/ftm_common.o
                0x00027a10                FTM_DRV_SetSync
 .text.FTM_DRV_GetFrequency
                0x00027bcc       0x80 ./SDK/platform/drivers/src/ftm/ftm_common.o
                0x00027bcc                FTM_DRV_GetFrequency
 .text.FTM_DRV_Init
                0x00027c4c       0xe0 ./SDK/platform/drivers/src/ftm/ftm_common.o
                0x00027c4c                FTM_DRV_Init
 .text.FTM_DRV_ConvertFreqToPeriodTicks
                0x00027d2c       0x14 ./SDK/platform/drivers/src/ftm/ftm_common.o
                0x00027d2c                FTM_DRV_ConvertFreqToPeriodTicks
 .text.FTM_DRV_InitModule
                0x00027d40       0x18 ./SDK/platform/drivers/src/ftm/ftm_hw_access.o
                0x00027d40                FTM_DRV_InitModule
 .text.FTM_DRV_Reset
                0x00027d58       0xa0 ./SDK/platform/drivers/src/ftm/ftm_hw_access.o
                0x00027d58                FTM_DRV_Reset
 .text.FTM_DRV_SetChnTriggerCmd
                0x00027df8       0x32 ./SDK/platform/drivers/src/ftm/ftm_hw_access.o
                0x00027df8                FTM_DRV_SetChnTriggerCmd
 *fill*         0x00027e2a        0x2 
 .text.FTM_DRV_UpdatePwmChannel
                0x00027e2c      0x104 ./SDK/platform/drivers/src/ftm/ftm_pwm_driver.o
                0x00027e2c                FTM_DRV_UpdatePwmChannel
 .text.FTM_DRV_InitPwm
                0x00027f30      0x638 ./SDK/platform/drivers/src/ftm/ftm_pwm_driver.o
                0x00027f30                FTM_DRV_InitPwm
 .text.INT_SYS_InstallHandler
                0x00028568       0x30 ./SDK/platform/drivers/src/interrupt/interrupt_manager.o
                0x00028568                INT_SYS_InstallHandler
 .text.INT_SYS_EnableIRQ
                0x00028598       0x18 ./SDK/platform/drivers/src/interrupt/interrupt_manager.o
                0x00028598                INT_SYS_EnableIRQ
 .text.INT_SYS_DisableIRQ
                0x000285b0       0x1c ./SDK/platform/drivers/src/interrupt/interrupt_manager.o
                0x000285b0                INT_SYS_DisableIRQ
 .text.INT_SYS_EnableIRQGlobal
                0x000285cc       0x1c ./SDK/platform/drivers/src/interrupt/interrupt_manager.o
                0x000285cc                INT_SYS_EnableIRQGlobal
 .text.INT_SYS_DisableIRQGlobal
                0x000285e8       0x10 ./SDK/platform/drivers/src/interrupt/interrupt_manager.o
                0x000285e8                INT_SYS_DisableIRQGlobal
 .text.INT_SYS_SetPriority
                0x000285f8       0x58 ./SDK/platform/drivers/src/interrupt/interrupt_manager.o
                0x000285f8                INT_SYS_SetPriority
 .text.LPI2C_DRV_MasterSendAddress
                0x00028650       0xe6 ./SDK/platform/drivers/src/lpi2c/lpi2c_driver.o
 .text.LPI2C_DRV_MasterQueueData
                0x00028736       0x4c ./SDK/platform/drivers/src/lpi2c/lpi2c_driver.o
 .text.LPI2C_DRV_SlaveEndTransfer
                0x00028782       0x50 ./SDK/platform/drivers/src/lpi2c/lpi2c_driver.o
 .text.LPI2C_DRV_MasterEndTransfer
                0x000287d2       0x68 ./SDK/platform/drivers/src/lpi2c/lpi2c_driver.o
 *fill*         0x0002883a        0x2 
 .text.LPI2C_DRV_MasterCompleteDMATransfer
                0x0002883c       0x90 ./SDK/platform/drivers/src/lpi2c/lpi2c_driver.o
 .text.LPI2C_DRV_SlaveEndTransferHandler
                0x000288cc       0x40 ./SDK/platform/drivers/src/lpi2c/lpi2c_driver.o
 .text.LPI2C_DRV_ConfigureDmaTransfer
                0x0002890c       0x68 ./SDK/platform/drivers/src/lpi2c/lpi2c_driver.o
 .text.LPI2C_DRV_MasterStartDmaTransfer
                0x00028974      0x108 ./SDK/platform/drivers/src/lpi2c/lpi2c_driver.o
 .text.LPI2C_DRV_SlaveStartDmaTransfer
                0x00028a7c       0xa0 ./SDK/platform/drivers/src/lpi2c/lpi2c_driver.o
 .text.LPI2C_DRV_MasterSetBaudRate
                0x00028b1c      0x140 ./SDK/platform/drivers/src/lpi2c/lpi2c_driver.o
                0x00028b1c                LPI2C_DRV_MasterSetBaudRate
 .text.LPI2C_DRV_MasterInit
                0x00028c5c       0xbc ./SDK/platform/drivers/src/lpi2c/lpi2c_driver.o
                0x00028c5c                LPI2C_DRV_MasterInit
 .text.LPI2C_DRV_MasterReinit
                0x00028d18       0x60 ./SDK/platform/drivers/src/lpi2c/lpi2c_driver.o
 .text.LPI2C_DRV_MasterWaitTransferEnd
                0x00028d78       0xcc ./SDK/platform/drivers/src/lpi2c/lpi2c_driver.o
 .text.LPI2C_DRV_MasterSendData
                0x00028e44       0x74 ./SDK/platform/drivers/src/lpi2c/lpi2c_driver.o
                0x00028e44                LPI2C_DRV_MasterSendData
 .text.LPI2C_DRV_MasterSendDataBlocking
                0x00028eb8       0x4c ./SDK/platform/drivers/src/lpi2c/lpi2c_driver.o
                0x00028eb8                LPI2C_DRV_MasterSendDataBlocking
 .text.LPI2C_DRV_MasterReceiveData
                0x00028f04       0xcc ./SDK/platform/drivers/src/lpi2c/lpi2c_driver.o
                0x00028f04                LPI2C_DRV_MasterReceiveData
 .text.LPI2C_DRV_MasterReceiveDataBlocking
                0x00028fd0       0x4c ./SDK/platform/drivers/src/lpi2c/lpi2c_driver.o
                0x00028fd0                LPI2C_DRV_MasterReceiveDataBlocking
 .text.LPI2C_DRV_MasterIRQHandler
                0x0002901c      0x234 ./SDK/platform/drivers/src/lpi2c/lpi2c_driver.o
                0x0002901c                LPI2C_DRV_MasterIRQHandler
 .text.LPI2C_DRV_SlaveIRQHandler
                0x00029250      0x1c4 ./SDK/platform/drivers/src/lpi2c/lpi2c_driver.o
                0x00029250                LPI2C_DRV_SlaveIRQHandler
 .text.LPI2C_Init
                0x00029414       0x1e ./SDK/platform/drivers/src/lpi2c/lpi2c_hw_access.o
                0x00029414                LPI2C_Init
 .text.LPI2C0_Master_IRQHandler
                0x00029432        0xa ./SDK/platform/drivers/src/lpi2c/lpi2c_irq.o
                0x00029432                LPI2C0_Master_IRQHandler
 .text.LPI2C0_Slave_IRQHandler
                0x0002943c        0xa ./SDK/platform/drivers/src/lpi2c/lpi2c_irq.o
                0x0002943c                LPI2C0_Slave_IRQHandler
 .text.LPI2C1_Master_IRQHandler
                0x00029446        0xa ./SDK/platform/drivers/src/lpi2c/lpi2c_irq.o
                0x00029446                LPI2C1_Master_IRQHandler
 .text.LPI2C1_Slave_IRQHandler
                0x00029450        0xa ./SDK/platform/drivers/src/lpi2c/lpi2c_irq.o
                0x00029450                LPI2C1_Slave_IRQHandler
 .text.LPSPI_Init
                0x0002945a        0xa ./SDK/platform/drivers/src/lpspi/lpspi_hw_access.o
                0x0002945a                LPSPI_Init
 .text.LPSPI_Disable
                0x00029464       0x18 ./SDK/platform/drivers/src/lpspi/lpspi_hw_access.o
                0x00029464                LPSPI_Disable
 .text.LPSPI_SetMasterSlaveMode
                0x0002947c        0xe ./SDK/platform/drivers/src/lpspi/lpspi_hw_access.o
                0x0002947c                LPSPI_SetMasterSlaveMode
 .text.LPSPI_SetFlushFifoCmd
                0x0002948a        0xe ./SDK/platform/drivers/src/lpspi/lpspi_hw_access.o
                0x0002948a                LPSPI_SetFlushFifoCmd
 .text.LPSPI_ClearStatusFlag
                0x00029498       0x20 ./SDK/platform/drivers/src/lpspi/lpspi_hw_access.o
                0x00029498                LPSPI_ClearStatusFlag
 .text.LPSPI_SetPcsPolarityMode
                0x000294b8       0x1c ./SDK/platform/drivers/src/lpspi/lpspi_hw_access.o
                0x000294b8                LPSPI_SetPcsPolarityMode
 .text.LPSPI_SetPinConfigMode
                0x000294d4       0x22 ./SDK/platform/drivers/src/lpspi/lpspi_hw_access.o
                0x000294d4                LPSPI_SetPinConfigMode
 .text.LPSPI_SetBaudRateDivisor
                0x000294f6       0x10 ./SDK/platform/drivers/src/lpspi/lpspi_hw_access.o
                0x000294f6                LPSPI_SetBaudRateDivisor
 *fill*         0x00029506        0x2 
 .text.LPSPI_SetBaudRate
                0x00029508      0x108 ./SDK/platform/drivers/src/lpspi/lpspi_hw_access.o
                0x00029508                LPSPI_SetBaudRate
 .text.LPSPI_SetTxCommandReg
                0x00029610       0x4a ./SDK/platform/drivers/src/lpspi/lpspi_hw_access.o
                0x00029610                LPSPI_SetTxCommandReg
 .text.LPSPI_SetPcs
                0x0002965a        0xe ./SDK/platform/drivers/src/lpspi/lpspi_hw_access.o
                0x0002965a                LPSPI_SetPcs
 .text.LPSPI0_IRQHandler
                0x00029668        0xa ./SDK/platform/drivers/src/lpspi/lpspi_irq.o
                0x00029668                LPSPI0_IRQHandler
 .text.LPSPI1_IRQHandler
                0x00029672        0xa ./SDK/platform/drivers/src/lpspi/lpspi_irq.o
                0x00029672                LPSPI1_IRQHandler
 .text.LPSPI2_IRQHandler
                0x0002967c        0xa ./SDK/platform/drivers/src/lpspi/lpspi_irq.o
                0x0002967c                LPSPI2_IRQHandler
 *fill*         0x00029686        0x2 
 .text.LPSPI_DRV_MasterStartTransfer
                0x00029688      0x1f4 ./SDK/platform/drivers/src/lpspi/lpspi_master_driver.o
 .text.LPSPI_DRV_MasterCompleteTransfer
                0x0002987c       0x78 ./SDK/platform/drivers/src/lpspi/lpspi_master_driver.o
 .text.LPSPI_DRV_MasterConfigureBus
                0x000298f4      0x114 ./SDK/platform/drivers/src/lpspi/lpspi_master_driver.o
                0x000298f4                LPSPI_DRV_MasterConfigureBus
 .text.LPSPI_DRV_MasterInit
                0x00029a08       0x80 ./SDK/platform/drivers/src/lpspi/lpspi_master_driver.o
                0x00029a08                LPSPI_DRV_MasterInit
 .text.LPSPI_DRV_MasterTransferBlocking
                0x00029a88       0xc0 ./SDK/platform/drivers/src/lpspi/lpspi_master_driver.o
                0x00029a88                LPSPI_DRV_MasterTransferBlocking
 .text.LPSPI_DRV_MasterTransfer
                0x00029b48        0xe ./SDK/platform/drivers/src/lpspi/lpspi_master_driver.o
                0x00029b48                LPSPI_DRV_MasterTransfer
 *fill*         0x00029b56        0x2 
 .text.LPSPI_DRV_MasterAbortTransfer
                0x00029b58       0x28 ./SDK/platform/drivers/src/lpspi/lpspi_master_driver.o
                0x00029b58                LPSPI_DRV_MasterAbortTransfer
 .text.LPSPI_DRV_MasterCompleteDMATransfer
                0x00029b80       0x44 ./SDK/platform/drivers/src/lpspi/lpspi_master_driver.o
 .text.LPSPI_DRV_MasterCompleteRX
                0x00029bc4       0x20 ./SDK/platform/drivers/src/lpspi/lpspi_master_driver.o
 .text.LPSPI_DRV_SetPcs
                0x00029be4       0x44 ./SDK/platform/drivers/src/lpspi/lpspi_master_driver.o
                0x00029be4                LPSPI_DRV_SetPcs
 .text.LPSPI_DRV_MasterIRQHandler
                0x00029c28       0xb4 ./SDK/platform/drivers/src/lpspi/lpspi_master_driver.o
                0x00029c28                LPSPI_DRV_MasterIRQHandler
 .text.LPSPI_DRV_IRQHandler
                0x00029cdc       0x28 ./SDK/platform/drivers/src/lpspi/lpspi_shared_function.o
                0x00029cdc                LPSPI_DRV_IRQHandler
 .text.LPSPI_DRV_FillupTxBuffer
                0x00029d04       0xb4 ./SDK/platform/drivers/src/lpspi/lpspi_shared_function.o
                0x00029d04                LPSPI_DRV_FillupTxBuffer
 .text.LPSPI_DRV_ReadRXBuffer
                0x00029db8       0x8c ./SDK/platform/drivers/src/lpspi/lpspi_shared_function.o
                0x00029db8                LPSPI_DRV_ReadRXBuffer
 .text.LPSPI_DRV_DisableTEIEInterrupts
                0x00029e44       0x30 ./SDK/platform/drivers/src/lpspi/lpspi_shared_function.o
                0x00029e44                LPSPI_DRV_DisableTEIEInterrupts
 .text.LPSPI_DRV_SlaveAbortTransfer
                0x00029e74       0x74 ./SDK/platform/drivers/src/lpspi/lpspi_slave_driver.o
                0x00029e74                LPSPI_DRV_SlaveAbortTransfer
 .text.LPSPI_DRV_SlaveIRQHandler
                0x00029ee8       0xd4 ./SDK/platform/drivers/src/lpspi/lpspi_slave_driver.o
                0x00029ee8                LPSPI_DRV_SlaveIRQHandler
 .text.LPUART_DRV_CompleteSendDataUsingInt
                0x00029fbc       0x64 ./SDK/platform/drivers/src/lpuart/lpuart_driver.o
 .text.LPUART_DRV_StopTxDma
                0x0002a020       0x64 ./SDK/platform/drivers/src/lpuart/lpuart_driver.o
 .text.LPUART_DRV_PutData
                0x0002a084       0x44 ./SDK/platform/drivers/src/lpuart/lpuart_driver.o
 .text.LPUART_DRV_StartReceiveDataUsingInt
                0x0002a0c8       0x54 ./SDK/platform/drivers/src/lpuart/lpuart_driver.o
 .text.LPUART_DRV_StartReceiveDataUsingDma
                0x0002a11c       0x9c ./SDK/platform/drivers/src/lpuart/lpuart_driver.o
 .text.LPUART_DRV_CompleteReceiveDataUsingInt
                0x0002a1b8       0x64 ./SDK/platform/drivers/src/lpuart/lpuart_driver.o
 .text.LPUART_DRV_StopRxDma
                0x0002a21c       0x64 ./SDK/platform/drivers/src/lpuart/lpuart_driver.o
 .text.LPUART_DRV_RxDmaCallback
                0x0002a280       0xa4 ./SDK/platform/drivers/src/lpuart/lpuart_driver.o
 .text.LPUART_DRV_GetData
                0x0002a324       0x5c ./SDK/platform/drivers/src/lpuart/lpuart_driver.o
 .text.LPUART_DRV_InstallRxCallback
                0x0002a380       0x14 ./SDK/platform/drivers/src/lpuart/lpuart_driver.o
                0x0002a380                LPUART_DRV_InstallRxCallback
 .text.LPUART_DRV_InstallTxCallback
                0x0002a394       0x14 ./SDK/platform/drivers/src/lpuart/lpuart_driver.o
                0x0002a394                LPUART_DRV_InstallTxCallback
 .text.LPUART_DRV_ReceiveData
                0x0002a3a8       0x24 ./SDK/platform/drivers/src/lpuart/lpuart_driver.o
                0x0002a3a8                LPUART_DRV_ReceiveData
 .text.LPUART_DRV_GetReceiveStatus
                0x0002a3cc       0x38 ./SDK/platform/drivers/src/lpuart/lpuart_driver.o
                0x0002a3cc                LPUART_DRV_GetReceiveStatus
 .text.LPUART_DRV_SetBaudRate
                0x0002a404       0xd4 ./SDK/platform/drivers/src/lpuart/lpuart_driver.o
                0x0002a404                LPUART_DRV_SetBaudRate
 .text.LPUART_DRV_Init
                0x0002a4d8       0xe0 ./SDK/platform/drivers/src/lpuart/lpuart_driver.o
                0x0002a4d8                LPUART_DRV_Init
 .text.LPUART_DRV_SetRxBuffer
                0x0002a5b8       0x14 ./SDK/platform/drivers/src/lpuart/lpuart_driver.o
                0x0002a5b8                LPUART_DRV_SetRxBuffer
 .text.LPUART_DRV_IRQHandler
                0x0002a5cc      0x2a8 ./SDK/platform/drivers/src/lpuart/lpuart_driver.o
                0x0002a5cc                LPUART_DRV_IRQHandler
 .text.LPUART_Init
                0x0002a874       0x24 ./SDK/platform/drivers/src/lpuart/lpuart_hw_access.o
                0x0002a874                LPUART_Init
 .text.LPUART_SetBitCountPerChar
                0x0002a898       0x30 ./SDK/platform/drivers/src/lpuart/lpuart_hw_access.o
                0x0002a898                LPUART_SetBitCountPerChar
 .text.LPUART_SetParityMode
                0x0002a8c8       0x1e ./SDK/platform/drivers/src/lpuart/lpuart_hw_access.o
                0x0002a8c8                LPUART_SetParityMode
 .text.LPUART_Putchar9
                0x0002a8e6       0x16 ./SDK/platform/drivers/src/lpuart/lpuart_hw_access.o
                0x0002a8e6                LPUART_Putchar9
 .text.LPUART_Putchar10
                0x0002a8fc       0x22 ./SDK/platform/drivers/src/lpuart/lpuart_hw_access.o
                0x0002a8fc                LPUART_Putchar10
 .text.LPUART_Getchar9
                0x0002a91e       0x12 ./SDK/platform/drivers/src/lpuart/lpuart_hw_access.o
                0x0002a91e                LPUART_Getchar9
 .text.LPUART_Getchar10
                0x0002a930       0x1e ./SDK/platform/drivers/src/lpuart/lpuart_hw_access.o
                0x0002a930                LPUART_Getchar10
 .text.LPUART_SetIntMode
                0x0002a94e       0x70 ./SDK/platform/drivers/src/lpuart/lpuart_hw_access.o
                0x0002a94e                LPUART_SetIntMode
 .text.LPUART_GetIntMode
                0x0002a9be       0x4a ./SDK/platform/drivers/src/lpuart/lpuart_hw_access.o
                0x0002a9be                LPUART_GetIntMode
 .text.LPUART_GetStatusFlag
                0x0002aa08       0x48 ./SDK/platform/drivers/src/lpuart/lpuart_hw_access.o
                0x0002aa08                LPUART_GetStatusFlag
 .text.LPUART_SetErrorInterrupts
                0x0002aa50       0x40 ./SDK/platform/drivers/src/lpuart/lpuart_hw_access.o
                0x0002aa50                LPUART_SetErrorInterrupts
 .text.LPUART0_IrqHandler
                0x0002aa90        0xa ./SDK/platform/drivers/src/lpuart/lpuart_irq.o
                0x0002aa90                LPUART0_IrqHandler
 .text.LPUART1_IrqHandler
                0x0002aa9a        0xa ./SDK/platform/drivers/src/lpuart/lpuart_irq.o
                0x0002aa9a                LPUART1_IrqHandler
 .text.LPUART2_IrqHandler
                0x0002aaa4        0xa ./SDK/platform/drivers/src/lpuart/lpuart_irq.o
                0x0002aaa4                LPUART2_IrqHandler
 *fill*         0x0002aaae        0x2 
 .text.PDB_DRV_Init
                0x0002aab0       0x70 ./SDK/platform/drivers/src/pdb/pdb_driver.o
                0x0002aab0                PDB_DRV_Init
 .text.PDB_DRV_Enable
                0x0002ab20       0x14 ./SDK/platform/drivers/src/pdb/pdb_driver.o
                0x0002ab20                PDB_DRV_Enable
 .text.PDB_DRV_SoftTriggerCmd
                0x0002ab34       0x14 ./SDK/platform/drivers/src/pdb/pdb_driver.o
                0x0002ab34                PDB_DRV_SoftTriggerCmd
 .text.PDB_DRV_LoadValuesCmd
                0x0002ab48       0x14 ./SDK/platform/drivers/src/pdb/pdb_driver.o
                0x0002ab48                PDB_DRV_LoadValuesCmd
 .text.PDB_DRV_ConfigAdcPreTrigger
                0x0002ab5c       0x44 ./SDK/platform/drivers/src/pdb/pdb_driver.o
                0x0002ab5c                PDB_DRV_ConfigAdcPreTrigger
 .text.PDB_DRV_SetAdcPreTriggerDelayValue
                0x0002aba0       0x24 ./SDK/platform/drivers/src/pdb/pdb_driver.o
                0x0002aba0                PDB_DRV_SetAdcPreTriggerDelayValue
 .text.PDB_Init
                0x0002abc4       0x5e ./SDK/platform/drivers/src/pdb/pdb_hw_access.o
                0x0002abc4                PDB_Init
 *fill*         0x0002ac22        0x2 
 .text.PDB_ConfigTimer
                0x0002ac24       0x5c ./SDK/platform/drivers/src/pdb/pdb_hw_access.o
                0x0002ac24                PDB_ConfigTimer
 .text.PDB_SetAdcPreTriggerBackToBackEnable
                0x0002ac80       0x32 ./SDK/platform/drivers/src/pdb/pdb_hw_access.o
                0x0002ac80                PDB_SetAdcPreTriggerBackToBackEnable
 .text.PDB_SetAdcPreTriggerOutputEnable
                0x0002acb2       0x2e ./SDK/platform/drivers/src/pdb/pdb_hw_access.o
                0x0002acb2                PDB_SetAdcPreTriggerOutputEnable
 .text.PDB_SetAdcPreTriggerEnable
                0x0002ace0       0x2a ./SDK/platform/drivers/src/pdb/pdb_hw_access.o
                0x0002ace0                PDB_SetAdcPreTriggerEnable
 .text.PINS_DRV_Init
                0x0002ad0a       0x20 ./SDK/platform/drivers/src/pins/pins_driver.o
                0x0002ad0a                PINS_DRV_Init
 .text.PINS_DRV_SetPinDirection
                0x0002ad2a       0x18 ./SDK/platform/drivers/src/pins/pins_driver.o
                0x0002ad2a                PINS_DRV_SetPinDirection
 .text.PINS_DRV_WritePin
                0x0002ad42       0x18 ./SDK/platform/drivers/src/pins/pins_driver.o
                0x0002ad42                PINS_DRV_WritePin
 .text.PINS_DRV_SetPins
                0x0002ad5a        0x4 ./SDK/platform/drivers/src/pins/pins_driver.o
                0x0002ad5a                PINS_DRV_SetPins
 .text.PINS_DRV_ClearPins
                0x0002ad5e        0x4 ./SDK/platform/drivers/src/pins/pins_driver.o
                0x0002ad5e                PINS_DRV_ClearPins
 .text.PINS_DRV_TogglePins
                0x0002ad62        0x4 ./SDK/platform/drivers/src/pins/pins_driver.o
                0x0002ad62                PINS_DRV_TogglePins
 .text.PINS_DRV_ReadPins
                0x0002ad66        0x4 ./SDK/platform/drivers/src/pins/pins_driver.o
                0x0002ad66                PINS_DRV_ReadPins
 *fill*         0x0002ad6a        0x2 
 .text.PINS_GetAdcInterleaveVal
                0x0002ad6c       0x70 ./SDK/platform/drivers/src/pins/pins_port_hw_access.o
 .text.PINS_Init
                0x0002addc      0x114 ./SDK/platform/drivers/src/pins/pins_port_hw_access.o
                0x0002addc                PINS_Init
 .text.TRGMUX_DRV_SetTrigSourceForTargetModule
                0x0002aef0       0x28 ./SDK/platform/drivers/src/trgmux/trgmux_driver.o
                0x0002aef0                TRGMUX_DRV_SetTrigSourceForTargetModule
 .text.TRGMUX_SetTrigSourceForTargetModule
                0x0002af18       0x26 ./SDK/platform/drivers/src/trgmux/trgmux_hw_access.o
                0x0002af18                TRGMUX_SetTrigSourceForTargetModule
 .text.TRGMUX_GetLockForTargetModule
                0x0002af3e        0xa ./SDK/platform/drivers/src/trgmux/trgmux_hw_access.o
                0x0002af3e                TRGMUX_GetLockForTargetModule
 .text.ADC0_IRQHandler
                0x0002af48        0xa ./SDK/platform/pal/src/adc/adc_irq.o
                0x0002af48                ADC0_IRQHandler
 .text.ADC1_IRQHandler
                0x0002af52        0xa ./SDK/platform/pal/src/adc/adc_irq.o
                0x0002af52                ADC1_IRQHandler
 .text.ADC_PalStateUpdateStart
                0x0002af5c       0x64 ./SDK/platform/pal/src/adc/adc_pal.o
 .text.ADC_ConfigGroup
                0x0002afc0      0x1a0 ./SDK/platform/pal/src/adc/adc_pal.o
 .text.ADC_Init
                0x0002b160       0x9c ./SDK/platform/pal/src/adc/adc_pal.o
                0x0002b160                ADC_Init
 .text.ADC_StartGroupConversion
                0x0002b1fc       0x50 ./SDK/platform/pal/src/adc/adc_pal.o
                0x0002b1fc                ADC_StartGroupConversion
 .text.ADC_S32K1xx_IrqHandler
                0x0002b24c       0xd0 ./SDK/platform/pal/src/adc/adc_pal.o
                0x0002b24c                ADC_S32K1xx_IrqHandler
 .text.CAN_FindFlexCANState
                0x0002b31c       0x30 ./SDK/platform/pal/src/can/can_pal.o
 .text.CAN_InternalCallback
                0x0002b34c       0x6c ./SDK/platform/pal/src/can/can_pal.o
 .text.CAN_Init
                0x0002b3b8      0x130 ./SDK/platform/pal/src/can/can_pal.o
                0x0002b3b8                CAN_Init
 .text.CAN_ConfigTxBuff
                0x0002b4e8       0x74 ./SDK/platform/pal/src/can/can_pal.o
                0x0002b4e8                CAN_ConfigTxBuff
 .text.CAN_ConfigRxBuff
                0x0002b55c       0x7c ./SDK/platform/pal/src/can/can_pal.o
                0x0002b55c                CAN_ConfigRxBuff
 .text.CAN_SendBlocking
                0x0002b5d8       0x80 ./SDK/platform/pal/src/can/can_pal.o
                0x0002b5d8                CAN_SendBlocking
 .text.CAN_Receive
                0x0002b658       0x48 ./SDK/platform/pal/src/can/can_pal.o
                0x0002b658                CAN_Receive
 .text.CAN_SetRxFilter
                0x0002b6a0       0x28 ./SDK/platform/pal/src/can/can_pal.o
                0x0002b6a0                CAN_SetRxFilter
 .text.CAN_InstallEventCallback
                0x0002b6c8       0x40 ./SDK/platform/pal/src/can/can_pal.o
                0x0002b6c8                CAN_InstallEventCallback
 .text.I2C_MasterInit
                0x0002b708       0xa8 ./SDK/platform/pal/src/i2c/i2c_pal.o
                0x0002b708                I2C_MasterInit
 .text.I2C_MasterSendData
                0x0002b7b0       0x12 ./SDK/platform/pal/src/i2c/i2c_pal.o
                0x0002b7b0                I2C_MasterSendData
 .text.I2C_MasterSendDataBlocking
                0x0002b7c2       0x1a ./SDK/platform/pal/src/i2c/i2c_pal.o
                0x0002b7c2                I2C_MasterSendDataBlocking
 .text.I2C_MasterReceiveData
                0x0002b7dc       0x12 ./SDK/platform/pal/src/i2c/i2c_pal.o
                0x0002b7dc                I2C_MasterReceiveData
 .text.I2C_MasterReceiveDataBlocking
                0x0002b7ee       0x1a ./SDK/platform/pal/src/i2c/i2c_pal.o
                0x0002b7ee                I2C_MasterReceiveDataBlocking
 .text.PWM_Init
                0x0002b808      0x27c ./SDK/platform/pal/src/pwm/pwm_pal.o
                0x0002b808                PWM_Init
 .text.PWM_UpdateDuty
                0x0002ba84       0x40 ./SDK/platform/pal/src/pwm/pwm_pal.o
                0x0002ba84                PWM_UpdateDuty
 .text.FindLpspiState
                0x0002bac4       0x38 ./SDK/platform/pal/src/spi/spi_pal.o
 .text.SmallestPowerOfTwo
                0x0002bafc       0x1c ./SDK/platform/pal/src/spi/spi_pal.o
 .text.SPI_MasterInit
                0x0002bb18       0xe8 ./SDK/platform/pal/src/spi/spi_pal.o
                0x0002bb18                SPI_MasterInit
 .text.SPI_MasterTransfer
                0x0002bc00       0x44 ./SDK/platform/pal/src/spi/spi_pal.o
                0x0002bc00                SPI_MasterTransfer
 .text.SPI_MasterTransferBlocking
                0x0002bc44       0x4c ./SDK/platform/pal/src/spi/spi_pal.o
                0x0002bc44                SPI_MasterTransferBlocking
 .text.SPI_SetSS
                0x0002bc90       0x14 ./SDK/platform/pal/src/spi/spi_pal.o
                0x0002bc90                SPI_SetSS
 .text.UART_Init
                0x0002bca4       0xd8 ./SDK/platform/pal/src/uart/uart_pal.o
                0x0002bca4                UART_Init
 .text.UART_ReceiveData
                0x0002bd7c       0x12 ./SDK/platform/pal/src/uart/uart_pal.o
                0x0002bd7c                UART_ReceiveData
 .text.UART_GetReceiveStatus
                0x0002bd8e       0x12 ./SDK/platform/pal/src/uart/uart_pal.o
                0x0002bd8e                UART_GetReceiveStatus
 .text.UART_SetRxBuffer
                0x0002bda0       0x12 ./SDK/platform/pal/src/uart/uart_pal.o
                0x0002bda0                UART_SetRxBuffer
 .text.xEventGroupCreate
                0x0002bdb2       0x1a ./SDK/rtos/FreeRTOS_S32K/Source/event_groups.o
                0x0002bdb2                xEventGroupCreate
 .text.vListInitialise
                0x0002bdcc       0x16 ./SDK/rtos/FreeRTOS_S32K/Source/list.o
                0x0002bdcc                vListInitialise
 .text.vListInitialiseItem
                0x0002bde2        0x6 ./SDK/rtos/FreeRTOS_S32K/Source/list.o
                0x0002bde2                vListInitialiseItem
 .text.vListInsertEnd
                0x0002bde8       0x18 ./SDK/rtos/FreeRTOS_S32K/Source/list.o
                0x0002bde8                vListInsertEnd
 .text.vListInsert
                0x0002be00       0x34 ./SDK/rtos/FreeRTOS_S32K/Source/list.o
                0x0002be00                vListInsert
 .text.uxListRemove
                0x0002be34       0x26 ./SDK/rtos/FreeRTOS_S32K/Source/list.o
                0x0002be34                uxListRemove
 .text.prvIsQueueEmpty
                0x0002be5a       0x16 ./SDK/rtos/FreeRTOS_S32K/Source/queue.o
 .text.prvCopyDataToQueue
                0x0002be70       0x76 ./SDK/rtos/FreeRTOS_S32K/Source/queue.o
 .text.prvCopyDataFromQueue
                0x0002bee6       0x24 ./SDK/rtos/FreeRTOS_S32K/Source/queue.o
 .text.prvUnlockQueue
                0x0002bf0a       0x82 ./SDK/rtos/FreeRTOS_S32K/Source/queue.o
 .text.xQueueGenericReset
                0x0002bf8c       0x70 ./SDK/rtos/FreeRTOS_S32K/Source/queue.o
                0x0002bf8c                xQueueGenericReset
 .text.xQueueGenericCreate
                0x0002bffc       0x36 ./SDK/rtos/FreeRTOS_S32K/Source/queue.o
                0x0002bffc                xQueueGenericCreate
 .text.xQueueCreateCountingSemaphore
                0x0002c032       0x16 ./SDK/rtos/FreeRTOS_S32K/Source/queue.o
                0x0002c032                xQueueCreateCountingSemaphore
 .text.xQueueGenericSend
                0x0002c048      0x124 ./SDK/rtos/FreeRTOS_S32K/Source/queue.o
                0x0002c048                xQueueGenericSend
 .text.xQueueGenericSendFromISR
                0x0002c16c       0x84 ./SDK/rtos/FreeRTOS_S32K/Source/queue.o
                0x0002c16c                xQueueGenericSendFromISR
 .text.xQueueGiveFromISR
                0x0002c1f0       0x6c ./SDK/rtos/FreeRTOS_S32K/Source/queue.o
                0x0002c1f0                xQueueGiveFromISR
 .text.xQueueReceive
                0x0002c25c      0x110 ./SDK/rtos/FreeRTOS_S32K/Source/queue.o
                0x0002c25c                xQueueReceive
 .text.xQueueSemaphoreTake
                0x0002c36c      0x158 ./SDK/rtos/FreeRTOS_S32K/Source/queue.o
                0x0002c36c                xQueueSemaphoreTake
 .text.uxQueueSpacesAvailable
                0x0002c4c4       0x16 ./SDK/rtos/FreeRTOS_S32K/Source/queue.o
                0x0002c4c4                uxQueueSpacesAvailable
 .text.uxQueueMessagesWaitingFromISR
                0x0002c4da        0x4 ./SDK/rtos/FreeRTOS_S32K/Source/queue.o
                0x0002c4da                uxQueueMessagesWaitingFromISR
 *fill*         0x0002c4de        0x2 
 .text.vQueueAddToRegistry
                0x0002c4e0       0x34 ./SDK/rtos/FreeRTOS_S32K/Source/queue.o
                0x0002c4e0                vQueueAddToRegistry
 .text.vQueueUnregisterQueue
                0x0002c514       0x34 ./SDK/rtos/FreeRTOS_S32K/Source/queue.o
                0x0002c514                vQueueUnregisterQueue
 .text.vQueueDelete
                0x0002c548       0x10 ./SDK/rtos/FreeRTOS_S32K/Source/queue.o
                0x0002c548                vQueueDelete
 .text.vQueueWaitForMessageRestricted
                0x0002c558       0x4e ./SDK/rtos/FreeRTOS_S32K/Source/queue.o
                0x0002c558                vQueueWaitForMessageRestricted
 *fill*         0x0002c5a6        0x2 
 .text.prvResetNextTaskUnblockTime
                0x0002c5a8       0x2c ./SDK/rtos/FreeRTOS_S32K/Source/tasks.o
 .text.prvIdleTask
                0x0002c5d4       0x70 ./SDK/rtos/FreeRTOS_S32K/Source/tasks.o
 .text.prvAddCurrentTaskToDelayedList
                0x0002c644       0xa0 ./SDK/rtos/FreeRTOS_S32K/Source/tasks.o
 .text.xTaskCreate
                0x0002c6e4      0x1d4 ./SDK/rtos/FreeRTOS_S32K/Source/tasks.o
                0x0002c6e4                xTaskCreate
 .text.vTaskDelete
                0x0002c8b8       0xcc ./SDK/rtos/FreeRTOS_S32K/Source/tasks.o
                0x0002c8b8                vTaskDelete
 .text.vTaskStartScheduler
                0x0002c984       0x6c ./SDK/rtos/FreeRTOS_S32K/Source/tasks.o
                0x0002c984                vTaskStartScheduler
 .text.vTaskSuspendAll
                0x0002c9f0       0x10 ./SDK/rtos/FreeRTOS_S32K/Source/tasks.o
                0x0002c9f0                vTaskSuspendAll
 .text.xTaskGetTickCount
                0x0002ca00        0xc ./SDK/rtos/FreeRTOS_S32K/Source/tasks.o
                0x0002ca00                xTaskGetTickCount
 .text.xTaskIncrementTick
                0x0002ca0c      0x118 ./SDK/rtos/FreeRTOS_S32K/Source/tasks.o
                0x0002ca0c                xTaskIncrementTick
 .text.xTaskResumeAll
                0x0002cb24       0xe8 ./SDK/rtos/FreeRTOS_S32K/Source/tasks.o
                0x0002cb24                xTaskResumeAll
 .text.vTaskDelayUntil
                0x0002cc0c       0x5c ./SDK/rtos/FreeRTOS_S32K/Source/tasks.o
                0x0002cc0c                vTaskDelayUntil
 .text.vTaskDelay
                0x0002cc68       0x34 ./SDK/rtos/FreeRTOS_S32K/Source/tasks.o
                0x0002cc68                vTaskDelay
 .text.vTaskSwitchContext
                0x0002cc9c       0x9c ./SDK/rtos/FreeRTOS_S32K/Source/tasks.o
                0x0002cc9c                vTaskSwitchContext
 .text.vTaskPlaceOnEventList
                0x0002cd38       0x1c ./SDK/rtos/FreeRTOS_S32K/Source/tasks.o
                0x0002cd38                vTaskPlaceOnEventList
 .text.vTaskPlaceOnEventListRestricted
                0x0002cd54       0x28 ./SDK/rtos/FreeRTOS_S32K/Source/tasks.o
                0x0002cd54                vTaskPlaceOnEventListRestricted
 .text.xTaskRemoveFromEventList
                0x0002cd7c       0x74 ./SDK/rtos/FreeRTOS_S32K/Source/tasks.o
                0x0002cd7c                xTaskRemoveFromEventList
 .text.vTaskInternalSetTimeOutState
                0x0002cdf0       0x18 ./SDK/rtos/FreeRTOS_S32K/Source/tasks.o
                0x0002cdf0                vTaskInternalSetTimeOutState
 .text.xTaskCheckForTimeOut
                0x0002ce08       0x74 ./SDK/rtos/FreeRTOS_S32K/Source/tasks.o
                0x0002ce08                xTaskCheckForTimeOut
 .text.vTaskMissedYield
                0x0002ce7c        0xc ./SDK/rtos/FreeRTOS_S32K/Source/tasks.o
                0x0002ce7c                vTaskMissedYield
 .text.xTaskGetSchedulerState
                0x0002ce88       0x20 ./SDK/rtos/FreeRTOS_S32K/Source/tasks.o
                0x0002ce88                xTaskGetSchedulerState
 .text.xTaskPriorityInherit
                0x0002cea8       0xb8 ./SDK/rtos/FreeRTOS_S32K/Source/tasks.o
                0x0002cea8                xTaskPriorityInherit