Archive member included to satisfy reference by file (symbol)

E:/S32DS/S32DS/build_tools/gcc_v6.3/gcc-6.3-arm32-eabi/arm-none-eabi/newlib/lib/thumb/v7e-m/fpv4-sp/hard\libm.a(lib_a-sf_floor.o)
                              ./VCU10_ert_rtw/VCU10.o (floorf)
E:/S32DS/S32DS/build_tools/gcc_v6.3/gcc-6.3-arm32-eabi/arm-none-eabi/newlib/lib/thumb/v7e-m/fpv4-sp/hard\libm.a(lib_a-s_floor.o)
                              ./VCU10_ert_rtw/VCU10.o (floor)
E:/S32DS/S32DS/build_tools/gcc_v6.3/gcc-6.3-arm32-eabi/arm-none-eabi/newlib/lib/thumb/v7e-m/fpv4-sp/hard\libm.a(lib_a-s_ldexp.o)
                              ./VCU10_ert_rtw/VCU10.o (ldexp)
E:/S32DS/S32DS/build_tools/gcc_v6.3/gcc-6.3-arm32-eabi/arm-none-eabi/newlib/lib/thumb/v7e-m/fpv4-sp/hard\libm.a(lib_a-s_scalbn.o)
                              E:/S32DS/S32DS/build_tools/gcc_v6.3/gcc-6.3-arm32-eabi/arm-none-eabi/newlib/lib/thumb/v7e-m/fpv4-sp/hard\libm.a(lib_a-s_ldexp.o) (scalbn)
E:/S32DS/S32DS/build_tools/gcc_v6.3/gcc-6.3-arm32-eabi/arm-none-eabi/newlib/lib/thumb/v7e-m/fpv4-sp/hard\libm.a(lib_a-s_sin.o)
                              ./VCU10_ert_rtw/VCU10.o (sin)
E:/S32DS/S32DS/build_tools/gcc_v6.3/gcc-6.3-arm32-eabi/arm-none-eabi/newlib/lib/thumb/v7e-m/fpv4-sp/hard\libm.a(lib_a-wf_fmod.o)
                              ./VCU10_ert_rtw/VCU10.o (fmodf)
E:/S32DS/S32DS/build_tools/gcc_v6.3/gcc-6.3-arm32-eabi/arm-none-eabi/newlib/lib/thumb/v7e-m/fpv4-sp/hard\libm.a(lib_a-w_fmod.o)
                              ./VCU10_ert_rtw/VCU10.o (fmod)
E:/S32DS/S32DS/build_tools/gcc_v6.3/gcc-6.3-arm32-eabi/arm-none-eabi/newlib/lib/thumb/v7e-m/fpv4-sp/hard\libm.a(lib_a-ef_fmod.o)
                              E:/S32DS/S32DS/build_tools/gcc_v6.3/gcc-6.3-arm32-eabi/arm-none-eabi/newlib/lib/thumb/v7e-m/fpv4-sp/hard\libm.a(lib_a-wf_fmod.o) (__ieee754_fmodf)
E:/S32DS/S32DS/build_tools/gcc_v6.3/gcc-6.3-arm32-eabi/arm-none-eabi/newlib/lib/thumb/v7e-m/fpv4-sp/hard\libm.a(lib_a-e_fmod.o)
                              E:/S32DS/S32DS/build_tools/gcc_v6.3/gcc-6.3-arm32-eabi/arm-none-eabi/newlib/lib/thumb/v7e-m/fpv4-sp/hard\libm.a(lib_a-w_fmod.o) (__ieee754_fmod)
E:/S32DS/S32DS/build_tools/gcc_v6.3/gcc-6.3-arm32-eabi/arm-none-eabi/newlib/lib/thumb/v7e-m/fpv4-sp/hard\libm.a(lib_a-e_rem_pio2.o)
                              E:/S32DS/S32DS/build_tools/gcc_v6.3/gcc-6.3-arm32-eabi/arm-none-eabi/newlib/lib/thumb/v7e-m/fpv4-sp/hard\libm.a(lib_a-s_sin.o) (__ieee754_rem_pio2)
E:/S32DS/S32DS/build_tools/gcc_v6.3/gcc-6.3-arm32-eabi/arm-none-eabi/newlib/lib/thumb/v7e-m/fpv4-sp/hard\libm.a(lib_a-k_cos.o)
                              E:/S32DS/S32DS/build_tools/gcc_v6.3/gcc-6.3-arm32-eabi/arm-none-eabi/newlib/lib/thumb/v7e-m/fpv4-sp/hard\libm.a(lib_a-s_sin.o) (__kernel_cos)
E:/S32DS/S32DS/build_tools/gcc_v6.3/gcc-6.3-arm32-eabi/arm-none-eabi/newlib/lib/thumb/v7e-m/fpv4-sp/hard\libm.a(lib_a-k_rem_pio2.o)
                              E:/S32DS/S32DS/build_tools/gcc_v6.3/gcc-6.3-arm32-eabi/arm-none-eabi/newlib/lib/thumb/v7e-m/fpv4-sp/hard\libm.a(lib_a-e_rem_pio2.o) (__kernel_rem_pio2)
E:/S32DS/S32DS/build_tools/gcc_v6.3/gcc-6.3-arm32-eabi/arm-none-eabi/newlib/lib/thumb/v7e-m/fpv4-sp/hard\libm.a(lib_a-k_sin.o)
                              E:/S32DS/S32DS/build_tools/gcc_v6.3/gcc-6.3-arm32-eabi/arm-none-eabi/newlib/lib/thumb/v7e-m/fpv4-sp/hard\libm.a(lib_a-s_sin.o) (__kernel_sin)
E:/S32DS/S32DS/build_tools/gcc_v6.3/gcc-6.3-arm32-eabi/arm-none-eabi/newlib/lib/thumb/v7e-m/fpv4-sp/hard\libm.a(lib_a-s_copysign.o)
                              E:/S32DS/S32DS/build_tools/gcc_v6.3/gcc-6.3-arm32-eabi/arm-none-eabi/newlib/lib/thumb/v7e-m/fpv4-sp/hard\libm.a(lib_a-s_scalbn.o) (copysign)
E:/S32DS/S32DS/build_tools/gcc_v6.3/gcc-6.3-arm32-eabi/arm-none-eabi/newlib/lib/thumb/v7e-m/fpv4-sp/hard\libm.a(lib_a-s_fabs.o)
                              E:/S32DS/S32DS/build_tools/gcc_v6.3/gcc-6.3-arm32-eabi/arm-none-eabi/newlib/lib/thumb/v7e-m/fpv4-sp/hard\libm.a(lib_a-e_rem_pio2.o) (fabs)
E:/S32DS/S32DS/build_tools/gcc_v6.3/gcc-6.3-arm32-eabi/arm-none-eabi/newlib/lib/thumb/v7e-m/fpv4-sp/hard\libm.a(lib_a-s_finite.o)
                              E:/S32DS/S32DS/build_tools/gcc_v6.3/gcc-6.3-arm32-eabi/arm-none-eabi/newlib/lib/thumb/v7e-m/fpv4-sp/hard\libm.a(lib_a-s_ldexp.o) (finite)
E:/S32DS/S32DS/build_tools/gcc_v6.3/gcc-6.3-arm32-eabi/arm-none-eabi/newlib/lib/thumb/v7e-m/fpv4-sp/hard\libm.a(lib_a-s_lib_ver.o)
                              E:/S32DS/S32DS/build_tools/gcc_v6.3/gcc-6.3-arm32-eabi/arm-none-eabi/newlib/lib/thumb/v7e-m/fpv4-sp/hard\libm.a(lib_a-wf_fmod.o) (__fdlib_version)
E:/S32DS/S32DS/build_tools/gcc_v6.3/gcc-6.3-arm32-eabi/arm-none-eabi/newlib/lib/thumb/v7e-m/fpv4-sp/hard\libm.a(lib_a-s_matherr.o)
                              E:/S32DS/S32DS/build_tools/gcc_v6.3/gcc-6.3-arm32-eabi/arm-none-eabi/newlib/lib/thumb/v7e-m/fpv4-sp/hard\libm.a(lib_a-wf_fmod.o) (matherr)
e:/s32ds/s32ds/build_tools/gcc_v6.3/gcc-6.3-arm32-eabi/bin/../lib/gcc/arm-none-eabi/6.3.1/thumb/v7e-m/fpv4-sp/hard\libgcc.a(_arm_addsubdf3.o)
[...]
Memory Configuration

Name             Origin             Length             Attributes
m_interrupts     0x00020000         0x00000400         xr
m_flash_config   0x00020400         0x00000010         xr
m_text           0x00020410         0x00040000         xr
m_data           0x1ffe0000         0x00020000         rw
m_data_2         0x20000000         0x0001eff0         rw
appup_boot_flag  0x2001eff0         0x00000010         rw
*default*        0x00000000         0xffffffff

Linker script and memory map

LOAD e:/s32ds/s32ds/build_tools/gcc_v6.3/gcc-6.3-arm32-eabi/bin/../lib/gcc/arm-none-eabi/6.3.1/thumb/v7e-m/fpv4-sp/hard/crti.o
LOAD e:/s32ds/s32ds/build_tools/gcc_v6.3/gcc-6.3-arm32-eabi/bin/../lib/gcc/arm-none-eabi/6.3.1/thumb/v7e-m/fpv4-sp/hard/crtbegin.o
LOAD E:/S32DS/S32DS/build_tools/gcc_v6.3/gcc-6.3-arm32-eabi/arm-none-eabi/newlib/lib/thumb/v7e-m/fpv4-sp/hard/crt0.o
LOAD ./Generated_Code/Cpu.o
LOAD ./Generated_Code/Flash1.o
LOAD ./Generated_Code/adc0.o
LOAD ./Generated_Code/can0.o
LOAD ./Generated_Code/can1.o
LOAD ./Generated_Code/can2.o
LOAD ./Generated_Code/clockMan1.o
LOAD ./Generated_Code/dmaController1.o
LOAD ./Generated_Code/flexio_uart_rx.o
LOAD ./Generated_Code/flexio_uart_tx.o
LOAD ./Generated_Code/i2c0_ads15.o
LOAD ./Generated_Code/i2c1_at24c.o
LOAD ./Generated_Code/pin_mux.o
LOAD ./Generated_Code/pwm1_ucc27.o
LOAD ./Generated_Code/pwm5.o
LOAD ./Generated_Code/pwm6_tlf35.o
LOAD ./Generated_Code/pwrMan1.o
LOAD ./Generated_Code/spi0_tlf35.o
LOAD ./Generated_Code/spi1_max318.o
LOAD ./Generated_Code/spi2_mc338.o
LOAD ./Generated_Code/uart0_iot.o
LOAD ./Generated_Code/uart1_jy60.o
LOAD ./Generated_Code/uart2_sbus.o
LOAD ./ImpCode/bsp/base/bsp_adc.o
LOAD ./ImpCode/bsp/base/bsp_ads1115.o
LOAD ./ImpCode/bsp/base/bsp_adsch8.o
LOAD ./ImpCode/bsp/base/bsp_at24c256.o
LOAD ./ImpCode/bsp/base/bsp_bootld.o
LOAD ./ImpCode/bsp/base/bsp_max31865.o
LOAD ./ImpCode/bsp/base/bsp_mc33879.o
LOAD ./ImpCode/bsp/base/bsp_pflash.o
LOAD ./ImpCode/bsp/base/bsp_pin.o
LOAD ./ImpCode/bsp/base/bsp_tlf35584.o
LOAD ./ImpCode/bsp/base/bsp_ucc27517.o
LOAD ./ImpCode/bsp/com/bsp_can0.o
LOAD ./ImpCode/bsp/com/bsp_can1.o
LOAD ./ImpCode/bsp/com/bsp_can2.o
LOAD ./ImpCode/bsp/com/bsp_net.o
LOAD ./ImpCode/bsp/com/bsp_uart.o
LOAD ./ImpCode/bsp/com/bsp_uart_iot.o
LOAD ./ImpCode/bsp/com/bsp_uart_jy60.o
LOAD ./ImpCode/bsp/com/bsp_uart_sbus.o
LOAD ./ImpCode/interface/CAN_Node.o
LOAD ./ImpCode/os/os_task.o
LOAD ./ImpCode/os/os_task_CanOut.o
LOAD ./ImpCode/os/os_task_CoreApp.o
LOAD ./ImpCode/os/os_task_Debug.o
LOAD ./ImpCode/os/os_task_VcuCtrl.o
LOAD ./ImpCode/os/os_task_getComIn.o
LOAD ./ImpCode/os/os_task_getIn.o
LOAD ./Project_Settings/Startup_Code/startup_S32K148.o
LOAD ./SDK/middleware/tcpip/lwip/src/api/api_lib.o
LOAD ./SDK/middleware/tcpip/lwip/src/api/api_msg.o
LOAD ./SDK/middleware/tcpip/lwip/src/api/err.o
LOAD ./SDK/middleware/tcpip/lwip/src/api/netbuf.o
LOAD ./SDK/middleware/tcpip/lwip/src/api/netdb.o
LOAD ./SDK/middleware/tcpip/lwip/src/api/netifapi.o
LOAD ./SDK/middleware/tcpip/lwip/src/api/sockets.o
LOAD ./SDK/middleware/tcpip/lwip/src/api/tcpip.o
LOAD ./SDK/middleware/tcpip/lwip/src/apps/lwiperf/lwiperf.o
LOAD ./SDK/middleware/tcpip/lwip/src/apps/mdns/mdns.o
LOAD ./SDK/middleware/tcpip/lwip/src/apps/mqtt/mqtt.o
LOAD ./SDK/middleware/tcpip/lwip/src/apps/snmp/snmp_asn1.o
LOAD ./SDK/middleware/tcpip/lwip/src/apps/snmp/snmp_core.o
LOAD ./SDK/middleware/tcpip/lwip/src/apps/snmp/snmp_mib2.o
LOAD ./SDK/middleware/tcpip/lwip/src/apps/snmp/snmp_mib2_icmp.o
LOAD ./SDK/middleware/tcpip/lwip/src/apps/snmp/snmp_mib2_interfaces.o
LOAD ./SDK/middleware/tcpip/lwip/src/apps/snmp/snmp_mib2_ip.o
LOAD ./SDK/middleware/tcpip/lwip/src/apps/snmp/snmp_mib2_snmp.o
LOAD ./SDK/middleware/tcpip/lwip/src/apps/snmp/snmp_mib2_system.o
LOAD ./SDK/middleware/tcpip/lwip/src/apps/snmp/snmp_mib2_tcp.o
LOAD ./SDK/middleware/tcpip/lwip/src/apps/snmp/snmp_mib2_udp.o
LOAD ./SDK/middleware/tcpip/lwip/src/apps/snmp/snmp_msg.o
LOAD ./SDK/middleware/tcpip/lwip/src/apps/snmp/snmp_netconn.o
LOAD ./SDK/middleware/tcpip/lwip/src/apps/snmp/snmp_pbuf_stream.o
LOAD ./SDK/middleware/tcpip/lwip/src/apps/snmp/snmp_raw.o
LOAD ./SDK/middleware/tcpip/lwip/src/apps/snmp/snmp_scalar.o
LOAD ./SDK/middleware/tcpip/lwip/src/apps/snmp/snmp_table.o
LOAD ./SDK/middleware/tcpip/lwip/src/apps/snmp/snmp_threadsync.o
LOAD ./SDK/middleware/tcpip/lwip/src/apps/snmp/snmp_traps.o
LOAD ./SDK/middleware/tcpip/lwip/src/apps/snmp/snmpv3.o
LOAD ./SDK/middleware/tcpip/lwip/src/apps/snmp/snmpv3_dummy.o
LOAD ./SDK/middleware/tcpip/lwip/src/apps/snmp/snmpv3_mbedtls.o
LOAD ./SDK/middleware/tcpip/lwip/src/apps/tftp/tftp_server.o
LOAD ./SDK/middleware/tcpip/lwip/src/core/def.o
LOAD ./SDK/middleware/tcpip/lwip/src/core/dns.o
LOAD ./SDK/middleware/tcpip/lwip/src/core/inet_chksum.o
LOAD ./SDK/middleware/tcpip/lwip/src/core/init.o
LOAD ./SDK/middleware/tcpip/lwip/src/core/ip.o
LOAD ./SDK/middleware/tcpip/lwip/src/core/mem.o
LOAD ./SDK/middleware/tcpip/lwip/src/core/memp.o
LOAD ./SDK/middleware/tcpip/lwip/src/core/netif.o
LOAD ./SDK/middleware/tcpip/lwip/src/core/pbuf.o
LOAD ./SDK/middleware/tcpip/lwip/src/core/raw.o
LOAD ./SDK/middleware/tcpip/lwip/src/core/stats.o
LOAD ./SDK/middleware/tcpip/lwip/src/core/sys.o
LOAD ./SDK/middleware/tcpip/lwip/src/core/tcp.o
LOAD ./SDK/middleware/tcpip/lwip/src/core/tcp_in.o
LOAD ./SDK/middleware/tcpip/lwip/src/core/tcp_out.o
LOAD ./SDK/middleware/tcpip/lwip/src/core/timeouts.o
LOAD ./SDK/middleware/tcpip/lwip/src/core/udp.o
LOAD ./SDK/middleware/tcpip/lwip/src/core/ipv4/autoip.o
LOAD ./SDK/middleware/tcpip/lwip/src/core/ipv4/dhcp.o
LOAD ./SDK/middleware/tcpip/lwip/src/core/ipv4/etharp.o
LOAD ./SDK/middleware/tcpip/lwip/src/core/ipv4/icmp.o
LOAD ./SDK/middleware/tcpip/lwip/src/core/ipv4/igmp.o
LOAD ./SDK/middleware/tcpip/lwip/src/core/ipv4/ip4.o
LOAD ./SDK/middleware/tcpip/lwip/src/core/ipv4/ip4_addr.o
LOAD ./SDK/middleware/tcpip/lwip/src/core/ipv4/ip4_frag.o
LOAD ./SDK/middleware/tcpip/lwip/src/core/ipv6/dhcp6.o
LOAD ./SDK/middleware/tcpip/lwip/src/core/ipv6/ethip6.o
LOAD ./SDK/middleware/tcpip/lwip/src/core/ipv6/icmp6.o
LOAD ./SDK/middleware/tcpip/lwip/src/core/ipv6/inet6.o
LOAD ./SDK/middleware/tcpip/lwip/src/core/ipv6/ip6.o
LOAD ./SDK/middleware/tcpip/lwip/src/core/ipv6/ip6_addr.o
LOAD ./SDK/middleware/tcpip/lwip/src/core/ipv6/ip6_frag.o
LOAD ./SDK/middleware/tcpip/lwip/src/core/ipv6/mld6.o
LOAD ./SDK/middleware/tcpip/lwip/src/core/ipv6/nd6.o
LOAD ./SDK/middleware/tcpip/lwip/src/netif/ethernet.o
LOAD ./SDK/middleware/tcpip/lwip/src/netif/ethernetif.o
LOAD ./SDK/middleware/tcpip/lwip/src/netif/lowpan6.o
LOAD ./SDK/middleware/tcpip/lwip/src/netif/slipif.o
LOAD ./SDK/middleware/tcpip/lwip/src/netif/ppp/auth.o
LOAD ./SDK/middleware/tcpip/lwip/src/netif/ppp/ccp.o
LOAD ./SDK/middleware/tcpip/lwip/src/netif/ppp/chap-md5.o
LOAD ./SDK/middleware/tcpip/lwip/src/netif/ppp/chap-new.o
LOAD ./SDK/middleware/tcpip/lwip/src/netif/ppp/chap_ms.o
LOAD ./SDK/middleware/tcpip/lwip/src/netif/ppp/demand.o
LOAD ./SDK/middleware/tcpip/lwip/src/netif/ppp/eap.o
LOAD ./SDK/middleware/tcpip/lwip/src/netif/ppp/ecp.o
LOAD ./SDK/middleware/tcpip/lwip/src/netif/ppp/eui64.o
LOAD ./SDK/middleware/tcpip/lwip/src/netif/ppp/fsm.o
LOAD ./SDK/middleware/tcpip/lwip/src/netif/ppp/ipcp.o
LOAD ./SDK/middleware/tcpip/lwip/src/netif/ppp/ipv6cp.o
LOAD ./SDK/middleware/tcpip/lwip/src/netif/ppp/lcp.o
LOAD ./SDK/middleware/tcpip/lwip/src/netif/ppp/magic.o
LOAD ./SDK/middleware/tcpip/lwip/src/netif/ppp/mppe.o
LOAD ./SDK/middleware/tcpip/lwip/src/netif/ppp/multilink.o
LOAD ./SDK/middleware/tcpip/lwip/src/netif/ppp/ppp.o
LOAD ./SDK/middleware/tcpip/lwip/src/netif/ppp/pppapi.o
LOAD ./SDK/middleware/tcpip/lwip/src/netif/ppp/pppcrypt.o
LOAD ./SDK/middleware/tcpip/lwip/src/netif/ppp/pppoe.o
LOAD ./SDK/middleware/tcpip/lwip/src/netif/ppp/pppol2tp.o
LOAD ./SDK/middleware/tcpip/lwip/src/netif/ppp/pppos.o
LOAD ./SDK/middleware/tcpip/lwip/src/netif/ppp/upap.o
LOAD ./SDK/middleware/tcpip/lwip/src/netif/ppp/utils.o
LOAD ./SDK/middleware/tcpip/lwip/src/netif/ppp/vj.o
LOAD ./SDK/middleware/tcpip/lwip/src/netif/ppp/polarssl/arc4.o
LOAD ./SDK/middleware/tcpip/lwip/src/netif/ppp/polarssl/des.o
LOAD ./SDK/middleware/tcpip/lwip/src/netif/ppp/polarssl/md4.o
LOAD ./SDK/middleware/tcpip/lwip/src/netif/ppp/polarssl/md5.o
LOAD ./SDK/middleware/tcpip/lwip/src/netif/ppp/polarssl/sha1.o
LOAD ./SDK/middleware/tcpip/tcpip_stack/addons/tcp_isn/tcp_isn.o
LOAD ./SDK/middleware/tcpip/tcpip_stack/apps/ccov/ccov.o
LOAD ./SDK/middleware/tcpip/tcpip_stack/apps/chargen/chargen.o
LOAD ./SDK/middleware/tcpip/tcpip_stack/apps/smtp/smtp.o
LOAD ./SDK/middleware/tcpip/tcpip_stack/apps/snmp_private_mib/lwip_prvmib.o
LOAD ./SDK/middleware/tcpip/tcpip_stack/apps/tcpecho/tcpecho.o
LOAD ./SDK/middleware/tcpip/tcpip_stack/apps/udpecho_raw/udpecho_raw.o
LOAD ./SDK/middleware/tcpip/tcpip_stack/demo/test.o
LOAD ./SDK/middleware/tcpip/tcpip_stack/ports/OS/sys_arch.o
LOAD ./SDK/middleware/tcpip/tcpip_stack/ports/netif/enetif/enetif.o
LOAD ./SDK/middleware/tcpip/tcpip_stack/ports/platform/S32K148/platform.o
LOAD ./SDK/platform/devices/S32K148/startup/system_S32K148.o
LOAD ./SDK/platform/devices/startup.o
LOAD ./SDK/platform/drivers/src/adc/adc_driver.o
LOAD ./SDK/platform/drivers/src/clock/S32K1xx/clock_S32K1xx.o
LOAD ./SDK/platform/drivers/src/edma/edma_driver.o
LOAD ./SDK/platform/drivers/src/edma/edma_hw_access.o
LOAD ./SDK/platform/drivers/src/edma/edma_irq.o
LOAD ./SDK/platform/drivers/src/enet/enet_driver.o
LOAD ./SDK/platform/drivers/src/enet/enet_hw_access.o
LOAD ./SDK/platform/drivers/src/enet/enet_irq.o
LOAD ./SDK/platform/drivers/src/flash/flash_driver.o
LOAD ./SDK/platform/drivers/src/flexcan/flexcan_driver.o
LOAD ./SDK/platform/drivers/src/flexcan/flexcan_hw_access.o
LOAD ./SDK/platform/drivers/src/flexcan/flexcan_irq.o
LOAD ./SDK/platform/drivers/src/flexio/flexio_common.o
LOAD ./SDK/platform/drivers/src/flexio/flexio_uart_driver.o
LOAD ./SDK/platform/drivers/src/ftm/ftm_common.o
LOAD ./SDK/platform/drivers/src/ftm/ftm_hw_access.o
LOAD ./SDK/platform/drivers/src/ftm/ftm_pwm_driver.o
LOAD ./SDK/platform/drivers/src/interrupt/interrupt_manager.o
LOAD ./SDK/platform/drivers/src/lpi2c/lpi2c_driver.o
LOAD ./SDK/platform/drivers/src/lpi2c/lpi2c_hw_access.o
LOAD ./SDK/platform/drivers/src/lpi2c/lpi2c_irq.o
LOAD ./SDK/platform/drivers/src/lpspi/lpspi_hw_access.o
LOAD ./SDK/platform/drivers/src/lpspi/lpspi_irq.o
LOAD ./SDK/platform/drivers/src/lpspi/lpspi_master_driver.o
LOAD ./SDK/platform/drivers/src/lpspi/lpspi_shared_function.o
LOAD ./SDK/platform/drivers/src/lpspi/lpspi_slave_driver.o
LOAD ./SDK/platform/drivers/src/lpuart/lpuart_driver.o
LOAD ./SDK/platform/drivers/src/lpuart/lpuart_hw_access.o
LOAD ./SDK/platform/drivers/src/lpuart/lpuart_irq.o
LOAD ./SDK/platform/drivers/src/pdb/pdb_driver.o
LOAD ./SDK/platform/drivers/src/pdb/pdb_hw_access.o
LOAD ./SDK/platform/drivers/src/pins/pins_driver.o
LOAD ./SDK/platform/drivers/src/pins/pins_port_hw_access.o
LOAD ./SDK/platform/drivers/src/power/S32K1xx/power_manager_S32K1xx.o
LOAD ./SDK/platform/drivers/src/power/S32K1xx/power_smc_hw_access.o
LOAD ./SDK/platform/drivers/src/power/power_manager.o
LOAD ./SDK/platform/drivers/src/trgmux/trgmux_driver.o
LOAD ./SDK/platform/drivers/src/trgmux/trgmux_hw_access.o
LOAD ./SDK/platform/pal/src/adc/adc_irq.o
LOAD ./SDK/platform/pal/src/adc/adc_pal.o
LOAD ./SDK/platform/pal/src/can/can_pal.o
LOAD ./SDK/platform/pal/src/i2c/i2c_pal.o
LOAD ./SDK/platform/pal/src/pwm/pwm_pal.o
LOAD ./SDK/platform/pal/src/spi/spi_pal.o
LOAD ./SDK/platform/pal/src/uart/uart_pal.o
LOAD ./SDK/rtos/FreeRTOS_S32K/Source/croutine.o
LOAD ./SDK/rtos/FreeRTOS_S32K/Source/event_groups.o
LOAD ./SDK/rtos/FreeRTOS_S32K/Source/list.o
LOAD ./SDK/rtos/FreeRTOS_S32K/Source/queue.o
LOAD ./SDK/rtos/FreeRTOS_S32K/Source/stream_buffer.o
LOAD ./SDK/rtos/FreeRTOS_S32K/Source/tasks.o
LOAD ./SDK/rtos/FreeRTOS_S32K/Source/timers.o
LOAD ./SDK/rtos/FreeRTOS_S32K/Source/portable/GCC/ARM_CM4F/port.o
LOAD ./SDK/rtos/FreeRTOS_S32K/Source/portable/MemMang/heap_4.o
LOAD ./SDK/rtos/osif/osif_freertos.o
LOAD ./Sources/main.o
LOAD ./VCU10_ert_rtw/VCU10.o
LOAD ./VCU10_ert_rtw/VCU10_data.o
LOAD ./VCU10_ert_rtw/rtGetInf.o
LOAD ./VCU10_ert_rtw/rtGetNaN.o
LOAD ./VCU10_ert_rtw/rt_nonfinite.o
LOAD E:/S32DS/S32DS/build_tools/gcc_v6.3/gcc-6.3-arm32-eabi/arm-none-eabi/newlib/lib/thumb/v7e-m/fpv4-sp/hard\libm.a
START GROUP
LOAD e:/s32ds/s32ds/build_tools/gcc_v6.3/gcc-6.3-arm32-eabi/bin/../lib/gcc/arm-none-eabi/6.3.1/thumb/v7e-m/fpv4-sp/hard\libgcc.a
LOAD E:/S32DS/S32DS/build_tools/gcc_v6.3/gcc-6.3-arm32-eabi/arm-none-eabi/newlib/lib/thumb/v7e-m/fpv4-sp/hard\libc_nano.a
END GROUP
START GROUP
LOAD e:/s32ds/s32ds/build_tools/gcc_v6.3/gcc-6.3-arm32-eabi/bin/../lib/gcc/arm-none-eabi/6.3.1/thumb/v7e-m/fpv4-sp/hard\libgcc.a
LOAD E:/S32DS/S32DS/build_tools/gcc_v6.3/gcc-6.3-arm32-eabi/arm-none-eabi/newlib/lib/thumb/v7e-m/fpv4-sp/hard\libc_nano.a
LOAD E:/S32DS/S32DS/build_tools/gcc_v6.3/gcc-6.3-arm32-eabi/arm-none-eabi/newlib/lib/thumb/v7e-m/fpv4-sp/hard\libnosys.a
END GROUP
START GROUP
LOAD e:/s32ds/s32ds/build_tools/gcc_v6.3/gcc-6.3-arm32-eabi/bin/../lib/gcc/arm-none-eabi/6.3.1/thumb/v7e-m/fpv4-sp/hard\libgcc.a
LOAD E:/S32DS/S32DS/build_tools/gcc_v6.3/gcc-6.3-arm32-eabi/arm-none-eabi/newlib/lib/thumb/v7e-m/fpv4-sp/hard\libc_nano.a
LOAD E:/S32DS/S32DS/build_tools/gcc_v6.3/gcc-6.3-arm32-eabi/arm-none-eabi/newlib/lib/thumb/v7e-m/fpv4-sp/hard\libnosys.a
END GROUP
LOAD e:/s32ds/s32ds/build_tools/gcc_v6.3/gcc-6.3-arm32-eabi/bin/../lib/gcc/arm-none-eabi/6.3.1/thumb/v7e-m/fpv4-sp/hard/crtend.o
LOAD e:/s32ds/s32ds/build_tools/gcc_v6.3/gcc-6.3-arm32-eabi/bin/../lib/gcc/arm-none-eabi/6.3.1/thumb/v7e-m/fpv4-sp/hard/crtn.o
                0x00000400                HEAP_SIZE = DEFINED (__heap_size__)?__heap_size__:0x400
                0x00000400                STACK_SIZE = DEFINED (__stack_size__)?__stack_size__:0x400
                0x00000400                M_VECTOR_RAM_SIZE = DEFINED (__flash_vector_table__)?0x0:0x400

.interrupts     0x00020000      0x400
                0x00020000                __VECTOR_TABLE = .
                0x00020000                __interrupts_start__ = .
                0x00020000                . = ALIGN (0x4)
 *(.isr_vector)
 .isr_vector    0x00020000      0x400 ./Project_Settings/Startup_Code/startup_S32K148.o
                0x00020000                __isr_vector
                0x00020400                __interrupts_end__ = .
                0x00020400                . = ALIGN (0x4)

.flash_config   0x00020400       0x10
                0x00020400                . = ALIGN (0x4)
 *(.FlashConfig)
 .FlashConfig   0x00020400       0x10 ./Project_Settings/Startup_Code/startup_S32K148.o
                0x00020410                . = ALIGN (0x4)

.text           0x00020410    0x11c70
                0x00020410                . = ALIGN (0x4)
 *(.text)
 .text          0x00020410       0x4c ./Project_Settings/Startup_Code/startup_S32K148.o
                0x00020410                Reset_Handler
                0x00020458                FTM5_Ch2_Ch3_IRQHandler
                0x00020458                DebugMon_Handler
                0x00020458                HardFault_Handler
                0x00020458                FTM7_Ch2_Ch3_IRQHandler
                0x00020458                Reserved103_IRQHandler
                0x00020458                FTM7_Ch6_Ch7_IRQHandler
                0x00020458                FTM2_Ovf_Reload_IRQHandler
                0x00020458                Reserved50_IRQHandler
                0x00020458                FTFC_Fault_IRQHandler
                0x00020458                FTM0_Ch6_Ch7_IRQHandler
                0x00020458                Reserved114_IRQHandler
                0x00020458                NMI_Handler
                0x00020458                ERM_double_fault_IRQHandler
                0x00020458                Reserved59_IRQHandler
                0x00020458                LPIT0_Ch0_IRQHandler
                0x00020458                Reserved99_IRQHandler
                0x00020458                FTM7_Ch4_Ch5_IRQHandler
                0x00020458                FTM3_Ch6_Ch7_IRQHandler
                0x00020458                LPIT0_Ch3_IRQHandler
                0x00020458                FTM0_Ch4_Ch5_IRQHandler
                0x00020458                FTM4_Ch6_Ch7_IRQHandler
                0x00020458                FTM3_Ch0_Ch1_IRQHandler
                0x00020458                SWI_IRQHandler
                0x00020458                FTM2_Ch4_Ch5_IRQHandler
                0x00020458                UsageFault_Handler
                0x00020458                FTM0_Ovf_Reload_IRQHandler
                0x00020458                FTM4_Fault_IRQHandler
                0x00020458                DefaultISR
                0x00020458                Reserved58_IRQHandler
                0x00020458                FTM7_Fault_IRQHandler
                0x00020458                FTM1_Ch2_Ch3_IRQHandler
                0x00020458                Reserved82_IRQHandler
                0x00020458                PORTD_IRQHandler
                0x00020458                SAI1_Rx_IRQHandler
                0x00020458                Reserved69_IRQHandler
                0x00020458                PORTB_IRQHandler
                0x00020458                Reserved70_IRQHandler
                0x00020458                FTM2_Ch2_Ch3_IRQHandler
                0x00020458                FTM5_Ch0_Ch1_IRQHandler
                0x00020458                Reserved53_IRQHandler
                0x00020458                RTC_IRQHandler
                0x00020458                PDB0_IRQHandler
                0x00020458                Reserved54_IRQHandler
                0x00020458                FTM6_Fault_IRQHandler
                0x00020458                FTM2_Ch6_Ch7_IRQHandler
                0x00020458                FTM6_Ch4_Ch5_IRQHandler
                0x00020458                FTM3_Ch2_Ch3_IRQHandler
                0x00020458                FTM6_Ch2_Ch3_IRQHandler
                0x00020458                FTM2_Ch0_Ch1_IRQHandler
                0x00020458                LPUART1_RxTx_IRQHandler
                0x00020458                FTM4_Ovf_Reload_IRQHandler
                0x00020458                RTC_Seconds_IRQHandler
                0x00020458                FTM7_Ch0_Ch1_IRQHandler
                0x00020458                Reserved110_IRQHandler
                0x00020458                Reserved107_IRQHandler
                0x00020458                Read_Collision_IRQHandler
                0x00020458                FTFC_IRQHandler
                0x00020458                FTM1_Ch6_Ch7_IRQHandler
                0x00020458                FTM5_Fault_IRQHandler
                0x00020458                FTM6_Ovf_Reload_IRQHandler
                0x00020458                LPIT0_Ch1_IRQHandler
                0x00020458                FTM4_Ch0_Ch1_IRQHandler
                0x00020458                FTM1_Ch4_Ch5_IRQHandler
                0x00020458                FTM3_Ovf_Reload_IRQHandler
                0x00020458                SAI0_Tx_IRQHandler
                0x00020458                LPUART2_RxTx_IRQHandler
                0x00020458                FTM5_Ch4_Ch5_IRQHandler
                0x00020458                WDOG_EWM_IRQHandler
                0x00020458                MemManage_Handler
                0x00020458                Reserved83_IRQHandler
                0x00020458                FTM0_Fault_IRQHandler
                0x00020458                FTM6_Ch6_Ch7_IRQHandler
                0x00020458                Reserved48_IRQHandler
                0x00020458                ERM_single_fault_IRQHandler
                0x00020458                FTM2_Fault_IRQHandler
                0x00020458                FTM0_Ch2_Ch3_IRQHandler
                0x00020458                FTM4_Ch2_Ch3_IRQHandler
                0x00020458                FTM0_Ch0_Ch1_IRQHandler
                0x00020458                FTM4_Ch4_Ch5_IRQHandler
                0x00020458                FTM5_Ovf_Reload_IRQHandler
                0x00020458                FTM3_Fault_IRQHandler
                0x00020458                RCM_IRQHandler
                0x00020458                Reserved100_IRQHandler
                0x00020458                SAI0_Rx_IRQHandler
                0x00020458                SCG_IRQHandler
                0x00020458                PDB1_IRQHandler
                0x00020458                FTM1_Fault_IRQHandler
                0x00020458                Reserved106_IRQHandler
                0x00020458                LVD_LVW_IRQHandler
                0x00020458                ENET_STOP_IRQHandler
                0x00020458                LPIT0_Ch2_IRQHandler
                0x00020458                PORTA_IRQHandler
                0x00020458                FTM5_Ch6_Ch7_IRQHandler
                0x00020458                MCM_IRQHandler
                0x00020458                FTM7_Ovf_Reload_IRQHandler
                0x00020458                FTM3_Ch4_Ch5_IRQHandler
                0x00020458                PORTE_IRQHandler
                0x00020458                LPUART0_RxTx_IRQHandler
                0x00020458                FTM6_Ch0_Ch1_IRQHandler
                0x00020458                LPTMR0_IRQHandler
                0x00020458                BusFault_Handler
                0x00020458                FTM1_Ovf_Reload_IRQHandler
                0x00020458                QSPI_IRQHandler
                0x00020458                CMP0_IRQHandler
                0x00020458                Reserved52_IRQHandler
                0x00020458                PORTC_IRQHandler
                0x00020458                FTM1_Ch0_Ch1_IRQHandler
                0x00020458                SAI1_Tx_IRQHandler
                0x00020458                Reserved113_IRQHandler
 .text          0x0002045c      0x378 e:/s32ds/s32ds/build_tools/gcc_v6.3/gcc-6.3-arm32-eabi/bin/../lib/gcc/arm-none-eabi/6.3.1/thumb/v7e-m/fpv4-sp/hard\libgcc.a(_arm_addsubdf3.o)
                0x0002045c                __aeabi_drsub
                0x00020464                __aeabi_dsub
                0x00020464                __subdf3
                0x00020468                __aeabi_dadd
                0x00020468                __adddf3
                0x000206e0                __floatunsidf
                0x000206e0                __aeabi_ui2d
                0x00020700                __floatsidf
                0x00020700                __aeabi_i2d
                0x00020724                __aeabi_f2d
                0x00020724                __extendsfdf2
                0x00020768                __floatundidf
                0x00020768                __aeabi_ul2d
                0x00020778                __floatdidf
                0x00020778                __aeabi_l2d
 .text          0x000207d4      0x424 e:/s32ds/s32ds/build_tools/gcc_v6.3/gcc-6.3-arm32-eabi/bin/../lib/gcc/arm-none-eabi/6.3.1/thumb/v7e-m/fpv4-sp/hard\libgcc.a(_arm_muldivdf3.o)
                0x000207d4                __aeabi_dmul
                0x000207d4                __muldf3
                0x00020a28                __divdf3
                0x00020a28                __aeabi_ddiv
 .text          0x00020bf8      0x110 e:/s32ds/s32ds/build_tools/gcc_v6.3/gcc-6.3-arm32-eabi/bin/../lib/gcc/arm-none-eabi/6.3.1/thumb/v7e-m/fpv4-sp/hard\libgcc.a(_arm_cmpdf2.o)
                0x00020bf8                __gtdf2
                0x00020bf8                __gedf2
                0x00020c00                __ltdf2
                0x00020c00                __ledf2
                0x00020c08                __nedf2
                0x00020c08                __eqdf2
                0x00020c08                __cmpdf2
                0x00020c84                __aeabi_cdrcmple
                0x00020c94                __aeabi_cdcmpeq
                0x00020c94                __aeabi_cdcmple
                0x00020ca4                __aeabi_dcmpeq
                0x00020cb8                __aeabi_dcmplt
                0x00020ccc                __aeabi_dcmple
                0x00020ce0                __aeabi_dcmpge
                0x00020cf4                __aeabi_dcmpgt
 .text          0x00020d08       0x2c e:/s32ds/s32ds/build_tools/gcc_v6.3/gcc-6.3-arm32-eabi/bin/../lib/gcc/arm-none-eabi/6.3.1/thumb/v7e-m/fpv4-sp/hard\libgcc.a(_arm_unorddf2.o)
                0x00020d08                __unorddf2
                0x00020d08                __aeabi_dcmpun
 .text          0x00020d34       0x50 e:/s32ds/s32ds/build_tools/gcc_v6.3/gcc-6.3-arm32-eabi/bin/../lib/gcc/arm-none-eabi/6.3.1/thumb/v7e-m/fpv4-sp/hard\libgcc.a(_arm_fixdfsi.o)
                0x00020d34                __aeabi_d2iz
                0x00020d34                __fixdfsi
 .text          0x00020d84       0x40 e:/s32ds/s32ds/build_tools/gcc_v6.3/gcc-6.3-arm32-eabi/bin/../lib/gcc/arm-none-eabi/6.3.1/thumb/v7e-m/fpv4-sp/hard\libgcc.a(_arm_fixunsdfsi.o)
                0x00020d84                __aeabi_d2uiz
                0x00020d84                __fixunsdfsi
 .text          0x00020dc4       0xa0 e:/s32ds/s32ds/build_tools/gcc_v6.3/gcc-6.3-arm32-eabi/bin/../lib/gcc/arm-none-eabi/6.3.1/thumb/v7e-m/fpv4-sp/hard\libgcc.a(_arm_truncdfsf2.o)
                0x00020dc4                __truncdfsf2
                0x00020dc4                __aeabi_d2f
 *(.text*)
 .text.MedianFilte
                0x00020e64       0x56 ./ImpCode/bsp/base/bsp_adc.o
 *fill*         0x00020eba        0x2 
 .text.Adc0_Convert_Callback
                0x00020ebc       0x3c ./ImpCode/bsp/base/bsp_adc.o
                0x00020ebc                Adc0_Convert_Callback
 .text.BSP_ADC0_Init
                0x00020ef8       0x30 ./ImpCode/bsp/base/bsp_adc.o
                0x00020ef8                BSP_ADC0_Init
 .text.BSP_ADC0_Task
                0x00020f28       0xec ./ImpCode/bsp/base/bsp_adc.o
                0x00020f28                BSP_ADC0_Task
 .text.ADS1115_Delay
                0x00021014        0xa ./ImpCode/bsp/base/bsp_ads1115.o
 *fill*         0x0002101e        0x2 
 .text.ADS1115_Channel_Value
                0x00021020      0x11c ./ImpCode/bsp/base/bsp_ads1115.o
                0x00021020                ADS1115_Channel_Value
 .text.BSP_ADS1115_Init
                0x0002113c       0x14 ./ImpCode/bsp/base/bsp_ads1115.o
                0x0002113c                BSP_ADS1115_Init
 .text.BSP_ADS1115_Task
                0x00021150       0x30 ./ImpCode/bsp/base/bsp_ads1115.o
                0x00021150                BSP_ADS1115_Task
 .text.IIC_Start
                0x00021180       0x3c ./ImpCode/bsp/base/bsp_adsch8.o
 .text.IIC_write_Byte
                0x000211bc       0x60 ./ImpCode/bsp/base/bsp_adsch8.o
 .text.IIC_Stop
                0x0002121c       0x3c ./ImpCode/bsp/base/bsp_adsch8.o
 .text.MCU_Wait_Ack
                0x00021258       0x54 ./ImpCode/bsp/base/bsp_adsch8.o
 .text.ADS1115_Config
                0x000212ac       0x80 ./ImpCode/bsp/base/bsp_adsch8.o
 .text.Point_Register
                0x0002132c       0x22 ./ImpCode/bsp/base/bsp_adsch8.o
 *fill*         0x0002134e        0x2 
 .text.IIC_Read_Byte
                0x00021350       0xc4 ./ImpCode/bsp/base/bsp_adsch8.o
 .text.ADS1115_ReadData
                0x00021414       0x30 ./ImpCode/bsp/base/bsp_adsch8.o
 .text.BSP_ADSCH8_Init
                0x00021444       0x20 ./ImpCode/bsp/base/bsp_adsch8.o
                0x00021444                BSP_ADSCH8_Init
 .text.BSP_ADSCH8_Task
                0x00021464       0x84 ./ImpCode/bsp/base/bsp_adsch8.o
                0x00021464                BSP_ADSCH8_Task
 .text.BSP_AT24C02_Read
                0x000214e8       0x74 ./ImpCode/bsp/base/bsp_at24c256.o
                0x000214e8                BSP_AT24C02_Read
 .text.BSP_AT24C02_Write
                0x0002155c       0x64 ./ImpCode/bsp/base/bsp_at24c256.o
                0x0002155c                BSP_AT24C02_Write
 .text.BSP_AT24C_Init
                0x000215c0       0x14 ./ImpCode/bsp/base/bsp_at24c256.o
                0x000215c0                BSP_AT24C_Init
 .text.BSP_AT24C_Task
                0x000215d4       0x40 ./ImpCode/bsp/base/bsp_at24c256.o
                0x000215d4                BSP_AT24C_Task
 .text.BSP_Bootld_Task
                0x00021614       0x28 ./ImpCode/bsp/base/bsp_bootld.o
                0x00021614                BSP_Bootld_Task
 .text.BSP_MAX31865_Init
                0x0002163c       0x3c ./ImpCode/bsp/base/bsp_max31865.o
                0x0002163c                BSP_MAX31865_Init
 .text.BSP_MAX31865_Task
                0x00021678      0x4b8 ./ImpCode/bsp/base/bsp_max31865.o
                0x00021678                BSP_MAX31865_Task
 .text.BSP_MC33879_Init
                0x00021b30       0x30 ./ImpCode/bsp/base/bsp_mc33879.o
                0x00021b30                BSP_MC33879_Init
 .text.MC33879_Control
                0x00021b60       0x98 ./ImpCode/bsp/base/bsp_mc33879.o
                0x00021b60                MC33879_Control
 .text.BSP_MC33879_Task
                0x00021bf8       0x24 ./ImpCode/bsp/base/bsp_mc33879.o
                0x00021bf8                BSP_MC33879_Task
 .text.BSP_FLASH_Init
                0x00021c1c       0x34 ./ImpCode/bsp/base/bsp_pflash.o
                0x00021c1c                BSP_FLASH_Init
 .text.FLASH_Erase
                0x00021c50       0x4c ./ImpCode/bsp/base/bsp_pflash.o
                0x00021c50                FLASH_Erase
 .text.BSP_FLASH_WriteData
                0x00021c9c       0x7c ./ImpCode/bsp/base/bsp_pflash.o
                0x00021c9c                BSP_FLASH_WriteData
 .text.BSP_FLASH_ReadData
                0x00021d18       0x26 ./ImpCode/bsp/base/bsp_pflash.o
                0x00021d18                BSP_FLASH_ReadData
 .text.Flash_Write_Data
                0x00021d3e       0x12 ./ImpCode/bsp/base/bsp_pflash.o
                0x00021d3e                Flash_Write_Data
 .text.BSP_FLASH_Write_APPVAL
                0x00021d50       0x40 ./ImpCode/bsp/base/bsp_pflash.o
                0x00021d50                BSP_FLASH_Write_APPVAL
 .text.BSP_FLASH_Read_APPVAL
                0x00021d90       0x14 ./ImpCode/bsp/base/bsp_pflash.o
                0x00021d90                BSP_FLASH_Read_APPVAL
 .text.BSP_Flash_Task
                0x00021da4       0x68 ./ImpCode/bsp/base/bsp_pflash.o
                0x00021da4                BSP_Flash_Task
 .text.BSP_Pin_Init
                0x00021e0c       0x44 ./ImpCode/bsp/base/bsp_pin.o
                0x00021e0c                BSP_Pin_Init
 .text.BSP_Pin_In
                0x00021e50      0x160 ./ImpCode/bsp/base/bsp_pin.o
                0x00021e50                BSP_Pin_In
 .text.BSP_Pin_Out
                0x00021fb0       0x8c ./ImpCode/bsp/base/bsp_pin.o
                0x00021fb0                BSP_Pin_Out
 .text.ParityBitCal
                0x0002203c       0x18 ./ImpCode/bsp/base/bsp_tlf35584.o
 .text.Gp_Tlf35584_WriteChcek
                0x00022054       0x48 ./ImpCode/bsp/base/bsp_tlf35584.o
 .text.Gp_Tlf35584_TransmitData
                0x0002209c       0x40 ./ImpCode/bsp/base/bsp_tlf35584.o
 .text.Gp_Tlf35584_Get_LockStatus
                0x000220dc       0x4c ./ImpCode/bsp/base/bsp_tlf35584.o
 .text.Gp_Tlf35584_GetDevModeState
                0x00022128       0x30 ./ImpCode/bsp/base/bsp_tlf35584.o
 .text.Gp_Tlf35584_DeviceModeNormal
                0x00022158       0x44 ./ImpCode/bsp/base/bsp_tlf35584.o
 .text.Gp_Tlf35584_Init
                0x0002219c      0x168 ./ImpCode/bsp/base/bsp_tlf35584.o
 .text.BSP_TLF35584_WorkMode
                0x00022304       0xdc ./ImpCode/bsp/base/bsp_tlf35584.o
                0x00022304                BSP_TLF35584_WorkMode
 .text.BSP_TLF35584_Init
                0x000223e0       0x34 ./ImpCode/bsp/base/bsp_tlf35584.o
                0x000223e0                BSP_TLF35584_Init
 .text.BSP_TLF35584_Task
                0x00022414      0x42c ./ImpCode/bsp/base/bsp_tlf35584.o
                0x00022414                BSP_TLF35584_Task
 .text.BSP_UCC27_Init
                0x00022840       0x24 ./ImpCode/bsp/base/bsp_ucc27517.o
                0x00022840                BSP_UCC27_Init
 .text.BSP_UCC27_Task
                0x00022864        0x2 ./ImpCode/bsp/base/bsp_ucc27517.o
                0x00022864                BSP_UCC27_Task
 *fill*         0x00022866        0x2 
 .text.CAN0_Callback
                0x00022868       0x80 ./ImpCode/bsp/com/bsp_can0.o
                0x00022868                CAN0_Callback
 .text.BSP_CAN0_Send_EXT
                0x000228e8       0x64 ./ImpCode/bsp/com/bsp_can0.o
                0x000228e8                BSP_CAN0_Send_EXT
 .text.BSP_CAN0_Init
                0x0002294c       0x9c ./ImpCode/bsp/com/bsp_can0.o
                0x0002294c                BSP_CAN0_Init
 .text.CAN1_Callback
                0x000229e8      0x10c ./ImpCode/bsp/com/bsp_can1.o
                0x000229e8                CAN1_Callback
 .text.BSP_CAN1_Send_STD
                0x00022af4       0x60 ./ImpCode/bsp/com/bsp_can1.o
                0x00022af4                BSP_CAN1_Send_STD
 .text.BSP_CAN1_Init
                0x00022b54       0x9c ./ImpCode/bsp/com/bsp_can1.o
                0x00022b54                BSP_CAN1_Init
 .text.CAN2_Callback
                0x00022bf0       0x60 ./ImpCode/bsp/com/bsp_can2.o
                0x00022bf0                CAN2_Callback
 .text.CAN2_Operating_Modes
                0x00022c50       0x70 ./ImpCode/bsp/com/bsp_can2.o
 .text.BSP_CAN2_Init
                0x00022cc0       0xb0 ./ImpCode/bsp/com/bsp_can2.o
                0x00022cc0                BSP_CAN2_Init
 .text.Uart1_Rx_Callback
                0x00022d70       0xdc ./ImpCode/bsp/com/bsp_uart_jy60.o
                0x00022d70                Uart1_Rx_Callback
 .text.BSP_Uart1_JY60_Init
                0x00022e4c       0x2c ./ImpCode/bsp/com/bsp_uart_jy60.o
                0x00022e4c                BSP_Uart1_JY60_Init
 .text.BSP_Uart1_JY60_Receive
                0x00022e78       0x18 ./ImpCode/bsp/com/bsp_uart_jy60.o
                0x00022e78                BSP_Uart1_JY60_Receive
 .text.Uart2_Rx_Callback
                0x00022e90       0xf4 ./ImpCode/bsp/com/bsp_uart_sbus.o
                0x00022e90                Uart2_Rx_Callback
 .text.BSP_Uart2_SBUS_Init
                0x00022f84       0x2c ./ImpCode/bsp/com/bsp_uart_sbus.o
                0x00022f84                BSP_Uart2_SBUS_Init
 .text.OS_All_Init
                0x00022fb0       0x50 ./ImpCode/os/os_task.o
                0x00022fb0                OS_All_Init
 .text.Task_Create
                0x00023000       0xcc ./ImpCode/os/os_task.o
                0x00023000                Task_Create
 .text.Queue_Create
                0x000230cc       0xcc ./ImpCode/os/os_task.o
                0x000230cc                Queue_Create
 .text.EventGroup_Create
                0x00023198       0x10 ./ImpCode/os/os_task.o
                0x00023198                EventGroup_Create
 .text.OS_Task_Init
                0x000231a8       0x5c ./ImpCode/os/os_task.o
                0x000231a8                OS_Task_Init
 .text.OS_ALL_End
                0x00023204       0x10 ./ImpCode/os/os_task.o
                0x00023204                OS_ALL_End
 .text.OS_Task_CanOut
                0x00023214      0x2ac ./ImpCode/os/os_task_CanOut.o
                0x00023214                OS_Task_CanOut
 .text.OS_Task_CoreApp
                0x000234c0      0x27c ./ImpCode/os/os_task_CoreApp.o
                0x000234c0                OS_Task_CoreApp
 .text.OS_Task_VcuCtrl
                0x0002373c       0xb0 ./ImpCode/os/os_task_VcuCtrl.o
                0x0002373c                OS_Task_VcuCtrl
 .text.Process_Data
                0x000237ec       0x40 ./ImpCode/os/os_task_getComIn.o
                0x000237ec                Process_Data
 *fill*         0x0002382c        0x4 
 .text.OS_Task_getComIn
                0x00023830      0x40c ./ImpCode/os/os_task_getComIn.o
                0x00023830                OS_Task_getComIn
 .text.OS_Task_getIn1
                0x00023c3c       0x40 ./ImpCode/os/os_task_getIn.o
                0x00023c3c                OS_Task_getIn1
 .text.OS_Task_getIn2
                0x00023c7c       0x44 ./ImpCode/os/os_task_getIn.o
                0x00023c7c                OS_Task_getIn2
 .text.SystemInit
                0x00023cc0       0x4c ./SDK/platform/devices/S32K148/startup/system_S32K148.o
                0x00023cc0                SystemInit
 .text.SystemSoftwareReset
                0x00023d0c       0x18 ./SDK/platform/devices/S32K148/startup/system_S32K148.o
                0x00023d0c                SystemSoftwareReset
 .text.init_data_bss
                0x00023d24       0xd8 ./SDK/platform/devices/startup.o
                0x00023d24                init_data_bss
 .text.ADC_DRV_InitConverterStruct
                0x00023dfc       0x1c ./SDK/platform/drivers/src/adc/adc_driver.o
                0x00023dfc                ADC_DRV_InitConverterStruct
 .text.ADC_DRV_ConfigConverter
                0x00023e18      0x188 ./SDK/platform/drivers/src/adc/adc_driver.o
                0x00023e18                ADC_DRV_ConfigConverter
 .text.ADC_DRV_ConfigChan
                0x00023fa0       0x5c ./SDK/platform/drivers/src/adc/adc_driver.o
                0x00023fa0                ADC_DRV_ConfigChan
 .text.ADC_DRV_SetSwPretrigger
                0x00023ffc       0x44 ./SDK/platform/drivers/src/adc/adc_driver.o
                0x00023ffc                ADC_DRV_SetSwPretrigger
 .text.ADC_DRV_Reset
                0x00024040       0xa8 ./SDK/platform/drivers/src/adc/adc_driver.o
                0x00024040                ADC_DRV_Reset
 .text.ADC_DRV_GetChanResult
                0x000240e8       0x18 ./SDK/platform/drivers/src/adc/adc_driver.o
                0x000240e8                ADC_DRV_GetChanResult
 .text.ADC_DRV_AutoCalibration
                0x00024100      0x158 ./SDK/platform/drivers/src/adc/adc_driver.o
                0x00024100                ADC_DRV_AutoCalibration
 .text.ADC_DRV_GetInterruptNumber
                0x00024258        0xc ./SDK/platform/drivers/src/adc/adc_driver.o
                0x00024258                ADC_DRV_GetInterruptNumber
 .text.CLOCK_SYS_GetCurrentRunMode
                0x00024264       0x24 ./SDK/platform/drivers/src/clock/S32K1xx/clock_S32K1xx.o
 .text.CLOCK_SYS_GetSysOscFreq
                0x00024288       0x1c ./SDK/platform/drivers/src/clock/S32K1xx/clock_S32K1xx.o
 .text.CLOCK_SYS_ConfigureSOSC
                0x000242a4      0x12c ./SDK/platform/drivers/src/clock/S32K1xx/clock_S32K1xx.o
 .text.CLOCK_SYS_GetSircFreq
                0x000243d0       0x2c ./SDK/platform/drivers/src/clock/S32K1xx/clock_S32K1xx.o
 .text.CLOCK_SYS_ConfigureSIRC
                0x000243fc       0xc4 ./SDK/platform/drivers/src/clock/S32K1xx/clock_S32K1xx.o
 .text.CLOCK_SYS_GetFircFreq
                0x000244c0       0x20 ./SDK/platform/drivers/src/clock/S32K1xx/clock_S32K1xx.o
 .text.CLOCK_SYS_ConfigureFIRC
                0x000244e0       0xb4 ./SDK/platform/drivers/src/clock/S32K1xx/clock_S32K1xx.o
 .text.CLOCK_SYS_GetSysPllFreq
                0x00024594       0x44 ./SDK/platform/drivers/src/clock/S32K1xx/clock_S32K1xx.o
 .text.CLOCK_SYS_ConfigureSPLL
                0x000245d8      0x104 ./SDK/platform/drivers/src/clock/S32K1xx/clock_S32K1xx.o
 .text.CLOCK_SYS_SetSystemClockConfig
                0x000246dc      0x1e4 ./SDK/platform/drivers/src/clock/S32K1xx/clock_S32K1xx.o
 .text.CLOCK_SYS_TransitionSystemClock
                0x000248c0       0x3c ./SDK/platform/drivers/src/clock/S32K1xx/clock_S32K1xx.o
 .text.CLOCK_SYS_GetSystemClockFreq
                0x000248fc       0x78 ./SDK/platform/drivers/src/clock/S32K1xx/clock_S32K1xx.o
 .text.CLOCK_SYS_GetQspiIpgClk
                0x00024974       0x2c ./SDK/platform/drivers/src/clock/S32K1xx/clock_S32K1xx.o
 .text.CLOCK_SYS_GetScgClkOutFreq
                0x000249a0       0x44 ./SDK/platform/drivers/src/clock/S32K1xx/clock_S32K1xx.o
 .text.CLOCK_SYS_GetSysAsyncFreq
                0x000249e4       0xd4 ./SDK/platform/drivers/src/clock/S32K1xx/clock_S32K1xx.o
 .text.CLOCK_SYS_GetSimRtcClkFreq
                0x00024ab8       0x50 ./SDK/platform/drivers/src/clock/S32K1xx/clock_S32K1xx.o
 .text.CLOCK_SYS_GetQSPIInternalReferenceClock
                0x00024b08       0x38 ./SDK/platform/drivers/src/clock/S32K1xx/clock_S32K1xx.o
 .text.CLOCK_SYS_GetPeripheralClock
                0x00024b40       0x78 ./SDK/platform/drivers/src/clock/S32K1xx/clock_S32K1xx.o
 .text.CLOCK_SYS_GetLpoFreq
                0x00024bb8       0x44 ./SDK/platform/drivers/src/clock/S32K1xx/clock_S32K1xx.o
 .text.CLOCK_SYS_GetSimClkOutFreq
                0x00024bfc       0xcc ./SDK/platform/drivers/src/clock/S32K1xx/clock_S32K1xx.o
 .text.CLOCK_DRV_Init
                0x00024cc8      0x5b0 ./SDK/platform/drivers/src/clock/S32K1xx/clock_S32K1xx.o
                0x00024cc8                CLOCK_DRV_Init
 .text.CLOCK_DRV_GetFreq
                0x00025278      0x498 ./SDK/platform/drivers/src/clock/S32K1xx/clock_S32K1xx.o
                0x00025278                CLOCK_DRV_GetFreq
 .text.CLOCK_SYS_Init
                0x00025710       0x1c ./SDK/platform/drivers/src/clock/S32K1xx/clock_S32K1xx.o
                0x00025710                CLOCK_SYS_Init
 .text.CLOCK_SYS_UpdateConfiguration
                0x0002572c       0xe8 ./SDK/platform/drivers/src/clock/S32K1xx/clock_S32K1xx.o
                0x0002572c                CLOCK_SYS_UpdateConfiguration
 .text.CLOCK_SYS_GetFreq
                0x00025814        0x8 ./SDK/platform/drivers/src/clock/S32K1xx/clock_S32K1xx.o
                0x00025814                CLOCK_SYS_GetFreq
 .text.EDMA_DRV_InstallCallback
                0x0002581c       0x20 ./SDK/platform/drivers/src/edma/edma_driver.o
                0x0002581c                EDMA_DRV_InstallCallback
 .text.EDMA_DRV_IRQHandler
                0x0002583c       0x2c ./SDK/platform/drivers/src/edma/edma_driver.o
                0x0002583c                EDMA_DRV_IRQHandler
 .text.EDMA_DRV_ErrorIRQHandler
                0x00025868       0x3c ./SDK/platform/drivers/src/edma/edma_driver.o
                0x00025868                EDMA_DRV_ErrorIRQHandler
 .text.EDMA_DRV_ConfigSingleBlockTransfer
                0x000258a4      0x148 ./SDK/platform/drivers/src/edma/edma_driver.o
                0x000258a4                EDMA_DRV_ConfigSingleBlockTransfer
 .text.EDMA_DRV_ConfigMultiBlockTransfer
                0x000259ec       0x64 ./SDK/platform/drivers/src/edma/edma_driver.o
                0x000259ec                EDMA_DRV_ConfigMultiBlockTransfer
 .text.EDMA_DRV_StartChannel
                0x00025a50       0x18 ./SDK/platform/drivers/src/edma/edma_driver.o
                0x00025a50                EDMA_DRV_StartChannel
 .text.EDMA_DRV_StopChannel
                0x00025a68       0x18 ./SDK/platform/drivers/src/edma/edma_driver.o
                0x00025a68                EDMA_DRV_StopChannel
 .text.EDMA_DRV_SetChannelRequestAndTrigger
                0x00025a80       0x44 ./SDK/platform/drivers/src/edma/edma_driver.o
                0x00025a80                EDMA_DRV_SetChannelRequestAndTrigger
 .text.EDMA_DRV_SetSrcLastAddrAdjustment
                0x00025ac4       0x16 ./SDK/platform/drivers/src/edma/edma_driver.o
                0x00025ac4                EDMA_DRV_SetSrcLastAddrAdjustment
 .text.EDMA_DRV_SetDestAddr
                0x00025ada       0x16 ./SDK/platform/drivers/src/edma/edma_driver.o
                0x00025ada                EDMA_DRV_SetDestAddr
 .text.EDMA_DRV_SetMajorLoopIterationCount
                0x00025af0       0x14 ./SDK/platform/drivers/src/edma/edma_driver.o
                0x00025af0                EDMA_DRV_SetMajorLoopIterationCount
 .text.EDMA_DRV_GetRemainingMajorIterationsCount
                0x00025b04       0x14 ./SDK/platform/drivers/src/edma/edma_driver.o
                0x00025b04                EDMA_DRV_GetRemainingMajorIterationsCount
 .text.EDMA_DRV_DisableRequestsOnTransferComplete
                0x00025b18       0x38 ./SDK/platform/drivers/src/edma/edma_driver.o
                0x00025b18                EDMA_DRV_DisableRequestsOnTransferComplete
 .text.EDMA_DRV_GetDmaRegBaseAddr
                0x00025b50        0x8 ./SDK/platform/drivers/src/edma/edma_driver.o
                0x00025b50                EDMA_DRV_GetDmaRegBaseAddr
 .text.EDMA_SetDmaRequestCmd
                0x00025b58        0xa ./SDK/platform/drivers/src/edma/edma_hw_access.o
                0x00025b58                EDMA_SetDmaRequestCmd
 .text.EDMA_TCDClearReg
                0x00025b62       0x4a ./SDK/platform/drivers/src/edma/edma_hw_access.o
                0x00025b62                EDMA_TCDClearReg
 .text.EDMA_TCDSetAttribute
                0x00025bac       0x30 ./SDK/platform/drivers/src/edma/edma_hw_access.o
                0x00025bac                EDMA_TCDSetAttribute
 .text.EDMA_TCDSetNbytes
                0x00025bdc       0x5c ./SDK/platform/drivers/src/edma/edma_hw_access.o
                0x00025bdc                EDMA_TCDSetNbytes
 .text.EDMA_TCDSetMajorCount
                0x00025c38       0x5e ./SDK/platform/drivers/src/edma/edma_hw_access.o
                0x00025c38                EDMA_TCDSetMajorCount
 .text.EDMA_TCDGetCurrentMajorCount
                0x00025c96       0x2c ./SDK/platform/drivers/src/edma/edma_hw_access.o
                0x00025c96                EDMA_TCDGetCurrentMajorCount
 .text.DMA0_IRQHandler
                0x00025cc2        0xa ./SDK/platform/drivers/src/edma/edma_irq.o
                0x00025cc2                DMA0_IRQHandler
 .text.DMA1_IRQHandler
                0x00025ccc        0xa ./SDK/platform/drivers/src/edma/edma_irq.o
                0x00025ccc                DMA1_IRQHandler
 .text.DMA2_IRQHandler
                0x00025cd6        0xa ./SDK/platform/drivers/src/edma/edma_irq.o
                0x00025cd6                DMA2_IRQHandler
 .text.DMA3_IRQHandler
                0x00025ce0        0xa ./SDK/platform/drivers/src/edma/edma_irq.o
                0x00025ce0                DMA3_IRQHandler
 .text.DMA4_IRQHandler
                0x00025cea        0xa ./SDK/platform/drivers/src/edma/edma_irq.o
                0x00025cea                DMA4_IRQHandler
 .text.DMA5_IRQHandler
                0x00025cf4        0xa ./SDK/platform/drivers/src/edma/edma_irq.o
                0x00025cf4                DMA5_IRQHandler
 .text.DMA6_IRQHandler
                0x00025cfe        0xa ./SDK/platform/drivers/src/edma/edma_irq.o
                0x00025cfe                DMA6_IRQHandler
 .text.DMA7_IRQHandler
                0x00025d08        0xa ./SDK/platform/drivers/src/edma/edma_irq.o
                0x00025d08                DMA7_IRQHandler
 .text.DMA8_IRQHandler
                0x00025d12        0xa ./SDK/platform/drivers/src/edma/edma_irq.o
                0x00025d12                DMA8_IRQHandler
 .text.DMA9_IRQHandler
                0x00025d1c        0xa ./SDK/platform/drivers/src/edma/edma_irq.o
                0x00025d1c                DMA9_IRQHandler
 .text.DMA10_IRQHandler
                0x00025d26        0xa ./SDK/platform/drivers/src/edma/edma_irq.o
                0x00025d26                DMA10_IRQHandler
 .text.DMA11_IRQHandler
                0x00025d30        0xa ./SDK/platform/drivers/src/edma/edma_irq.o
                0x00025d30                DMA11_IRQHandler
 .text.DMA12_IRQHandler
                0x00025d3a        0xa ./SDK/platform/drivers/src/edma/edma_irq.o
                0x00025d3a                DMA12_IRQHandler
 .text.DMA13_IRQHandler
                0x00025d44        0xa ./SDK/platform/drivers/src/edma/edma_irq.o
                0x00025d44                DMA13_IRQHandler
 .text.DMA14_IRQHandler
                0x00025d4e        0xa ./SDK/platform/drivers/src/edma/edma_irq.o
                0x00025d4e                DMA14_IRQHandler
 .text.DMA15_IRQHandler
                0x00025d58        0xa ./SDK/platform/drivers/src/edma/edma_irq.o
                0x00025d58                DMA15_IRQHandler
 .text.DMA_Error_IRQHandler
                0x00025d62       0x28 ./SDK/platform/drivers/src/edma/edma_irq.o
                0x00025d62                DMA_Error_IRQHandler
 *fill*         0x00025d8a        0x2 
 .text.ENET_DRV_SetSleepMode
                0x00025d8c       0x20 ./SDK/platform/drivers/src/enet/enet_driver.o
                0x00025d8c                ENET_DRV_SetSleepMode
 .text.ENET_TransmitIRQHandler
                0x00025dac       0x30 ./SDK/platform/drivers/src/enet/enet_hw_access.o
                0x00025dac                ENET_TransmitIRQHandler
 .text.ENET_ReceiveIRQHandler
                0x00025ddc       0x30 ./SDK/platform/drivers/src/enet/enet_hw_access.o
                0x00025ddc                ENET_ReceiveIRQHandler
 .text.ENET_ErrorIRQHandler
                0x00025e0c       0x3c ./SDK/platform/drivers/src/enet/enet_hw_access.o
                0x00025e0c                ENET_ErrorIRQHandler
 .text.ENET_WakeIRQHandler
                0x00025e48       0x3c ./SDK/platform/drivers/src/enet/enet_hw_access.o
                0x00025e48                ENET_WakeIRQHandler
 .text.ENET_TimerIRQHandler
                0x00025e84       0x34 ./SDK/platform/drivers/src/enet/enet_hw_access.o
                0x00025e84                ENET_TimerIRQHandler
 .text.ENET_TX_IRQHandler
                0x00025eb8        0xa ./SDK/platform/drivers/src/enet/enet_irq.o
                0x00025eb8                ENET_TX_IRQHandler
 .text.ENET_RX_IRQHandler
                0x00025ec2        0xa ./SDK/platform/drivers/src/enet/enet_irq.o
                0x00025ec2                ENET_RX_IRQHandler
 .text.ENET_ERR_IRQHandler
                0x00025ecc        0xa ./SDK/platform/drivers/src/enet/enet_irq.o
                0x00025ecc                ENET_ERR_IRQHandler
 .text.ENET_WAKE_IRQHandler
                0x00025ed6        0xa ./SDK/platform/drivers/src/enet/enet_irq.o
                0x00025ed6                ENET_WAKE_IRQHandler
 .text.ENET_TIMER_IRQHandler
                0x00025ee0        0xa ./SDK/platform/drivers/src/enet/enet_irq.o
                0x00025ee0                ENET_TIMER_IRQHandler
 *fill*         0x00025eea        0x2 
 .text.FLASH_DRV_Init
                0x00025eec       0xd0 ./SDK/platform/drivers/src/flash/flash_driver.o
                0x00025eec                FLASH_DRV_Init
 .text.FLASH_DRV_EraseSector
                0x00025fbc       0x90 ./SDK/platform/drivers/src/flash/flash_driver.o
                0x00025fbc                FLASH_DRV_EraseSector
 .text.FLASH_DRV_VerifySection
                0x0002604c       0x6c ./SDK/platform/drivers/src/flash/flash_driver.o
                0x0002604c                FLASH_DRV_VerifySection
 .text.FLASH_DRV_Program
                0x000260b8       0xb8 ./SDK/platform/drivers/src/flash/flash_driver.o
                0x000260b8                FLASH_DRV_Program
 .text.FLASH_DRV_ProgramCheck
                0x00026170       0xec ./SDK/platform/drivers/src/flash/flash_driver.o
                0x00026170                FLASH_DRV_ProgramCheck
 .text.FLEXCAN_StartSendData
                0x0002625c       0xb8 ./SDK/platform/drivers/src/flexcan/flexcan_driver.o
 .text.FLEXCAN_StartRxMessageBufferData
                0x00026314       0x8c ./SDK/platform/drivers/src/flexcan/flexcan_driver.o
 .text.FLEXCAN_StartRxMessageFifoData
                0x000263a0      0x110 ./SDK/platform/drivers/src/flexcan/flexcan_driver.o
 .text.FLEXCAN_CompleteRxMessageFifoData
                0x000264b0       0xa0 ./SDK/platform/drivers/src/flexcan/flexcan_driver.o
 .text.FLEXCAN_CompleteRxFifoDataDMA
                0x00026550       0x30 ./SDK/platform/drivers/src/flexcan/flexcan_driver.o
 .text.FLEXCAN_CompleteTransfer
                0x00026580       0x48 ./SDK/platform/drivers/src/flexcan/flexcan_driver.o
 .text.FLEXCAN_DRV_SetRxMaskType
                0x000265c8       0x30 ./SDK/platform/drivers/src/flexcan/flexcan_driver.o
                0x000265c8                FLEXCAN_DRV_SetRxMaskType
 .text.FLEXCAN_DRV_SetRxIndividualMask
                0x000265f8      0x118 ./SDK/platform/drivers/src/flexcan/flexcan_driver.o
                0x000265f8                FLEXCAN_DRV_SetRxIndividualMask
 .text.FLEXCAN_DRV_Init
                0x00026710      0x2c8 ./SDK/platform/drivers/src/flexcan/flexcan_driver.o
                0x00026710                FLEXCAN_DRV_Init
 .text.FLEXCAN_DRV_ConfigTxMb
                0x000269d8       0x40 ./SDK/platform/drivers/src/flexcan/flexcan_driver.o
                0x000269d8                FLEXCAN_DRV_ConfigTxMb
 .text.FLEXCAN_DRV_Send
                0x00026a18       0x34 ./SDK/platform/drivers/src/flexcan/flexcan_driver.o
                0x00026a18                FLEXCAN_DRV_Send
 .text.FLEXCAN_DRV_ConfigRxMb
                0x00026a4c       0x68 ./SDK/platform/drivers/src/flexcan/flexcan_driver.o
                0x00026a4c                FLEXCAN_DRV_ConfigRxMb
 .text.FLEXCAN_DRV_ConfigRxFifo
                0x00026ab4       0x28 ./SDK/platform/drivers/src/flexcan/flexcan_driver.o
                0x00026ab4                FLEXCAN_DRV_ConfigRxFifo
 .text.FLEXCAN_DRV_Receive
                0x00026adc        0xa ./SDK/platform/drivers/src/flexcan/flexcan_driver.o
                0x00026adc                FLEXCAN_DRV_Receive
 .text.FLEXCAN_DRV_RxFifo
                0x00026ae6        0xa ./SDK/platform/drivers/src/flexcan/flexcan_driver.o
                0x00026ae6                FLEXCAN_DRV_RxFifo
 .text.FLEXCAN_Error_IRQHandler
                0x00026af0       0x28 ./SDK/platform/drivers/src/flexcan/flexcan_driver.o
                0x00026af0                FLEXCAN_Error_IRQHandler
 .text.FLEXCAN_WakeUpHandler
                0x00026b18       0x6c ./SDK/platform/drivers/src/flexcan/flexcan_driver.o
                0x00026b18                FLEXCAN_WakeUpHandler
 .text.FLEXCAN_IRQHandler
                0x00026b84      0x1c8 ./SDK/platform/drivers/src/flexcan/flexcan_driver.o
                0x00026b84                FLEXCAN_IRQHandler
 .text.FLEXCAN_DRV_GetTransferStatus
                0x00026d4c       0x30 ./SDK/platform/drivers/src/flexcan/flexcan_driver.o
                0x00026d4c                FLEXCAN_DRV_GetTransferStatus
 .text.FLEXCAN_DRV_AbortTransfer
                0x00026d7c      0x160 ./SDK/platform/drivers/src/flexcan/flexcan_driver.o
                0x00026d7c                FLEXCAN_DRV_AbortTransfer
 .text.FLEXCAN_DRV_InstallEventCallback
                0x00026edc       0x14 ./SDK/platform/drivers/src/flexcan/flexcan_driver.o
                0x00026edc                FLEXCAN_DRV_InstallEventCallback
 .text.FLEXCAN_ComputePayloadSize
                0x00026ef0       0x36 ./SDK/platform/drivers/src/flexcan/flexcan_hw_access.o
 *fill*         0x00026f26        0x2 
 .text.FLEXCAN_GetRxFifoMask
                0x00026f28       0x60 ./SDK/platform/drivers/src/flexcan/flexcan_hw_access.o
                0x00026f28                FLEXCAN_GetRxFifoMask
 .text.FLEXCAN_GetMaxMbNum
                0x00026f88       0x2c ./SDK/platform/drivers/src/flexcan/flexcan_hw_access.o
                0x00026f88                FLEXCAN_GetMaxMbNum
 .text.FLEXCAN_Enable
                0x00026fb4       0x2a ./SDK/platform/drivers/src/flexcan/flexcan_hw_access.o
                0x00026fb4                FLEXCAN_Enable
 .text.FLEXCAN_Disable
                0x00026fde       0x18 ./SDK/platform/drivers/src/flexcan/flexcan_hw_access.o
                0x00026fde                FLEXCAN_Disable
 *fill*         0x00026ff6        0x2 
 .text.FLEXCAN_Init
                0x00026ff8       0x68 ./SDK/platform/drivers/src/flexcan/flexcan_hw_access.o
                0x00026ff8                FLEXCAN_Init
 .text.FLEXCAN_EnableRxFifo
                0x00027060       0x54 ./SDK/platform/drivers/src/flexcan/flexcan_hw_access.o
                0x00027060                FLEXCAN_EnableRxFifo
 .text.FLEXCAN_SetRxFifoFilter
                0x000270b4      0x1d8 ./SDK/platform/drivers/src/flexcan/flexcan_hw_access.o
                0x000270b4                FLEXCAN_SetRxFifoFilter
 .text.FLEXCAN_SetMsgBuffIntCmd
                0x0002728c       0x3c ./SDK/platform/drivers/src/flexcan/flexcan_hw_access.o
                0x0002728c                FLEXCAN_SetMsgBuffIntCmd
 .text.FLEXCAN_ExitFreezeMode
                0x000272c8       0x1a ./SDK/platform/drivers/src/flexcan/flexcan_hw_access.o
                0x000272c8                FLEXCAN_ExitFreezeMode
 .text.FLEXCAN_EnterFreezeMode
                0x000272e2       0x40 ./SDK/platform/drivers/src/flexcan/flexcan_hw_access.o
                0x000272e2                FLEXCAN_EnterFreezeMode
 *fill*         0x00027322        0x2 
 .text.FLEXCAN_ClearErrIntStatusFlag
                0x00027324       0x14 ./SDK/platform/drivers/src/flexcan/flexcan_hw_access.o
                0x00027324                FLEXCAN_ClearErrIntStatusFlag
 .text.FLEXCAN_ReadRxFifo
                0x00027338       0x56 ./SDK/platform/drivers/src/flexcan/flexcan_hw_access.o
                0x00027338                FLEXCAN_ReadRxFifo
 .text.FLEXCAN_SetOperationMode
                0x0002738e       0x5e ./SDK/platform/drivers/src/flexcan/flexcan_hw_access.o
                0x0002738e                FLEXCAN_SetOperationMode
 .text.FLEXCAN_SetPayloadSize
                0x000273ec       0x1a ./SDK/platform/drivers/src/flexcan/flexcan_hw_access.o
                0x000273ec                FLEXCAN_SetPayloadSize
 .text.FLEXCAN_GetPayloadSize
                0x00027406       0x20 ./SDK/platform/drivers/src/flexcan/flexcan_hw_access.o
                0x00027406                FLEXCAN_GetPayloadSize
 .text.FLEXCAN_GetMsgBuffRegion
                0x00027426       0x30 ./SDK/platform/drivers/src/flexcan/flexcan_hw_access.o
                0x00027426                FLEXCAN_GetMsgBuffRegion
 *fill*         0x00027456        0x2 
 .text.FLEXCAN_SetTxMsgBuff
                0x00027458      0x180 ./SDK/platform/drivers/src/flexcan/flexcan_hw_access.o
                0x00027458                FLEXCAN_SetTxMsgBuff
 .text.FLEXCAN_AbortTxMsgBuff
                0x000275d8       0x14 ./SDK/platform/drivers/src/flexcan/flexcan_hw_access.o
                0x000275d8                FLEXCAN_AbortTxMsgBuff
 .text.FLEXCAN_ResetRxMsgBuff
                0x000275ec       0x16 ./SDK/platform/drivers/src/flexcan/flexcan_hw_access.o
                0x000275ec                FLEXCAN_ResetRxMsgBuff
 *fill*         0x00027602        0x2 
 .text.FLEXCAN_SetRxMsgBuff
                0x00027604       0xc8 ./SDK/platform/drivers/src/flexcan/flexcan_hw_access.o
                0x00027604                FLEXCAN_SetRxMsgBuff
 .text.FLEXCAN_GetMsgBuff
                0x000276cc       0x96 ./SDK/platform/drivers/src/flexcan/flexcan_hw_access.o
                0x000276cc                FLEXCAN_GetMsgBuff
 .text.FLEXCAN_LockRxMsgBuff
                0x00027762        0xa ./SDK/platform/drivers/src/flexcan/flexcan_hw_access.o
                0x00027762                FLEXCAN_LockRxMsgBuff
 .text.FLEXCAN_SetMaxMsgBuffNum
                0x0002776c       0x9c ./SDK/platform/drivers/src/flexcan/flexcan_hw_access.o
                0x0002776c                FLEXCAN_SetMaxMsgBuffNum
 .text.CAN0_ORed_IRQHandler
                0x00027808        0xa ./SDK/platform/drivers/src/flexcan/flexcan_irq.o
                0x00027808                CAN0_ORed_IRQHandler
 .text.CAN0_Error_IRQHandler
                0x00027812        0xa ./SDK/platform/drivers/src/flexcan/flexcan_irq.o
                0x00027812                CAN0_Error_IRQHandler
 .text.CAN0_Wake_Up_IRQHandler
                0x0002781c        0xa ./SDK/platform/drivers/src/flexcan/flexcan_irq.o
                0x0002781c                CAN0_Wake_Up_IRQHandler
 .text.CAN0_ORed_0_15_MB_IRQHandler
                0x00027826        0xa ./SDK/platform/drivers/src/flexcan/flexcan_irq.o
                0x00027826                CAN0_ORed_0_15_MB_IRQHandler
 .text.CAN0_ORed_16_31_MB_IRQHandler
                0x00027830        0xa ./SDK/platform/drivers/src/flexcan/flexcan_irq.o
                0x00027830                CAN0_ORed_16_31_MB_IRQHandler
 .text.CAN1_ORed_IRQHandler
                0x0002783a        0xa ./SDK/platform/drivers/src/flexcan/flexcan_irq.o
                0x0002783a                CAN1_ORed_IRQHandler
 .text.CAN1_Error_IRQHandler
                0x00027844        0xa ./SDK/platform/drivers/src/flexcan/flexcan_irq.o
                0x00027844                CAN1_Error_IRQHandler
 .text.CAN1_ORed_0_15_MB_IRQHandler
                0x0002784e        0xa ./SDK/platform/drivers/src/flexcan/flexcan_irq.o
                0x0002784e                CAN1_ORed_0_15_MB_IRQHandler
 .text.CAN1_ORed_16_31_MB_IRQHandler
                0x00027858        0xa ./SDK/platform/drivers/src/flexcan/flexcan_irq.o
                0x00027858                CAN1_ORed_16_31_MB_IRQHandler
 .text.CAN2_ORed_IRQHandler
                0x00027862        0xa ./SDK/platform/drivers/src/flexcan/flexcan_irq.o
                0x00027862                CAN2_ORed_IRQHandler
 .text.CAN2_Error_IRQHandler
                0x0002786c        0xa ./SDK/platform/drivers/src/flexcan/flexcan_irq.o
                0x0002786c                CAN2_Error_IRQHandler
 .text.CAN2_ORed_0_15_MB_IRQHandler
                0x00027876        0xa ./SDK/platform/drivers/src/flexcan/flexcan_irq.o
                0x00027876                CAN2_ORed_0_15_MB_IRQHandler
 .text.CAN2_ORed_16_31_MB_IRQHandler
                0x00027880        0xa ./SDK/platform/drivers/src/flexcan/flexcan_irq.o
                0x00027880                CAN2_ORed_16_31_MB_IRQHandler
 *fill*         0x0002788a        0x2 
 .text.FLEXIO_IRQHandler
                0x0002788c       0x58 ./SDK/platform/drivers/src/flexio/flexio_common.o
                0x0002788c                FLEXIO_IRQHandler
 .text.FTM_DRV_SetSync
                0x000278e4      0x1bc ./SDK/platform/drivers/src/ftm/ftm_common.o
                0x000278e4                FTM_DRV_SetSync
 .text.FTM_DRV_GetFrequency
                0x00027aa0       0x80 ./SDK/platform/drivers/src/ftm/ftm_common.o
                0x00027aa0                FTM_DRV_GetFrequency
 .text.FTM_DRV_Init
                0x00027b20       0xe0 ./SDK/platform/drivers/src/ftm/ftm_common.o
                0x00027b20                FTM_DRV_Init
 .text.FTM_DRV_ConvertFreqToPeriodTicks
                0x00027c00       0x14 ./SDK/platform/drivers/src/ftm/ftm_common.o
                0x00027c00                FTM_DRV_ConvertFreqToPeriodTicks
 .text.FTM_DRV_InitModule
                0x00027c14       0x18 ./SDK/platform/drivers/src/ftm/ftm_hw_access.o
                0x00027c14                FTM_DRV_InitModule
 .text.FTM_DRV_Reset
                0x00027c2c       0xa0 ./SDK/platform/drivers/src/ftm/ftm_hw_access.o
                0x00027c2c                FTM_DRV_Reset
 .text.FTM_DRV_SetChnTriggerCmd
                0x00027ccc       0x32 ./SDK/platform/drivers/src/ftm/ftm_hw_access.o
                0x00027ccc                FTM_DRV_SetChnTriggerCmd
 *fill*         0x00027cfe        0x2 
 .text.FTM_DRV_UpdatePwmChannel
                0x00027d00      0x104 ./SDK/platform/drivers/src/ftm/ftm_pwm_driver.o
                0x00027d00                FTM_DRV_UpdatePwmChannel
 .text.FTM_DRV_InitPwm
                0x00027e04      0x638 ./SDK/platform/drivers/src/ftm/ftm_pwm_driver.o
                0x00027e04                FTM_DRV_InitPwm
 .text.INT_SYS_InstallHandler
                0x0002843c       0x30 ./SDK/platform/drivers/src/interrupt/interrupt_manager.o
                0x0002843c                INT_SYS_InstallHandler
 .text.INT_SYS_EnableIRQ
                0x0002846c       0x18 ./SDK/platform/drivers/src/interrupt/interrupt_manager.o
                0x0002846c                INT_SYS_EnableIRQ
 .text.INT_SYS_DisableIRQ
                0x00028484       0x1c ./SDK/platform/drivers/src/interrupt/interrupt_manager.o
                0x00028484                INT_SYS_DisableIRQ
 .text.INT_SYS_EnableIRQGlobal
                0x000284a0       0x1c ./SDK/platform/drivers/src/interrupt/interrupt_manager.o
                0x000284a0                INT_SYS_EnableIRQGlobal
 .text.INT_SYS_DisableIRQGlobal
                0x000284bc       0x10 ./SDK/platform/drivers/src/interrupt/interrupt_manager.o
                0x000284bc                INT_SYS_DisableIRQGlobal
 .text.INT_SYS_SetPriority
                0x000284cc       0x58 ./SDK/platform/drivers/src/interrupt/interrupt_manager.o
                0x000284cc                INT_SYS_SetPriority
 .text.LPI2C_DRV_MasterSendAddress
                0x00028524       0xe6 ./SDK/platform/drivers/src/lpi2c/lpi2c_driver.o
 .text.LPI2C_DRV_MasterQueueData
                0x0002860a       0x4c ./SDK/platform/drivers/src/lpi2c/lpi2c_driver.o
 .text.LPI2C_DRV_SlaveEndTransfer
                0x00028656       0x50 ./SDK/platform/drivers/src/lpi2c/lpi2c_driver.o
 .text.LPI2C_DRV_MasterEndTransfer
                0x000286a6       0x68 ./SDK/platform/drivers/src/lpi2c/lpi2c_driver.o
 *fill*         0x0002870e        0x2 
 .text.LPI2C_DRV_MasterCompleteDMATransfer
                0x00028710       0x90 ./SDK/platform/drivers/src/lpi2c/lpi2c_driver.o
 .text.LPI2C_DRV_SlaveEndTransferHandler
                0x000287a0       0x40 ./SDK/platform/drivers/src/lpi2c/lpi2c_driver.o
 .text.LPI2C_DRV_ConfigureDmaTransfer
                0x000287e0       0x68 ./SDK/platform/drivers/src/lpi2c/lpi2c_driver.o
 .text.LPI2C_DRV_MasterStartDmaTransfer
                0x00028848      0x108 ./SDK/platform/drivers/src/lpi2c/lpi2c_driver.o
 .text.LPI2C_DRV_SlaveStartDmaTransfer
                0x00028950       0xa0 ./SDK/platform/drivers/src/lpi2c/lpi2c_driver.o
 .text.LPI2C_DRV_MasterSetBaudRate
                0x000289f0      0x140 ./SDK/platform/drivers/src/lpi2c/lpi2c_driver.o
                0x000289f0                LPI2C_DRV_MasterSetBaudRate
 .text.LPI2C_DRV_MasterInit
                0x00028b30       0xbc ./SDK/platform/drivers/src/lpi2c/lpi2c_driver.o
                0x00028b30                LPI2C_DRV_MasterInit
 .text.LPI2C_DRV_MasterReinit
                0x00028bec       0x60 ./SDK/platform/drivers/src/lpi2c/lpi2c_driver.o
 .text.LPI2C_DRV_MasterSendData
                0x00028c4c       0x74 ./SDK/platform/drivers/src/lpi2c/lpi2c_driver.o
                0x00028c4c                LPI2C_DRV_MasterSendData
 .text.LPI2C_DRV_MasterReceiveData
                0x00028cc0       0xcc ./SDK/platform/drivers/src/lpi2c/lpi2c_driver.o
                0x00028cc0                LPI2C_DRV_MasterReceiveData
 .text.LPI2C_DRV_MasterIRQHandler
                0x00028d8c      0x234 ./SDK/platform/drivers/src/lpi2c/lpi2c_driver.o
                0x00028d8c                LPI2C_DRV_MasterIRQHandler
 .text.LPI2C_DRV_SlaveIRQHandler
                0x00028fc0      0x1c4 ./SDK/platform/drivers/src/lpi2c/lpi2c_driver.o
                0x00028fc0                LPI2C_DRV_SlaveIRQHandler
 .text.LPI2C_Init
                0x00029184       0x1e ./SDK/platform/drivers/src/lpi2c/lpi2c_hw_access.o
                0x00029184                LPI2C_Init
 .text.LPI2C0_Master_IRQHandler
                0x000291a2        0xa ./SDK/platform/drivers/src/lpi2c/lpi2c_irq.o
                0x000291a2                LPI2C0_Master_IRQHandler
 .text.LPI2C0_Slave_IRQHandler
                0x000291ac        0xa ./SDK/platform/drivers/src/lpi2c/lpi2c_irq.o
                0x000291ac                LPI2C0_Slave_IRQHandler
 .text.LPI2C1_Master_IRQHandler
                0x000291b6        0xa ./SDK/platform/drivers/src/lpi2c/lpi2c_irq.o
                0x000291b6                LPI2C1_Master_IRQHandler
 .text.LPI2C1_Slave_IRQHandler
                0x000291c0        0xa ./SDK/platform/drivers/src/lpi2c/lpi2c_irq.o
                0x000291c0                LPI2C1_Slave_IRQHandler
 .text.LPSPI_Init
                0x000291ca        0xa ./SDK/platform/drivers/src/lpspi/lpspi_hw_access.o
                0x000291ca                LPSPI_Init
 .text.LPSPI_Disable
                0x000291d4       0x18 ./SDK/platform/drivers/src/lpspi/lpspi_hw_access.o
                0x000291d4                LPSPI_Disable
 .text.LPSPI_SetMasterSlaveMode
                0x000291ec        0xe ./SDK/platform/drivers/src/lpspi/lpspi_hw_access.o
                0x000291ec                LPSPI_SetMasterSlaveMode
 .text.LPSPI_SetFlushFifoCmd
                0x000291fa        0xe ./SDK/platform/drivers/src/lpspi/lpspi_hw_access.o
                0x000291fa                LPSPI_SetFlushFifoCmd
 .text.LPSPI_ClearStatusFlag
                0x00029208       0x20 ./SDK/platform/drivers/src/lpspi/lpspi_hw_access.o
                0x00029208                LPSPI_ClearStatusFlag
 .text.LPSPI_SetPcsPolarityMode
                0x00029228       0x1c ./SDK/platform/drivers/src/lpspi/lpspi_hw_access.o
                0x00029228                LPSPI_SetPcsPolarityMode
 .text.LPSPI_SetPinConfigMode
                0x00029244       0x22 ./SDK/platform/drivers/src/lpspi/lpspi_hw_access.o
                0x00029244                LPSPI_SetPinConfigMode
 .text.LPSPI_SetBaudRateDivisor
                0x00029266       0x10 ./SDK/platform/drivers/src/lpspi/lpspi_hw_access.o
                0x00029266                LPSPI_SetBaudRateDivisor
 *fill*         0x00029276        0x2 
 .text.LPSPI_SetBaudRate
                0x00029278      0x108 ./SDK/platform/drivers/src/lpspi/lpspi_hw_access.o
                0x00029278                LPSPI_SetBaudRate
 .text.LPSPI_SetTxCommandReg
                0x00029380       0x4a ./SDK/platform/drivers/src/lpspi/lpspi_hw_access.o
                0x00029380                LPSPI_SetTxCommandReg
 .text.LPSPI_SetPcs
                0x000293ca        0xe ./SDK/platform/drivers/src/lpspi/lpspi_hw_access.o
                0x000293ca                LPSPI_SetPcs
 .text.LPSPI0_IRQHandler
                0x000293d8        0xa ./SDK/platform/drivers/src/lpspi/lpspi_irq.o
                0x000293d8                LPSPI0_IRQHandler
 .text.LPSPI1_IRQHandler
                0x000293e2        0xa ./SDK/platform/drivers/src/lpspi/lpspi_irq.o
                0x000293e2                LPSPI1_IRQHandler
 .text.LPSPI2_IRQHandler
                0x000293ec        0xa ./SDK/platform/drivers/src/lpspi/lpspi_irq.o
                0x000293ec                LPSPI2_IRQHandler
 *fill*         0x000293f6        0x2 
 .text.LPSPI_DRV_MasterStartTransfer
                0x000293f8      0x1f4 ./SDK/platform/drivers/src/lpspi/lpspi_master_driver.o
 .text.LPSPI_DRV_MasterCompleteTransfer
                0x000295ec       0x78 ./SDK/platform/drivers/src/lpspi/lpspi_master_driver.o
 .text.LPSPI_DRV_MasterConfigureBus
                0x00029664      0x114 ./SDK/platform/drivers/src/lpspi/lpspi_master_driver.o
                0x00029664                LPSPI_DRV_MasterConfigureBus
 .text.LPSPI_DRV_MasterInit
                0x00029778       0x80 ./SDK/platform/drivers/src/lpspi/lpspi_master_driver.o
                0x00029778                LPSPI_DRV_MasterInit
 .text.LPSPI_DRV_MasterTransfer
                0x000297f8        0xe ./SDK/platform/drivers/src/lpspi/lpspi_master_driver.o
                0x000297f8                LPSPI_DRV_MasterTransfer
 *fill*         0x00029806        0x2 
 .text.LPSPI_DRV_MasterAbortTransfer
                0x00029808       0x28 ./SDK/platform/drivers/src/lpspi/lpspi_master_driver.o
                0x00029808                LPSPI_DRV_MasterAbortTransfer
 .text.LPSPI_DRV_MasterCompleteDMATransfer
                0x00029830       0x44 ./SDK/platform/drivers/src/lpspi/lpspi_master_driver.o
 .text.LPSPI_DRV_MasterCompleteRX
                0x00029874       0x20 ./SDK/platform/drivers/src/lpspi/lpspi_master_driver.o
 .text.LPSPI_DRV_SetPcs
                0x00029894       0x44 ./SDK/platform/drivers/src/lpspi/lpspi_master_driver.o
                0x00029894                LPSPI_DRV_SetPcs
 .text.LPSPI_DRV_MasterIRQHandler
                0x000298d8       0xb4 ./SDK/platform/drivers/src/lpspi/lpspi_master_driver.o
                0x000298d8                LPSPI_DRV_MasterIRQHandler
 .text.LPSPI_DRV_IRQHandler
                0x0002998c       0x28 ./SDK/platform/drivers/src/lpspi/lpspi_shared_function.o
                0x0002998c                LPSPI_DRV_IRQHandler
 .text.LPSPI_DRV_FillupTxBuffer
                0x000299b4       0xb4 ./SDK/platform/drivers/src/lpspi/lpspi_shared_function.o
                0x000299b4                LPSPI_DRV_FillupTxBuffer
 .text.LPSPI_DRV_ReadRXBuffer
                0x00029a68       0x8c ./SDK/platform/drivers/src/lpspi/lpspi_shared_function.o
                0x00029a68                LPSPI_DRV_ReadRXBuffer
 .text.LPSPI_DRV_DisableTEIEInterrupts
                0x00029af4       0x30 ./SDK/platform/drivers/src/lpspi/lpspi_shared_function.o
                0x00029af4                LPSPI_DRV_DisableTEIEInterrupts
 .text.LPSPI_DRV_SlaveAbortTransfer
                0x00029b24       0x74 ./SDK/platform/drivers/src/lpspi/lpspi_slave_driver.o
                0x00029b24                LPSPI_DRV_SlaveAbortTransfer
 .text.LPSPI_DRV_SlaveIRQHandler
                0x00029b98       0xd4 ./SDK/platform/drivers/src/lpspi/lpspi_slave_driver.o
                0x00029b98                LPSPI_DRV_SlaveIRQHandler
 .text.LPUART_DRV_CompleteSendDataUsingInt
                0x00029c6c       0x64 ./SDK/platform/drivers/src/lpuart/lpuart_driver.o
 .text.LPUART_DRV_StopTxDma
                0x00029cd0       0x64 ./SDK/platform/drivers/src/lpuart/lpuart_driver.o
 .text.LPUART_DRV_PutData
                0x00029d34       0x44 ./SDK/platform/drivers/src/lpuart/lpuart_driver.o
 .text.LPUART_DRV_StartReceiveDataUsingInt
                0x00029d78       0x54 ./SDK/platform/drivers/src/lpuart/lpuart_driver.o
 .text.LPUART_DRV_StartReceiveDataUsingDma
                0x00029dcc       0x9c ./SDK/platform/drivers/src/lpuart/lpuart_driver.o
 .text.LPUART_DRV_CompleteReceiveDataUsingInt
                0x00029e68       0x64 ./SDK/platform/drivers/src/lpuart/lpuart_driver.o
 .text.LPUART_DRV_StopRxDma
                0x00029ecc       0x64 ./SDK/platform/drivers/src/lpuart/lpuart_driver.o
 .text.LPUART_DRV_RxDmaCallback
                0x00029f30       0xa4 ./SDK/platform/drivers/src/lpuart/lpuart_driver.o
 .text.LPUART_DRV_GetData
                0x00029fd4       0x5c ./SDK/platform/drivers/src/lpuart/lpuart_driver.o
 .text.LPUART_DRV_InstallRxCallback
                0x0002a030       0x14 ./SDK/platform/drivers/src/lpuart/lpuart_driver.o
                0x0002a030                LPUART_DRV_InstallRxCallback
 .text.LPUART_DRV_InstallTxCallback
                0x0002a044       0x14 ./SDK/platform/drivers/src/lpuart/lpuart_driver.o
                0x0002a044                LPUART_DRV_InstallTxCallback
 .text.LPUART_DRV_ReceiveData
                0x0002a058       0x24 ./SDK/platform/drivers/src/lpuart/lpuart_driver.o
                0x0002a058                LPUART_DRV_ReceiveData
 .text.LPUART_DRV_GetReceiveStatus
                0x0002a07c       0x38 ./SDK/platform/drivers/src/lpuart/lpuart_driver.o
                0x0002a07c                LPUART_DRV_GetReceiveStatus
 .text.LPUART_DRV_SetBaudRate
                0x0002a0b4       0xd4 ./SDK/platform/drivers/src/lpuart/lpuart_driver.o
                0x0002a0b4                LPUART_DRV_SetBaudRate
 .text.LPUART_DRV_Init
                0x0002a188       0xe0 ./SDK/platform/drivers/src/lpuart/lpuart_driver.o
                0x0002a188                LPUART_DRV_Init
 .text.LPUART_DRV_SetRxBuffer
                0x0002a268       0x14 ./SDK/platform/drivers/src/lpuart/lpuart_driver.o
                0x0002a268                LPUART_DRV_SetRxBuffer
 .text.LPUART_DRV_IRQHandler
                0x0002a27c      0x2a8 ./SDK/platform/drivers/src/lpuart/lpuart_driver.o
                0x0002a27c                LPUART_DRV_IRQHandler
 .text.LPUART_Init
                0x0002a524       0x24 ./SDK/platform/drivers/src/lpuart/lpuart_hw_access.o
                0x0002a524                LPUART_Init
 .text.LPUART_SetBitCountPerChar
                0x0002a548       0x30 ./SDK/platform/drivers/src/lpuart/lpuart_hw_access.o
                0x0002a548                LPUART_SetBitCountPerChar
 .text.LPUART_SetParityMode
                0x0002a578       0x1e ./SDK/platform/drivers/src/lpuart/lpuart_hw_access.o
                0x0002a578                LPUART_SetParityMode
 .text.LPUART_Putchar9
                0x0002a596       0x16 ./SDK/platform/drivers/src/lpuart/lpuart_hw_access.o
                0x0002a596                LPUART_Putchar9
 .text.LPUART_Putchar10
                0x0002a5ac       0x22 ./SDK/platform/drivers/src/lpuart/lpuart_hw_access.o
                0x0002a5ac                LPUART_Putchar10
 .text.LPUART_Getchar9
                0x0002a5ce       0x12 ./SDK/platform/drivers/src/lpuart/lpuart_hw_access.o
                0x0002a5ce                LPUART_Getchar9
 .text.LPUART_Getchar10
                0x0002a5e0       0x1e ./SDK/platform/drivers/src/lpuart/lpuart_hw_access.o
                0x0002a5e0                LPUART_Getchar10
 .text.LPUART_SetIntMode
                0x0002a5fe       0x70 ./SDK/platform/drivers/src/lpuart/lpuart_hw_access.o
                0x0002a5fe                LPUART_SetIntMode
 .text.LPUART_GetIntMode
                0x0002a66e       0x4a ./SDK/platform/drivers/src/lpuart/lpuart_hw_access.o
                0x0002a66e                LPUART_GetIntMode
 .text.LPUART_GetStatusFlag
                0x0002a6b8       0x48 ./SDK/platform/drivers/src/lpuart/lpuart_hw_access.o
                0x0002a6b8                LPUART_GetStatusFlag
 .text.LPUART_SetErrorInterrupts
                0x0002a700       0x40 ./SDK/platform/drivers/src/lpuart/lpuart_hw_access.o
                0x0002a700                LPUART_SetErrorInterrupts
 .text.LPUART0_IrqHandler
                0x0002a740        0xa ./SDK/platform/drivers/src/lpuart/lpuart_irq.o
                0x0002a740                LPUART0_IrqHandler
 .text.LPUART1_IrqHandler
                0x0002a74a        0xa ./SDK/platform/drivers/src/lpuart/lpuart_irq.o
                0x0002a74a                LPUART1_IrqHandler
 .text.LPUART2_IrqHandler
                0x0002a754        0xa ./SDK/platform/drivers/src/lpuart/lpuart_irq.o
                0x0002a754                LPUART2_IrqHandler
 *fill*         0x0002a75e        0x2 
 .text.PDB_DRV_Init
                0x0002a760       0x70 ./SDK/platform/drivers/src/pdb/pdb_driver.o
                0x0002a760                PDB_DRV_Init
 .text.PDB_DRV_Enable
                0x0002a7d0       0x14 ./SDK/platform/drivers/src/pdb/pdb_driver.o
                0x0002a7d0                PDB_DRV_Enable
 .text.PDB_DRV_SoftTriggerCmd
                0x0002a7e4       0x14 ./SDK/platform/drivers/src/pdb/pdb_driver.o
                0x0002a7e4                PDB_DRV_SoftTriggerCmd
 .text.PDB_DRV_LoadValuesCmd
                0x0002a7f8       0x14 ./SDK/platform/drivers/src/pdb/pdb_driver.o
                0x0002a7f8                PDB_DRV_LoadValuesCmd
 .text.PDB_DRV_ConfigAdcPreTrigger
                0x0002a80c       0x44 ./SDK/platform/drivers/src/pdb/pdb_driver.o
                0x0002a80c                PDB_DRV_ConfigAdcPreTrigger
 .text.PDB_DRV_SetAdcPreTriggerDelayValue
                0x0002a850       0x24 ./SDK/platform/drivers/src/pdb/pdb_driver.o
                0x0002a850                PDB_DRV_SetAdcPreTriggerDelayValue
 .text.PDB_Init
                0x0002a874       0x5e ./SDK/platform/drivers/src/pdb/pdb_hw_access.o
                0x0002a874                PDB_Init
 *fill*         0x0002a8d2        0x2 
 .text.PDB_ConfigTimer
                0x0002a8d4       0x5c ./SDK/platform/drivers/src/pdb/pdb_hw_access.o
                0x0002a8d4                PDB_ConfigTimer
 .text.PDB_SetAdcPreTriggerBackToBackEnable
                0x0002a930       0x32 ./SDK/platform/drivers/src/pdb/pdb_hw_access.o
                0x0002a930                PDB_SetAdcPreTriggerBackToBackEnable
 .text.PDB_SetAdcPreTriggerOutputEnable
                0x0002a962       0x2e ./SDK/platform/drivers/src/pdb/pdb_hw_access.o
                0x0002a962                PDB_SetAdcPreTriggerOutputEnable
 .text.PDB_SetAdcPreTriggerEnable
                0x0002a990       0x2a ./SDK/platform/drivers/src/pdb/pdb_hw_access.o
                0x0002a990                PDB_SetAdcPreTriggerEnable
 .text.PINS_DRV_Init
                0x0002a9ba       0x20 ./SDK/platform/drivers/src/pins/pins_driver.o
                0x0002a9ba                PINS_DRV_Init
 .text.PINS_DRV_SetPinDirection
                0x0002a9da       0x18 ./SDK/platform/drivers/src/pins/pins_driver.o
                0x0002a9da                PINS_DRV_SetPinDirection
 .text.PINS_DRV_WritePin
                0x0002a9f2       0x18 ./SDK/platform/drivers/src/pins/pins_driver.o
                0x0002a9f2                PINS_DRV_WritePin
 .text.PINS_DRV_SetPins
                0x0002aa0a        0x4 ./SDK/platform/drivers/src/pins/pins_driver.o
                0x0002aa0a                PINS_DRV_SetPins
 .text.PINS_DRV_ClearPins
                0x0002aa0e        0x4 ./SDK/platform/drivers/src/pins/pins_driver.o
                0x0002aa0e                PINS_DRV_ClearPins
 .text.PINS_DRV_TogglePins
                0x0002aa12        0x4 ./SDK/platform/drivers/src/pins/pins_driver.o
                0x0002aa12                PINS_DRV_TogglePins
 .text.PINS_DRV_ReadPins
                0x0002aa16        0x4 ./SDK/platform/drivers/src/pins/pins_driver.o
                0x0002aa16                PINS_DRV_ReadPins
 *fill*         0x0002aa1a        0x2 
 .text.PINS_GetAdcInterleaveVal
                0x0002aa1c       0x70 ./SDK/platform/drivers/src/pins/pins_port_hw_access.o
 .text.PINS_Init
                0x0002aa8c      0x114 ./SDK/platform/drivers/src/pins/pins_port_hw_access.o
                0x0002aa8c                PINS_Init
 .text.TRGMUX_DRV_SetTrigSourceForTargetModule
                0x0002aba0       0x28 ./SDK/platform/drivers/src/trgmux/trgmux_driver.o
                0x0002aba0                TRGMUX_DRV_SetTrigSourceForTargetModule
 .text.TRGMUX_SetTrigSourceForTargetModule
                0x0002abc8       0x26 ./SDK/platform/drivers/src/trgmux/trgmux_hw_access.o
                0x0002abc8                TRGMUX_SetTrigSourceForTargetModule
 .text.TRGMUX_GetLockForTargetModule
                0x0002abee        0xa ./SDK/platform/drivers/src/trgmux/trgmux_hw_access.o
                0x0002abee                TRGMUX_GetLockForTargetModule
 .text.ADC0_IRQHandler
                0x0002abf8        0xa ./SDK/platform/pal/src/adc/adc_irq.o
                0x0002abf8                ADC0_IRQHandler
 .text.ADC1_IRQHandler
                0x0002ac02        0xa ./SDK/platform/pal/src/adc/adc_irq.o
                0x0002ac02                ADC1_IRQHandler
 .text.ADC_PalStateUpdateStart
                0x0002ac0c       0x64 ./SDK/platform/pal/src/adc/adc_pal.o
 .text.ADC_ConfigGroup
                0x0002ac70      0x1a0 ./SDK/platform/pal/src/adc/adc_pal.o
 .text.ADC_Init
                0x0002ae10       0x9c ./SDK/platform/pal/src/adc/adc_pal.o
                0x0002ae10                ADC_Init
 .text.ADC_StartGroupConversion
                0x0002aeac       0x50 ./SDK/platform/pal/src/adc/adc_pal.o
                0x0002aeac                ADC_StartGroupConversion
 .text.ADC_S32K1xx_IrqHandler
                0x0002aefc       0xd0 ./SDK/platform/pal/src/adc/adc_pal.o
                0x0002aefc                ADC_S32K1xx_IrqHandler
 .text.CAN_FindFlexCANState
                0x0002afcc       0x30 ./SDK/platform/pal/src/can/can_pal.o
 .text.CAN_InternalCallback
                0x0002affc       0x6c ./SDK/platform/pal/src/can/can_pal.o
 .text.CAN_Init
                0x0002b068      0x130 ./SDK/platform/pal/src/can/can_pal.o
                0x0002b068                CAN_Init
 .text.CAN_ConfigTxBuff
                0x0002b198       0x74 ./SDK/platform/pal/src/can/can_pal.o
                0x0002b198                CAN_ConfigTxBuff
 .text.CAN_ConfigRxBuff
                0x0002b20c       0x7c ./SDK/platform/pal/src/can/can_pal.o
                0x0002b20c                CAN_ConfigRxBuff
 .text.CAN_Send
                0x0002b288       0x7c ./SDK/platform/pal/src/can/can_pal.o
                0x0002b288                CAN_Send
 .text.CAN_Receive
                0x0002b304       0x48 ./SDK/platform/pal/src/can/can_pal.o
                0x0002b304                CAN_Receive
 .text.CAN_AbortTransfer
                0x0002b34c       0x38 ./SDK/platform/pal/src/can/can_pal.o
                0x0002b34c                CAN_AbortTransfer
 .text.CAN_SetRxFilter
                0x0002b384       0x28 ./SDK/platform/pal/src/can/can_pal.o
                0x0002b384                CAN_SetRxFilter
 .text.CAN_GetTransferStatus
                0x0002b3ac       0x3c ./SDK/platform/pal/src/can/can_pal.o
                0x0002b3ac                CAN_GetTransferStatus
 .text.CAN_InstallEventCallback
                0x0002b3e8       0x40 ./SDK/platform/pal/src/can/can_pal.o
                0x0002b3e8                CAN_InstallEventCallback
 .text.I2C_MasterInit
                0x0002b428       0xa8 ./SDK/platform/pal/src/i2c/i2c_pal.o
                0x0002b428                I2C_MasterInit
 .text.I2C_MasterSendData
                0x0002b4d0       0x12 ./SDK/platform/pal/src/i2c/i2c_pal.o
                0x0002b4d0                I2C_MasterSendData
 .text.I2C_MasterReceiveData
                0x0002b4e2       0x12 ./SDK/platform/pal/src/i2c/i2c_pal.o
                0x0002b4e2                I2C_MasterReceiveData
 .text.PWM_Init
                0x0002b4f4      0x27c ./SDK/platform/pal/src/pwm/pwm_pal.o
                0x0002b4f4                PWM_Init
 .text.FindLpspiState
                0x0002b770       0x38 ./SDK/platform/pal/src/spi/spi_pal.o
 .text.SmallestPowerOfTwo
                0x0002b7a8       0x1c ./SDK/platform/pal/src/spi/spi_pal.o
 .text.SPI_MasterInit
                0x0002b7c4       0xe8 ./SDK/platform/pal/src/spi/spi_pal.o
                0x0002b7c4                SPI_MasterInit
 .text.SPI_MasterTransfer
                0x0002b8ac       0x44 ./SDK/platform/pal/src/spi/spi_pal.o
                0x0002b8ac                SPI_MasterTransfer
 .text.SPI_SetSS
                0x0002b8f0       0x14 ./SDK/platform/pal/src/spi/spi_pal.o
                0x0002b8f0                SPI_SetSS
 .text.UART_Init
                0x0002b904       0xd8 ./SDK/platform/pal/src/uart/uart_pal.o
                0x0002b904                UART_Init
 .text.UART_ReceiveData
                0x0002b9dc       0x12 ./SDK/platform/pal/src/uart/uart_pal.o
                0x0002b9dc                UART_ReceiveData
 .text.UART_GetReceiveStatus
                0x0002b9ee       0x12 ./SDK/platform/pal/src/uart/uart_pal.o
                0x0002b9ee                UART_GetReceiveStatus
 .text.UART_SetRxBuffer
                0x0002ba00       0x12 ./SDK/platform/pal/src/uart/uart_pal.o
                0x0002ba00                UART_SetRxBuffer
 .text.xEventGroupCreate
                0x0002ba12       0x1a ./SDK/rtos/FreeRTOS_S32K/Source/event_groups.o
                0x0002ba12                xEventGroupCreate
 .text.vListInitialise
                0x0002ba2c       0x16 ./SDK/rtos/FreeRTOS_S32K/Source/list.o
                0x0002ba2c                vListInitialise
 .text.vListInitialiseItem
                0x0002ba42        0x6 ./SDK/rtos/FreeRTOS_S32K/Source/list.o
                0x0002ba42                vListInitialiseItem
 .text.vListInsertEnd
                0x0002ba48       0x18 ./SDK/rtos/FreeRTOS_S32K/Source/list.o
                0x0002ba48                vListInsertEnd
 .text.vListInsert
                0x0002ba60       0x34 ./SDK/rtos/FreeRTOS_S32K/Source/list.o
                0x0002ba60                vListInsert
 .text.uxListRemove
                0x0002ba94       0x26 ./SDK/rtos/FreeRTOS_S32K/Source/list.o
                0x0002ba94                uxListRemove
 .text.prvIsQueueEmpty
                0x0002baba       0x16 ./SDK/rtos/FreeRTOS_S32K/Source/queue.o
 .text.prvCopyDataToQueue
                0x0002bad0       0x76 ./SDK/rtos/FreeRTOS_S32K/Source/queue.o
 .text.prvCopyDataFromQueue
                0x0002bb46       0x24 ./SDK/rtos/FreeRTOS_S32K/Source/queue.o
 .text.prvUnlockQueue
                0x0002bb6a       0x82 ./SDK/rtos/FreeRTOS_S32K/Source/queue.o
 .text.xQueueGenericReset
                0x0002bbec       0x70 ./SDK/rtos/FreeRTOS_S32K/Source/queue.o
                0x0002bbec                xQueueGenericReset
 .text.xQueueGenericCreate
                0x0002bc5c       0x36 ./SDK/rtos/FreeRTOS_S32K/Source/queue.o
                0x0002bc5c                xQueueGenericCreate
 .text.xQueueCreateCountingSemaphore
                0x0002bc92       0x16 ./SDK/rtos/FreeRTOS_S32K/Source/queue.o
                0x0002bc92                xQueueCreateCountingSemaphore
 .text.xQueueGenericSend
                0x0002bca8      0x124 ./SDK/rtos/FreeRTOS_S32K/Source/queue.o
                0x0002bca8                xQueueGenericSend
 .text.xQueueGenericSendFromISR
                0x0002bdcc       0x84 ./SDK/rtos/FreeRTOS_S32K/Source/queue.o
                0x0002bdcc                xQueueGenericSendFromISR
 .text.xQueueGiveFromISR
                0x0002be50       0x6c ./SDK/rtos/FreeRTOS_S32K/Source/queue.o
                0x0002be50                xQueueGiveFromISR
 .text.xQueueReceive
                0x0002bebc      0x110 ./SDK/rtos/FreeRTOS_S32K/Source/queue.o
                0x0002bebc                xQueueReceive
 .text.uxQueueSpacesAvailable
                0x0002bfcc       0x16 ./SDK/rtos/FreeRTOS_S32K/Source/queue.o
                0x0002bfcc                uxQueueSpacesAvailable
 *fill*         0x0002bfe2        0x2 
 .text.vQueueAddToRegistry
                0x0002bfe4       0x34 ./SDK/rtos/FreeRTOS_S32K/Source/queue.o
                0x0002bfe4                vQueueAddToRegistry
 .text.vQueueUnregisterQueue
                0x0002c018       0x34 ./SDK/rtos/FreeRTOS_S32K/Source/queue.o
                0x0002c018                vQueueUnregisterQueue
 .text.vQueueDelete
                0x0002c04c       0x10 ./SDK/rtos/FreeRTOS_S32K/Source/queue.o
                0x0002c04c                vQueueDelete
 .text.vQueueWaitForMessageRestricted
                0x0002c05c       0x4e ./SDK/rtos/FreeRTOS_S32K/Source/queue.o
                0x0002c05c                vQueueWaitForMessageRestricted
 *fill*         0x0002c0aa        0x2 
 .text.prvResetNextTaskUnblockTime
                0x0002c0ac       0x2c ./SDK/rtos/FreeRTOS_S32K/Source/tasks.o
 .text.prvIdleTask
                0x0002c0d8       0x70 ./SDK/rtos/FreeRTOS_S32K/Source/tasks.o
 .text.prvAddCurrentTaskToDelayedList
                0x0002c148       0xa0 ./SDK/rtos/FreeRTOS_S32K/Source/tasks.o
 .text.xTaskCreate
                0x0002c1e8      0x1d4 ./SDK/rtos/FreeRTOS_S32K/Source/tasks.o
                0x0002c1e8                xTaskCreate
 .text.vTaskDelete
                0x0002c3bc       0xcc ./SDK/rtos/FreeRTOS_S32K/Source/tasks.o
                0x0002c3bc                vTaskDelete
 .text.vTaskStartScheduler
                0x0002c488       0x6c ./SDK/rtos/FreeRTOS_S32K/Source/tasks.o
                0x0002c488                vTaskStartScheduler
 .text.vTaskSuspendAll
                0x0002c4f4       0x10 ./SDK/rtos/FreeRTOS_S32K/Source/tasks.o
                0x0002c4f4                vTaskSuspendAll
 .text.xTaskGetTickCount
                0x0002c504        0xc ./SDK/rtos/FreeRTOS_S32K/Source/tasks.o
                0x0002c504                xTaskGetTickCount
 .text.xTaskIncrementTick
                0x0002c510      0x118 ./SDK/rtos/FreeRTOS_S32K/Source/tasks.o
                0x0002c510                xTaskIncrementTick
 .text.xTaskResumeAll
                0x0002c628       0xe8 ./SDK/rtos/FreeRTOS_S32K/Source/tasks.o
                0x0002c628                xTaskResumeAll
 .text.vTaskDelayUntil
                0x0002c710       0x5c ./SDK/rtos/FreeRTOS_S32K/Source/tasks.o
                0x0002c710                vTaskDelayUntil
 .text.vTaskDelay
                0x0002c76c       0x34 ./SDK/rtos/FreeRTOS_S32K/Source/tasks.o
                0x0002c76c                vTaskDelay
 .text.vTaskSwitchContext
                0x0002c7a0       0x9c ./SDK/rtos/FreeRTOS_S32K/Source/tasks.o
                0x0002c7a0                vTaskSwitchContext
 .text.vTaskPlaceOnEventList
                0x0002c83c       0x1c ./SDK/rtos/FreeRTOS_S32K/Source/tasks.o
                0x0002c83c                vTaskPlaceOnEventList
 .text.vTaskPlaceOnEventListRestricted
                0x0002c858       0x28 ./SDK/rtos/FreeRTOS_S32K/Source/tasks.o
                0x0002c858                vTaskPlaceOnEventListRestricted
 .text.xTaskRemoveFromEventList
                0x0002c880       0x74 ./SDK/rtos/FreeRTOS_S32K/Source/tasks.o
                0x0002c880                xTaskRemoveFromEventList
 .text.vTaskInternalSetTimeOutState
                0x0002c8f4       0x18 ./SDK/rtos/FreeRTOS_S32K/Source/tasks.o
                0x0002c8f4                vTaskInternalSetTimeOutState
 .text.xTaskCheckForTimeOut
                0x0002c90c       0x74 ./SDK/rtos/FreeRTOS_S32K/Source/tasks.o
                0x0002c90c                xTaskCheckForTimeOut
 .text.vTaskMissedYield
                0x0002c980        0xc ./SDK/rtos/FreeRTOS_S32K/Source/tasks.o
                0x0002c980                vTaskMissedYield
 .text.xTaskGetSchedulerState
                0x0002c98c       0x20 ./SDK/rtos/FreeRTOS_S32K/Source/tasks.o
                0x0002c98c                xTaskGetSchedulerState
 .text.xTaskPriorityDisinherit
                0x0002c9ac       0x80 ./SDK/rtos/FreeRTOS_S32K/Source/tasks.o
                0x0002c9ac                xTaskPriorityDisinherit
 .text.prvInsertTimerInActiveList
                0x0002ca2c       0x48 ./SDK/rtos/FreeRTOS_S32K/Source/timers.o
 .text.prvCheckForValidListAndQueue
                0x0002ca74       0x5c ./SDK/rtos/FreeRTOS_S32K/Source/timers.o
 .text.xTimerCreateTimerTask
                0x0002cad0       0x3c ./SDK/rtos/FreeRTOS_S32K/Source/timers.o
                0x0002cad0                xTimerCreateTimerTask
 .text.xTimerGenericCommand
                0x0002cb0c       0x4c ./SDK/rtos/FreeRTOS_S32K/Source/timers.o
                0x0002cb0c                xTimerGenericCommand
 .text.prvSampleTimeNow
                0x0002cb58       0x94 ./SDK/rtos/FreeRTOS_S32K/Source/timers.o
 .text.prvTimerTask
                0x0002cbec      0x18c ./SDK/rtos/FreeRTOS_S32K/Source/timers.o
 .text.prvTaskExitError
                0x0002cd78       0x20 ./SDK/rtos/FreeRTOS_S32K/Source/portable/GCC/ARM_CM4F/port.o
 .text.prvPortStartFirstTask